Component: ARM Compiler 5.06 update 1 (build 61) Tool: armlink [4d35a8]

==============================================================================

Section Cross References

    main.o(i.RF_RecvHandler) refers to _printf_percent.o(.ARM.Collect$$_printf_percent$$00000000) for _printf_percent
    main.o(i.RF_RecvHandler) refers to _printf_d.o(.ARM.Collect$$_printf_percent$$00000009) for _printf_d
    main.o(i.RF_RecvHandler) refers to _printf_dec.o(.text) for _printf_int_dec
    main.o(i.RF_RecvHandler) refers to _printf_s.o(.ARM.Collect$$_printf_percent$$00000014) for _printf_s
    main.o(i.RF_RecvHandler) refers to _printf_str.o(.text) for _printf_str
    main.o(i.RF_RecvHandler) refers to malloc.o(i.mymalloc) for mymalloc
    main.o(i.RF_RecvHandler) refers to cc1101.o(i.CC1101SetTRMode) for CC1101SetTRMode
    main.o(i.RF_RecvHandler) refers to delay.o(i.delay_ms) for delay_ms
    main.o(i.RF_RecvHandler) refers to __2printf.o(.text) for __2printf
    main.o(i.RF_RecvHandler) refers to stm32f10x_gpio.o(i.GPIO_ReadInputDataBit) for GPIO_ReadInputDataBit
    main.o(i.RF_RecvHandler) refers to cc1101.o(i.TIM3_Set) for TIM3_Set
    main.o(i.RF_RecvHandler) refers to cc1101.o(i.CC1101RecPacket) for CC1101RecPacket
    main.o(i.RF_RecvHandler) refers to strlen.o(.text) for strlen
    main.o(i.RF_RecvHandler) refers to cc1101.o(i.CC1101Init) for CC1101Init
    main.o(i.RF_RecvHandler) refers to malloc.o(i.myfree) for myfree
    main.o(i.RF_RecvHandler) refers to cc1101.o(i.Get_1101RSSI) for Get_1101RSSI
    main.o(i.RF_RecvHandler) refers to cc1101.o(i.CC1101SendPacket) for CC1101SendPacket
    main.o(i.RF_RecvHandler) refers to main.o(.data) for RecvWaitTime
    main.o(i.RF_RecvHandler) refers to main.o(.bss) for Str_Info
    main.o(i.RF_SendPacket) refers to _printf_percent.o(.ARM.Collect$$_printf_percent$$00000000) for _printf_percent
    main.o(i.RF_SendPacket) refers to _printf_d.o(.ARM.Collect$$_printf_percent$$00000009) for _printf_d
    main.o(i.RF_SendPacket) refers to _printf_dec.o(.text) for _printf_int_dec
    main.o(i.RF_SendPacket) refers to rt_memclr_w.o(.text) for __aeabi_memclr4
    main.o(i.RF_SendPacket) refers to cc1101.o(i.CC1101SendPacket) for CC1101SendPacket
    main.o(i.RF_SendPacket) refers to cc1101.o(i.CC1101Init) for CC1101Init
    main.o(i.RF_SendPacket) refers to cc1101.o(i.CC1101SetTRMode) for CC1101SetTRMode
    main.o(i.RF_SendPacket) refers to cc1101.o(i.TIM3_Set) for TIM3_Set
    main.o(i.RF_SendPacket) refers to __2printf.o(.text) for __2printf
    main.o(i.RF_SendPacket) refers to stm32f10x_gpio.o(i.GPIO_ReadInputDataBit) for GPIO_ReadInputDataBit
    main.o(i.RF_SendPacket) refers to cc1101.o(i.CC1101RecPacket) for CC1101RecPacket
    main.o(i.RF_SendPacket) refers to main.o(.data) for SendBuffer
    main.o(i.main) refers to _printf_percent.o(.ARM.Collect$$_printf_percent$$00000000) for _printf_percent
    main.o(i.main) refers to _printf_x.o(.ARM.Collect$$_printf_percent$$0000000C) for _printf_x
    main.o(i.main) refers to _printf_hex_int_ll_ptr.o(.text) for _printf_longlong_hex
    main.o(i.main) refers to _printf_d.o(.ARM.Collect$$_printf_percent$$00000009) for _printf_d
    main.o(i.main) refers to _printf_dec.o(.text) for _printf_int_dec
    main.o(i.main) refers to delay.o(i.delay_init) for delay_init
    main.o(i.main) refers to misc.o(i.NVIC_PriorityGroupConfig) for NVIC_PriorityGroupConfig
    main.o(i.main) refers to usart.o(i.uart_init) for uart_init
    main.o(i.main) refers to usart2.o(i.USART2_Init) for USART2_Init
    main.o(i.main) refers to lcd.o(i.LCD_Init) for LCD_Init
    main.o(i.main) refers to lcd.o(i.LCD_ShowString) for LCD_ShowString
    main.o(i.main) refers to spi.o(i.SPI1_Init) for SPI1_Init
    main.o(i.main) refers to cc1101.o(i.TIM3_Init) for TIM3_Init
    main.o(i.main) refers to malloc.o(i.mem_init) for mem_init
    main.o(i.main) refers to __2printf.o(.text) for __2printf
    main.o(i.main) refers to common.o(i.atk_8266_init) for atk_8266_init
    main.o(i.main) refers to malloc.o(i.mymalloc) for mymalloc
    main.o(i.main) refers to __2sprintf.o(.text) for __2sprintf
    main.o(i.main) refers to wifista.o(i.atk_8266_wifisend_data) for atk_8266_wifisend_data
    main.o(i.main) refers to malloc.o(i.myfree) for myfree
    main.o(i.main) refers to cc1101.o(i.CC1101Init) for CC1101Init
    main.o(i.main) refers to main.o(i.RF_RecvHandler) for RF_RecvHandler
    main.o(i.main) refers to delay.o(i.delay_ms) for delay_ms
    main.o(i.main) refers to touch.o(.data) for tp_dev
    main.o(i.main) refers to main.o(.bss) for Str_Info
    system_stm32f10x.o(i.SetSysClock) refers to system_stm32f10x.o(i.SetSysClockTo72) for SetSysClockTo72
    system_stm32f10x.o(i.SystemCoreClockUpdate) refers to system_stm32f10x.o(.data) for SystemCoreClock
    system_stm32f10x.o(i.SystemInit) refers to system_stm32f10x.o(i.SetSysClock) for SetSysClock
    delay.o(i.delay_init) refers to misc.o(i.SysTick_CLKSourceConfig) for SysTick_CLKSourceConfig
[...]
    i.atk_8266_check_cmd                     0x080080a4   Section        0  common.o(i.atk_8266_check_cmd)
    i.atk_8266_consta_check                  0x080080d8   Section        0  common.o(i.atk_8266_consta_check)
    i.atk_8266_get_wanip                     0x0800811c   Section        0  common.o(i.atk_8266_get_wanip)
    i.atk_8266_init                          0x08008170   Section        0  common.o(i.atk_8266_init)
    i.atk_8266_quit_trans                    0x080086e0   Section        0  common.o(i.atk_8266_quit_trans)
    i.atk_8266_send_cmd                      0x08008750   Section        0  common.o(i.atk_8266_send_cmd)
    i.atk_8266_wifisend_data                 0x080087c4   Section        0  wifista.o(i.atk_8266_wifisend_data)
    i.delay_init                             0x08008888   Section        0  delay.o(i.delay_init)
    i.delay_ms                               0x080088cc   Section        0  delay.o(i.delay_ms)
    i.delay_us                               0x08008918   Section        0  delay.o(i.delay_us)
    i.fputc                                  0x08008964   Section        0  usart.o(i.fputc)
    i.main                                   0x08008980   Section        0  main.o(i.main)
    i.mem_free                               0x08008b10   Section        0  malloc.o(i.mem_free)
    i.mem_init                               0x08008b58   Section        0  malloc.o(i.mem_init)
    i.mem_malloc                             0x08008b84   Section        0  malloc.o(i.mem_malloc)
    i.mem_perused                            0x08008bfc   Section        0  malloc.o(i.mem_perused)
    i.myfree                                 0x08008c2c   Section        0  malloc.o(i.myfree)
    i.mymalloc                               0x08008c48   Section        0  malloc.o(i.mymalloc)
    i.mymemset                               0x08008c68   Section        0  malloc.o(i.mymemset)
    i.u2_printf                              0x08008c7c   Section        0  usart2.o(i.u2_printf)
    i.uart_init                              0x08008cbc   Section        0  usart.o(i.uart_init)
    locale$$code                             0x08008d5c   Section       44  lc_numeric_c.o(locale$$code)
    locale$$code                             0x08008d88   Section       44  lc_ctype_c.o(locale$$code)
    x$fpl$dfixu                              0x08008db4   Section       90  dfixu.o(x$fpl$dfixu)
    x$fpl$dfltu                              0x08008e0e   Section       38  dflt_clz.o(x$fpl$dfltu)
    x$fpl$dmul                               0x08008e34   Section      340  dmul.o(x$fpl$dmul)
    x$fpl$dnaninf                            0x08008f88   Section      156  dnaninf.o(x$fpl$dnaninf)
    x$fpl$dretinf                            0x08009024   Section       12  dretinf.o(x$fpl$dretinf)
    x$fpl$fadd                               0x08009030   Section      196  faddsub_clz.o(x$fpl$fadd)
    _fadd1                                   0x0800903f   Thumb Code     0  faddsub_clz.o(x$fpl$fadd)
    x$fpl$ffixu                              0x080090f4   Section       62  ffixu.o(x$fpl$ffixu)
    x$fpl$ffltu                              0x08009134   Section       38  fflt_clz.o(x$fpl$ffltu)
    x$fpl$fmul                               0x0800915c   Section      258  fmul.o(x$fpl$fmul)
    x$fpl$fnaninf                            0x0800925e   Section      140  fnaninf.o(x$fpl$fnaninf)
    x$fpl$fretinf                            0x080092ea   Section       10  fretinf.o(x$fpl$fretinf)
    x$fpl$fsub                               0x080092f4   Section      234  faddsub_clz.o(x$fpl$fsub)
    _fsub1                                   0x08009303   Thumb Code     0  faddsub_clz.o(x$fpl$fsub)
    x$fpl$printf1                            0x080093de   Section        4  printf1.o(x$fpl$printf1)
    .constdata                               0x080093e2   Section     6080  lcd.o(.constdata)
    x$fpl$usenofp                            0x080093e2   Section        0  usenofp.o(x$fpl$usenofp)
    .constdata                               0x0800aba2   Section       46  cc1101.o(.constdata)
    CC1101InitData                           0x0800aba2   Data          46  cc1101.o(.constdata)
    .constdata                               0x0800abd0   Section       40  _printf_hex_int_ll_ptr.o(.constdata)
    uc_hextab                                0x0800abd0   Data          20  _printf_hex_int_ll_ptr.o(.constdata)
    lc_hextab                                0x0800abe4   Data          20  _printf_hex_int_ll_ptr.o(.constdata)
    .constdata                               0x0800abf8   Section       17  __printf_flags_ss_wp.o(.constdata)
    maptable                                 0x0800abf8   Data          17  __printf_flags_ss_wp.o(.constdata)
    .constdata                               0x0800ac0c   Section        8  _printf_wctomb.o(.constdata)
    initial_mbstate                          0x0800ac0c   Data           8  _printf_wctomb.o(.constdata)
    .constdata                               0x0800ac14   Section      148  bigflt0.o(.constdata)
    tenpwrs_x                                0x0800ac14   Data          60  bigflt0.o(.constdata)
    tenpwrs_i                                0x0800ac50   Data          64  bigflt0.o(.constdata)
    .conststring                             0x0800aca8   Section      142  common.o(.conststring)
    locale$$data                             0x0800ad58   Section       28  lc_numeric_c.o(locale$$data)
    __lcnum_c_name                           0x0800ad5c   Data           2  lc_numeric_c.o(locale$$data)
    __lcnum_c_start                          0x0800ad64   Data           0  lc_numeric_c.o(locale$$data)
    __lcnum_c_point                          0x0800ad70   Data           0  lc_numeric_c.o(locale$$data)
    __lcnum_c_thousands                      0x0800ad72   Data           0  lc_numeric_c.o(locale$$data)
    __lcnum_c_grouping                       0x0800ad73   Data           0  lc_numeric_c.o(locale$$data)
    locale$$data                             0x0800ad74   Section      272  lc_ctype_c.o(locale$$data)
    __lcnum_c_end                            0x0800ad74   Data           0  lc_numeric_c.o(locale$$data)
    __lcctype_c_name                         0x0800ad78   Data           2  lc_ctype_c.o(locale$$data)
    __lcctype_c_start                        0x0800ad80   Data           0  lc_ctype_c.o(locale$$data)
    __lcctype_c_end                          0x0800ae84   Data           0  lc_ctype_c.o(locale$$data)
    .data                                    0x20000000   Section       24  main.o(.data)
    .data                                    0x20000018   Section       20  system_stm32f10x.o(.data)
    .data                                    0x2000002c   Section        4  delay.o(.data)
    fac_us                                   0x2000002c   Data           1  delay.o(.data)
    fac_ms                                   0x2000002e   Data           2  delay.o(.data)
    .data                                    0x20000030   Section        6  usart.o(.data)
    .data                                    0x20000036   Section       20  stm32f10x_rcc.o(.data)
    APBAHBPrescTable                         0x20000036   Data          16  stm32f10x_rcc.o(.data)
    ADCPrescTable                            0x20000046   Data           4  stm32f10x_rcc.o(.data)
    .data                                    0x2000004c   Section       58  touch.o(.data)
    .data                                    0x20000086   Section        2  usart2.o(.data)
    .data                                    0x20000088   Section        4  lcd.o(.data)
    .data                                    0x2000008c   Section        8  cc1101.o(.data)
    .data                                    0x20000094   Section       20  malloc.o(.data)
    .data                                    0x200000a8   Section       85  common.o(.data)
    .bss                                     0x20000100   Section       20  main.o(.bss)
    .bss                                     0x20000114   Section      200  usart.o(.bss)
    .bss                                     0x200001e0   Section     2224  usart2.o(.bss)
    .bss                                     0x20000a90   Section       14  lcd.o(.bss)
    .bss                                     0x20000a9e   Section       18  spi.o(.bss)
    .bss                                     0x20000ab0   Section    38080  malloc.o(.bss)
    .bss                                     0x20009f70   Section       96  libspace.o(.bss)
    HEAP                                     0x20009fd0   Section      512  startup_stm32f10x_hd.o(HEAP)
    Heap_Mem                                 0x20009fd0   Data         512  startup_stm32f10x_hd.o(HEAP)
    STACK                                    0x2000a1d0   Section     1024  startup_stm32f10x_hd.o(STACK)
    Stack_Mem                                0x2000a1d0   Data        1024  startup_stm32f10x_hd.o(STACK)
    __initial_sp                             0x2000a5d0   Data           0  startup_stm32f10x_hd.o(STACK)

    Global Symbols

    Symbol Name                              Value     Ov Type        Size  Object(Section)

    BuildAttributes$$THM_ISAv4$P$D$K$B$S$PE$A:L22UL41UL21$X:L11$S22US41US21$IEEE1$IW$USESV6$~STKCKD$USESV7$~SHL$OTIME$ROPI$IEEEJ$EBA8$UX$STANDARDLIB$REQ8$PRES8$EABIv2 0x00000000   Number         0  anon$$obj.o ABSOLUTE
    __ARM_use_no_argv                        0x00000000   Number         0  main.o ABSOLUTE
    _printf_flags                            0x00000000   Number         0  printf_stubs.o ABSOLUTE
    _printf_return_value                     0x00000000   Number         0  printf_stubs.o ABSOLUTE
    _printf_sizespec                         0x00000000   Number         0  printf_stubs.o ABSOLUTE
    _printf_widthprec                        0x00000000   Number         0  printf_stubs.o ABSOLUTE
    __ARM_exceptions_init                     - Undefined Weak Reference
    __alloca_initialize                       - Undefined Weak Reference
    __arm_preinit_                            - Undefined Weak Reference
    __cpp_initialize__aeabi_                  - Undefined Weak Reference
    __cxa_finalize                            - Undefined Weak Reference
    __sigvec_lookup                           - Undefined Weak Reference
    _atexit_init                              - Undefined Weak Reference
    _call_atexit_fns                          - Undefined Weak Reference
    _clock_init                               - Undefined Weak Reference
    _fp_trap_init                             - Undefined Weak Reference
    _fp_trap_shutdown                         - Undefined Weak Reference
    _get_lc_collate                           - Undefined Weak Reference
    _get_lc_monetary                          - Undefined Weak Reference
    _get_lc_time                              - Undefined Weak Reference
    _getenv_init                              - Undefined Weak Reference
    _handle_redirection                       - Undefined Weak Reference
    _init_alloc                               - Undefined Weak Reference
    _init_user_alloc                          - Undefined Weak Reference
    _initio                                   - Undefined Weak Reference
    _mutex_acquire                            - Undefined Weak Reference
    _mutex_release                            - Undefined Weak Reference
    _printf_fp_hex                            - Undefined Weak Reference
    _printf_mbtowc                            - Undefined Weak Reference
    _printf_wc                                - Undefined Weak Reference
    _rand_init                                - Undefined Weak Reference
    _signal_finish                            - Undefined Weak Reference
    _signal_init                              - Undefined Weak Reference
    _terminate_alloc                          - Undefined Weak Reference
    _terminate_user_alloc                     - Undefined Weak Reference
    _terminateio                              - Undefined Weak Reference
    __Vectors_Size                           0x00000130   Number         0  startup_stm32f10x_hd.o ABSOLUTE
    __Vectors                                0x08000000   Data           4  startup_stm32f10x_hd.o(RESET)
    __Vectors_End                            0x08000130   Data           0  startup_stm32f10x_hd.o(RESET)
    __main                                   0x08000131   Thumb Code     8  __main.o(!!!main)
    __scatterload                            0x08000139   Thumb Code     0  __scatter.o(!!!scatter)
    __scatterload_rt2                        0x08000139   Thumb Code    44  __scatter.o(!!!scatter)
    __scatterload_rt2_thumb_only             0x08000139   Thumb Code     0  __scatter.o(!!!scatter)
    __scatterload_null                       0x08000147   Thumb Code     0  __scatter.o(!!!scatter)
    __scatterload_copy                       0x0800016d   Thumb Code    26  __scatter_copy.o(!!handler_copy)
    __scatterload_zeroinit                   0x08000189   Thumb Code    28  __scatter_zi.o(!!handler_zi)
    _printf_n                                0x080001a5   Thumb Code     0  _printf_n.o(.ARM.Collect$$_printf_percent$$00000001)
    _printf_percent                          0x080001a5   Thumb Code     0  _printf_percent.o(.ARM.Collect$$_printf_percent$$00000000)
    _printf_p                                0x080001ab   Thumb Code     0  _printf_p.o(.ARM.Collect$$_printf_percent$$00000002)
    _printf_f                                0x080001b1   Thumb Code     0  _printf_f.o(.ARM.Collect$$_printf_percent$$00000003)
    _printf_e                                0x080001b7   Thumb Code     0  _printf_e.o(.ARM.Collect$$_printf_percent$$00000004)
    _printf_g                                0x080001bd   Thumb Code     0  _printf_g.o(.ARM.Collect$$_printf_percent$$00000005)
    _printf_a                                0x080001c3   Thumb Code     0  _printf_a.o(.ARM.Collect$$_printf_percent$$00000006)
    _printf_ll                               0x080001c9   Thumb Code     0  _printf_ll.o(.ARM.Collect$$_printf_percent$$00000007)
    _printf_i                                0x080001d3   Thumb Code     0  _printf_i.o(.ARM.Collect$$_printf_percent$$00000008)
    _printf_d                                0x080001d9   Thumb Code     0  _printf_d.o(.ARM.Collect$$_printf_percent$$00000009)
    _printf_u                                0x080001df   Thumb Code     0  _printf_u.o(.ARM.Collect$$_printf_percent$$0000000A)
    _printf_o                                0x080001e5   Thumb Code     0  _printf_o.o(.ARM.Collect$$_printf_percent$$0000000B)
    _printf_x                                0x080001eb   Thumb Code     0  _printf_x.o(.ARM.Collect$$_printf_percent$$0000000C)
    _printf_lli                              0x080001f1   Thumb Code     0  _printf_lli.o(.ARM.Collect$$_printf_percent$$0000000D)
    _printf_lld                              0x080001f7   Thumb Code     0  _printf_lld.o(.ARM.Collect$$_printf_percent$$0000000E)
    _printf_llu                              0x080001fd   Thumb Code     0  _printf_llu.o(.ARM.Collect$$_printf_percent$$0000000F)
    _printf_llo                              0x08000203   Thumb Code     0  _printf_llo.o(.ARM.Collect$$_printf_percent$$00000010)
    _printf_llx                              0x08000209   Thumb Code     0  _printf_llx.o(.ARM.Collect$$_printf_percent$$00000011)
    _printf_l                                0x0800020f   Thumb Code     0  _printf_l.o(.ARM.Collect$$_printf_percent$$00000012)
    _printf_c                                0x08000219   Thumb Code     0  _printf_c.o(.ARM.Collect$$_printf_percent$$00000013)
    _printf_s                                0x0800021f   Thumb Code     0  _printf_s.o(.ARM.Collect$$_printf_percent$$00000014)
    _printf_lc                               0x08000225   Thumb Code     0  _printf_lc.o(.ARM.Collect$$_printf_percent$$00000015)
    _printf_ls                               0x0800022b   Thumb Code     0  _printf_ls.o(.ARM.Collect$$_printf_percent$$00000016)
    _printf_percent_end                      0x08000231   Thumb Code     0  _printf_percent_end.o(.ARM.Collect$$_printf_percent$$00000017)
    __rt_lib_init                            0x08000235   Thumb Code     0  libinit.o(.ARM.Collect$$libinit$$00000000)
    __rt_lib_init_fp_1                       0x08000237   Thumb Code     0  libinit2.o(.ARM.Collect$$libinit$$00000002)
    __rt_lib_init_heap_1                     0x08000237   Thumb Code     0  libinit2.o(.ARM.Collect$$libinit$$0000000A)
    __rt_lib_init_lc_common                  0x08000237   Thumb Code     0  libinit2.o(.ARM.Collect$$libinit$$0000000F)
    __rt_lib_init_preinit_1                  0x08000237   Thumb Code     0  libinit2.o(.ARM.Collect$$libinit$$00000004)
    __rt_lib_init_rand_1                     0x08000237   Thumb Code     0  libinit2.o(.ARM.Collect$$libinit$$0000000E)
    __rt_lib_init_user_alloc_1               0x08000237   Thumb Code     0  libinit2.o(.ARM.Collect$$libinit$$0000000C)
    __rt_lib_init_lc_collate_1               0x0800023d   Thumb Code     0  libinit2.o(.ARM.Collect$$libinit$$00000011)
    __rt_lib_init_lc_ctype_2                 0x0800023d   Thumb Code     0  libinit2.o(.ARM.Collect$$libinit$$00000012)
    __rt_lib_init_lc_ctype_1                 0x08000249   Thumb Code     0  libinit2.o(.ARM.Collect$$libinit$$00000013)
    __rt_lib_init_lc_monetary_1              0x08000249   Thumb Code     0  libinit2.o(.ARM.Collect$$libinit$$00000015)
    __rt_lib_init_lc_numeric_2               0x08000249   Thumb Code     0  libinit2.o(.ARM.Collect$$libinit$$00000016)
    __rt_lib_init_alloca_1                   0x08000253   Thumb Code     0  libinit2.o(.ARM.Collect$$libinit$$0000002E)
    __rt_lib_init_argv_1                     0x08000253   Thumb Code     0  libinit2.o(.ARM.Collect$$libinit$$0000002C)
    __rt_lib_init_atexit_1                   0x08000253   Thumb Code     0  libinit2.o(.ARM.Collect$$libinit$$0000001B)
    __rt_lib_init_clock_1                    0x08000253   Thumb Code     0  libinit2.o(.ARM.Collect$$libinit$$00000021)
    __rt_lib_init_cpp_1                      0x08000253   Thumb Code     0  libinit2.o(.ARM.Collect$$libinit$$00000032)
    __rt_lib_init_exceptions_1               0x08000253   Thumb Code     0  libinit2.o(.ARM.Collect$$libinit$$00000030)
    __rt_lib_init_fp_trap_1                  0x08000253   Thumb Code     0  libinit2.o(.ARM.Collect$$libinit$$0000001F)
    __rt_lib_init_getenv_1                   0x08000253   Thumb Code     0  libinit2.o(.ARM.Collect$$libinit$$00000023)
    __rt_lib_init_lc_numeric_1               0x08000253   Thumb Code     0  libinit2.o(.ARM.Collect$$libinit$$00000017)
    __rt_lib_init_lc_time_1                  0x08000253   Thumb Code     0  libinit2.o(.ARM.Collect$$libinit$$00000019)
    __rt_lib_init_return                     0x08000253   Thumb Code     0  libinit2.o(.ARM.Collect$$libinit$$00000033)
    __rt_lib_init_signal_1                   0x08000253   Thumb Code     0  libinit2.o(.ARM.Collect$$libinit$$0000001D)
    __rt_lib_init_stdio_1                    0x08000253   Thumb Code     0  libinit2.o(.ARM.Collect$$libinit$$00000025)
    __rt_lib_shutdown                        0x08000255   Thumb Code     0  libshutdown.o(.ARM.Collect$$libshutdown$$00000000)
    __rt_lib_shutdown_cpp_1                  0x08000257   Thumb Code     0  libshutdown2.o(.ARM.Collect$$libshutdown$$00000002)
    __rt_lib_shutdown_fp_trap_1              0x08000257   Thumb Code     0  libshutdown2.o(.ARM.Collect$$libshutdown$$00000007)
    __rt_lib_shutdown_heap_1                 0x08000257   Thumb Code     0  libshutdown2.o(.ARM.Collect$$libshutdown$$0000000F)
    __rt_lib_shutdown_return                 0x08000257   Thumb Code     0  libshutdown2.o(.ARM.Collect$$libshutdown$$00000010)
    __rt_lib_shutdown_signal_1               0x08000257   Thumb Code     0  libshutdown2.o(.ARM.Collect$$libshutdown$$0000000A)
    __rt_lib_shutdown_stdio_1                0x08000257   Thumb Code     0  libshutdown2.o(.ARM.Collect$$libshutdown$$00000004)
    __rt_lib_shutdown_user_alloc_1           0x08000257   Thumb Code     0  libshutdown2.o(.ARM.Collect$$libshutdown$$0000000C)
    __rt_entry                               0x08000259   Thumb Code     0  __rtentry.o(.ARM.Collect$$rtentry$$00000000)
    __rt_entry_presh_1                       0x08000259   Thumb Code     0  __rtentry2.o(.ARM.Collect$$rtentry$$00000002)
    __rt_entry_sh                            0x08000259   Thumb Code     0  __rtentry4.o(.ARM.Collect$$rtentry$$00000004)
    __rt_entry_li                            0x0800025f   Thumb Code     0  __rtentry2.o(.ARM.Collect$$rtentry$$0000000A)
    __rt_entry_postsh_1                      0x0800025f   Thumb Code     0  __rtentry2.o(.ARM.Collect$$rtentry$$00000009)
    __rt_entry_main                          0x08000263   Thumb Code     0  __rtentry2.o(.ARM.Collect$$rtentry$$0000000D)
    __rt_entry_postli_1                      0x08000263   Thumb Code     0  __rtentry2.o(.ARM.Collect$$rtentry$$0000000C)
    __rt_exit                                0x0800026b   Thumb Code     0  rtexit.o(.ARM.Collect$$rtexit$$00000000)
    __rt_exit_ls                             0x0800026d   Thumb Code     0  rtexit2.o(.ARM.Collect$$rtexit$$00000003)
    __rt_exit_prels_1                        0x0800026d   Thumb Code     0  rtexit2.o(.ARM.Collect$$rtexit$$00000002)
    __rt_exit_exit                           0x08000271   Thumb Code     0  rtexit2.o(.ARM.Collect$$rtexit$$00000004)
    Reset_Handler                            0x08000279   Thumb Code     8  startup_stm32f10x_hd.o(.text)
    ADC1_2_IRQHandler                        0x08000293   Thumb Code     0  startup_stm32f10x_hd.o(.text)
    ADC3_IRQHandler                          0x08000293   Thumb Code     0  startup_stm32f10x_hd.o(.text)
    CAN1_RX1_IRQHandler                      0x08000293   Thumb Code     0  startup_stm32f10x_hd.o(.text)
    CAN1_SCE_IRQHandler                      0x08000293   Thumb Code     0  startup_stm32f10x_hd.o(.text)
    DMA1_Channel1_IRQHandler                 0x08000293   Thumb Code     0  startup_stm32f10x_hd.o(.text)
    DMA1_Channel2_IRQHandler                 0x08000293   Thumb Code     0  startup_stm32f10x_hd.o(.text)
    DMA1_Channel3_IRQHandler                 0x08000293   Thumb Code     0  startup_stm32f10x_hd.o(.text)
    DMA1_Channel4_IRQHandler                 0x08000293   Thumb Code     0  startup_stm32f10x_hd.o(.text)
    DMA1_Channel5_IRQHandler                 0x08000293   Thumb Code     0  startup_stm32f10x_hd.o(.text)
    DMA1_Channel6_IRQHandler                 0x08000293   Thumb Code     0  startup_stm32f10x_hd.o(.text)
    DMA1_Channel7_IRQHandler                 0x08000293   Thumb Code     0  startup_stm32f10x_hd.o(.text)
    DMA2_Channel1_IRQHandler                 0x08000293   Thumb Code     0  startup_stm32f10x_hd.o(.text)
    DMA2_Channel2_IRQHandler                 0x08000293   Thumb Code     0  startup_stm32f10x_hd.o(.text)
    DMA2_Channel3_IRQHandler                 0x08000293   Thumb Code     0  startup_stm32f10x_hd.o(.text)
    DMA2_Channel4_5_IRQHandler               0x08000293   Thumb Code     0  startup_stm32f10x_hd.o(.text)
    EXTI0_IRQHandler                         0x08000293   Thumb Code     0  startup_stm32f10x_hd.o(.text)
    EXTI15_10_IRQHandler                     0x08000293   Thumb Code     0  startup_stm32f10x_hd.o(.text)
    EXTI1_IRQHandler                         0x08000293   Thumb Code     0  startup_stm32f10x_hd.o(.text)
    EXTI2_IRQHandler                         0x08000293   Thumb Code     0  startup_stm32f10x_hd.o(.text)
    EXTI3_IRQHandler                         0x08000293   Thumb Code     0  startup_stm32f10x_hd.o(.text)
    EXTI4_IRQHandler                         0x08000293   Thumb Code     0  startup_stm32f10x_hd.o(.text)
    EXTI9_5_IRQHandler                       0x08000293   Thumb Code     0  startup_stm32f10x_hd.o(.text)
    FLASH_IRQHandler                         0x08000293   Thumb Code     0  startup_stm32f10x_hd.o(.text)
    FSMC_IRQHandler                          0x08000293   Thumb Code     0  startup_stm32f10x_hd.o(.text)
    I2C1_ER_IRQHandler                       0x08000293   Thumb Code     0  startup_stm32f10x_hd.o(.text)
    I2C1_EV_IRQHandler                       0x08000293   Thumb Code     0  startup_stm32f10x_hd.o(.text)
    I2C2_ER_IRQHandler                       0x08000293   Thumb Code     0  startup_stm32f10x_hd.o(.text)
    I2C2_EV_IRQHandler                       0x08000293   Thumb Code     0  startup_stm32f10x_hd.o(.text)
    PVD_IRQHandler                           0x08000293   Thumb Code     0  startup_stm32f10x_hd.o(.text)
    RCC_IRQHandler                           0x08000293   Thumb Code     0  startup_stm32f10x_hd.o(.text)
    RTCAlarm_IRQHandler                      0x08000293   Thumb Code     0  startup_stm32f10x_hd.o(.text)
    RTC_IRQHandler                           0x08000293   Thumb Code     0  startup_stm32f10x_hd.o(.text)
    SDIO_IRQHandler                          0x08000293   Thumb Code     0  startup_stm32f10x_hd.o(.text)
    SPI1_IRQHandler                          0x08000293   Thumb Code     0  startup_stm32f10x_hd.o(.text)
    SPI2_IRQHandler                          0x08000293   Thumb Code     0  startup_stm32f10x_hd.o(.text)
    SPI3_IRQHandler                          0x08000293   Thumb Code     0  startup_stm32f10x_hd.o(.text)
    TAMPER_IRQHandler                        0x08000293   Thumb Code     0  startup_stm32f10x_hd.o(.text)
    TIM1_BRK_IRQHandler                      0x08000293   Thumb Code     0  startup_stm32f10x_hd.o(.text)
    TIM1_CC_IRQHandler                       0x08000293   Thumb Code     0  startup_stm32f10x_hd.o(.text)
    TIM1_TRG_COM_IRQHandler                  0x08000293   Thumb Code     0  startup_stm32f10x_hd.o(.text)
    TIM1_UP_IRQHandler                       0x08000293   Thumb Code     0  startup_stm32f10x_hd.o(.text)
    TIM2_IRQHandler                          0x08000293   Thumb Code     0  startup_stm32f10x_hd.o(.text)
    TIM5_IRQHandler                          0x08000293   Thumb Code     0  startup_stm32f10x_hd.o(.text)
    TIM6_IRQHandler                          0x08000293   Thumb Code     0  startup_stm32f10x_hd.o(.text)
    TIM7_IRQHandler                          0x08000293   Thumb Code     0  startup_stm32f10x_hd.o(.text)
    TIM8_BRK_IRQHandler                      0x08000293   Thumb Code     0  startup_stm32f10x_hd.o(.text)
    TIM8_CC_IRQHandler                       0x08000293   Thumb Code     0  startup_stm32f10x_hd.o(.text)
    TIM8_TRG_COM_IRQHandler                  0x08000293   Thumb Code     0  startup_stm32f10x_hd.o(.text)
    TIM8_UP_IRQHandler                       0x08000293   Thumb Code     0  startup_stm32f10x_hd.o(.text)
    UART4_IRQHandler                         0x08000293   Thumb Code     0  startup_stm32f10x_hd.o(.text)
    UART5_IRQHandler                         0x08000293   Thumb Code     0  startup_stm32f10x_hd.o(.text)
    USART3_IRQHandler                        0x08000293   Thumb Code     0  startup_stm32f10x_hd.o(.text)
    USBWakeUp_IRQHandler                     0x08000293   Thumb Code     0  startup_stm32f10x_hd.o(.text)
    USB_HP_CAN1_TX_IRQHandler                0x08000293   Thumb Code     0  startup_stm32f10x_hd.o(.text)
    USB_LP_CAN1_RX0_IRQHandler               0x08000293   Thumb Code     0  startup_stm32f10x_hd.o(.text)
    WWDG_IRQHandler                          0x08000293   Thumb Code     0  startup_stm32f10x_hd.o(.text)
    __user_initial_stackheap                 0x08000295   Thumb Code     0  startup_stm32f10x_hd.o(.text)
    __use_no_semihosting                     0x080002b9   Thumb Code     2  use_no_semi_2.o(.text)
    __c89vsprintf                            0x080002bd   Thumb Code    32  c89vsprintf.o(.text)
    __2printf                                0x080002e1   Thumb Code    20  __2printf.o(.text)
    __2sprintf                               0x080002f9   Thumb Code    38  __2sprintf.o(.text)
    _printf_str                              0x08000325   Thumb Code    82  _printf_str.o(.text)
    _printf_int_dec                          0x08000379   Thumb Code   104  _printf_dec.o(.text)
    _printf_longlong_hex                     0x080003f1   Thumb Code    86  _printf_hex_int_ll_ptr.o(.text)
    _printf_int_hex                          0x08000447   Thumb Code    28  _printf_hex_int_ll_ptr.o(.text)
    _printf_ll_hex                           0x08000463   Thumb Code    12  _printf_hex_int_ll_ptr.o(.text)
    _printf_hex_ptr                          0x0800046f   Thumb Code    18  _printf_hex_int_ll_ptr.o(.text)
    __printf                                 0x08000485   Thumb Code   388  __printf_flags_ss_wp.o(.text)
    strstr                                   0x0800060d   Thumb Code    36  strstr.o(.text)
    strlen                                   0x08000631   Thumb Code    62  strlen.o(.text)
    __use_two_region_memory                  0x0800066f   Thumb Code     2  heapauxi.o(.text)
    __rt_heap_escrow$2region                 0x08000671   Thumb Code     2  heapauxi.o(.text)
    __rt_heap_expand$2region                 0x08000673   Thumb Code     2  heapauxi.o(.text)
    __I$use$semihosting                      0x08000675   Thumb Code     0  use_no_semi.o(.text)
    __use_no_semihosting_swi                 0x08000675   Thumb Code     2  use_no_semi.o(.text)
    _printf_pre_padding                      0x08000677   Thumb Code    44  _printf_pad.o(.text)
    _printf_post_padding                     0x080006a3   Thumb Code    34  _printf_pad.o(.text)
    _printf_truncate_signed                  0x080006c5   Thumb Code    18  _printf_truncate.o(.text)
    _printf_truncate_unsigned                0x080006d7   Thumb Code    18  _printf_truncate.o(.text)
    _printf_int_common                       0x080006e9   Thumb Code   178  _printf_intcommon.o(.text)
    _printf_charcount                        0x0800079b   Thumb Code    40  _printf_charcount.o(.text)
    _printf_char_common                      0x080007cf   Thumb Code    32  _printf_char_common.o(.text)
    _sputc                                   0x080007f5   Thumb Code    10  _sputc.o(.text)
    _printf_cs_common                        0x080007ff   Thumb Code    20  _printf_char.o(.text)
    _printf_char                             0x08000813   Thumb Code    16  _printf_char.o(.text)
    _printf_string                           0x08000823   Thumb Code     8  _printf_char.o(.text)
    _printf_char_file                        0x0800082d   Thumb Code    32  _printf_char_file.o(.text)
    _printf_wctomb                           0x08000851   Thumb Code   182  _printf_wctomb.o(.text)
    _printf_longlong_dec                     0x0800090d   Thumb Code   108  _printf_longlong_dec.o(.text)
    _printf_longlong_oct                     0x08000989   Thumb Code    68  _printf_oct_int_ll.o(.text)
    _printf_int_oct                          0x080009cd   Thumb Code    24  _printf_oct_int_ll.o(.text)
    _printf_ll_oct                           0x080009e5   Thumb Code    12  _printf_oct_int_ll.o(.text)
    _ll_udiv10                               0x080009f9   Thumb Code   138  lludiv10.o(.text)
    __lib_sel_fp_printf                      0x08000a83   Thumb Code     2  _printf_fp_dec.o(.text)
    _printf_fp_dec_real                      0x08000c31   Thumb Code   620  _printf_fp_dec.o(.text)
    _printf_lcs_common                       0x08000e9d   Thumb Code    20  _printf_wchar.o(.text)
    _printf_wchar                            0x08000eb1   Thumb Code    16  _printf_wchar.o(.text)
    _printf_wstring                          0x08000ec1   Thumb Code     8  _printf_wchar.o(.text)
    ferror                                   0x08000ec9   Thumb Code     8  ferror.o(.text)
    _wcrtomb                                 0x08000ed1   Thumb Code    64  _wcrtomb.o(.text)
    __user_setup_stackheap                   0x08000f11   Thumb Code    74  sys_stackheap_outer.o(.text)
    __rt_ctype_table                         0x08000f5d   Thumb Code    16  rt_ctype_table.o(.text)
    __rt_locale                              0x08000f6d   Thumb Code     8  rt_locale_intlibspace.o(.text)
    _printf_fp_infnan                        0x08000f75   Thumb Code   112  _printf_fp_infnan.o(.text)
    _btod_etento                             0x08000ff5   Thumb Code   216  bigflt0.o(.text)
    exit                                     0x080010d1   Thumb Code    18  exit.o(.text)
    __user_libspace                          0x080010e5   Thumb Code     8  libspace.o(.text)
    __user_perproc_libspace                  0x080010e5   Thumb Code     0  libspace.o(.text)
    __user_perthread_libspace                0x080010e5   Thumb Code     0  libspace.o(.text)
    strcmp                                   0x080010ed   Thumb Code   128  strcmpv7m.o(.text)
    _btod_d2e                                0x0800116d   Thumb Code    62  btod.o(CL$$btod_d2e)
    _d2e_denorm_low                          0x080011ab   Thumb Code    70  btod.o(CL$$btod_d2e_denorm_low)
    _d2e_norm_op1                            0x080011f1   Thumb Code    96  btod.o(CL$$btod_d2e_norm_op1)
    __btod_div_common                        0x08001251   Thumb Code   696  btod.o(CL$$btod_div_common)
    _e2e                                     0x08001589   Thumb Code   198  btod.o(CL$$btod_e2e)
    _btod_ediv                               0x0800164f   Thumb Code    40  btod.o(CL$$btod_ediv)
    _btod_emul                               0x08001677   Thumb Code    40  btod.o(CL$$btod_emul)
    __btod_mult_common                       0x0800169f   Thumb Code   580  btod.o(CL$$btod_mult_common)
    BusFault_Handler                         0x080018e3   Thumb Code     4  stm32f10x_it.o(i.BusFault_Handler)
    CC1101ClrRXBuff                          0x080018e7   Thumb Code    14  cc1101.o(i.CC1101ClrRXBuff)
    CC1101ClrTXBuff                          0x080018f5   Thumb Code    14  cc1101.o(i.CC1101ClrTXBuff)
    CC1101GetRXCnt                           0x08001903   Thumb Code    14  cc1101.o(i.CC1101GetRXCnt)
    CC1101Init                               0x08001911   Thumb Code   224  cc1101.o(i.CC1101Init)
    CC1101ReadMultiReg                       0x08001a05   Thumb Code    92  cc1101.o(i.CC1101ReadMultiReg)
    CC1101ReadReg                            0x08001a65   Thumb Code    54  cc1101.o(i.CC1101ReadReg)
    CC1101ReadStatus                         0x08001aa1   Thumb Code    54  cc1101.o(i.CC1101ReadStatus)
    CC1101RecPacket                          0x08001add   Thumb Code   102  cc1101.o(i.CC1101RecPacket)
    CC1101Reset                              0x08001b45   Thumb Code    54  cc1101.o(i.CC1101Reset)
    CC1101SendPacket                         0x08001b81   Thumb Code   138  cc1101.o(i.CC1101SendPacket)
    CC1101SetAddress                         0x08001c25   Thumb Code    56  cc1101.o(i.CC1101SetAddress)
    CC1101SetIdle                            0x08001c5d   Thumb Code    10  cc1101.o(i.CC1101SetIdle)
    CC1101SetSYNC                            0x08001c67   Thumb Code    24  cc1101.o(i.CC1101SetSYNC)
    CC1101SetTRMode                          0x08001c7f   Thumb Code    42  cc1101.o(i.CC1101SetTRMode)
    CC1101WriteCmd                           0x08001ca9   Thumb Code    42  cc1101.o(i.CC1101WriteCmd)
    CC1101WriteMultiReg                      0x08001cd9   Thumb Code    70  cc1101.o(i.CC1101WriteMultiReg)
    CC1101WriteReg                           0x08001d25   Thumb Code    50  cc1101.o(i.CC1101WriteReg)
    DMA_Cmd                                  0x08001d5d   Thumb Code    24  stm32f10x_dma.o(i.DMA_Cmd)
    DMA_DeInit                               0x08001d75   Thumb Code   324  stm32f10x_dma.o(i.DMA_DeInit)
    DMA_GetCurrDataCounter                   0x08001ec1   Thumb Code     8  stm32f10x_dma.o(i.DMA_GetCurrDataCounter)
    DMA_Init                                 0x08001ec9   Thumb Code    60  stm32f10x_dma.o(i.DMA_Init)
    DMA_SetCurrDataCounter                   0x08001f05   Thumb Code     4  stm32f10x_dma.o(i.DMA_SetCurrDataCounter)
    DebugMon_Handler                         0x08001f09   Thumb Code     2  stm32f10x_it.o(i.DebugMon_Handler)
    GPIO_Init                                0x08001f0b   Thumb Code   278  stm32f10x_gpio.o(i.GPIO_Init)
    GPIO_PinRemapConfig                      0x08002021   Thumb Code   138  stm32f10x_gpio.o(i.GPIO_PinRemapConfig)
    GPIO_ReadInputDataBit                    0x080020b1   Thumb Code    18  stm32f10x_gpio.o(i.GPIO_ReadInputDataBit)
    GPIO_ResetBits                           0x080020c3   Thumb Code     4  stm32f10x_gpio.o(i.GPIO_ResetBits)
    GPIO_SetBits                             0x080020c7   Thumb Code     4  stm32f10x_gpio.o(i.GPIO_SetBits)
    Get_1101RSSI                             0x080020cb   Thumb Code    10  cc1101.o(i.Get_1101RSSI)
    HardFault_Handler                        0x080020d5   Thumb Code     4  stm32f10x_it.o(i.HardFault_Handler)
    LCD_Clear                                0x080020d9   Thumb Code   122  lcd.o(i.LCD_Clear)
    LCD_Display_Dir                          0x08002161   Thumb Code   444  lcd.o(i.LCD_Display_Dir)
    LCD_Fast_DrawPoint                       0x08002321   Thumb Code   854  lcd.o(i.LCD_Fast_DrawPoint)
    LCD_Init                                 0x08002685   Thumb Code 15292  lcd.o(i.LCD_Init)
    LCD_RD_DATA                              0x08006241   Thumb Code    98  lcd.o(i.LCD_RD_DATA)
    LCD_ReadReg                              0x080062b1   Thumb Code    16  lcd.o(i.LCD_ReadReg)
    LCD_SSD_BackLightSet                     0x080062c1   Thumb Code   198  lcd.o(i.LCD_SSD_BackLightSet)
    LCD_Scan_Dir                             0x08006395   Thumb Code  1112  lcd.o(i.LCD_Scan_Dir)
    LCD_SetCursor                            0x080067ed   Thumb Code   944  lcd.o(i.LCD_SetCursor)
    LCD_ShowChar                             0x08006ba9   Thumb Code   272  lcd.o(i.LCD_ShowChar)
    LCD_ShowString                           0x08006cd1   Thumb Code   102  lcd.o(i.LCD_ShowString)
    LCD_WR_DATAX                             0x08006d39   Thumb Code    28  lcd.o(i.LCD_WR_DATAX)
    LCD_WR_REG                               0x08006d5d   Thumb Code    28  lcd.o(i.LCD_WR_REG)
    LCD_WriteRAM_Prepare                     0x08006d81   Thumb Code    12  lcd.o(i.LCD_WriteRAM_Prepare)
    LCD_WriteReg                             0x08006d91   Thumb Code    40  lcd.o(i.LCD_WriteReg)
    MemManage_Handler                        0x08006dc1   Thumb Code     4  stm32f10x_it.o(i.MemManage_Handler)
    NMI_Handler                              0x08006dc5   Thumb Code     2  stm32f10x_it.o(i.NMI_Handler)
    NVIC_Init                                0x08006dc9   Thumb Code   100  misc.o(i.NVIC_Init)
    NVIC_PriorityGroupConfig                 0x08006e39   Thumb Code    10  misc.o(i.NVIC_PriorityGroupConfig)
    PendSV_Handler                           0x08006e4d   Thumb Code     2  stm32f10x_it.o(i.PendSV_Handler)
    RCC_AHBPeriphClockCmd                    0x08006e51   Thumb Code    26  stm32f10x_rcc.o(i.RCC_AHBPeriphClockCmd)
    RCC_APB1PeriphClockCmd                   0x08006e71   Thumb Code    26  stm32f10x_rcc.o(i.RCC_APB1PeriphClockCmd)
    RCC_APB1PeriphResetCmd                   0x08006e91   Thumb Code    26  stm32f10x_rcc.o(i.RCC_APB1PeriphResetCmd)
    RCC_APB2PeriphClockCmd                   0x08006eb1   Thumb Code    26  stm32f10x_rcc.o(i.RCC_APB2PeriphClockCmd)
    RCC_APB2PeriphResetCmd                   0x08006ed1   Thumb Code    26  stm32f10x_rcc.o(i.RCC_APB2PeriphResetCmd)
    RCC_GetClocksFreq                        0x08006ef1   Thumb Code   192  stm32f10x_rcc.o(i.RCC_GetClocksFreq)
    RF_RecvHandler                           0x08006fc5   Thumb Code   456  main.o(i.RF_RecvHandler)
    SPI1_Init                                0x08007271   Thumb Code   106  spi.o(i.SPI1_Init)
    SPI1_ReadWriteByte                       0x080072e9   Thumb Code    78  spi.o(i.SPI1_ReadWriteByte)
    SPI_Cmd                                  0x0800733d   Thumb Code    24  stm32f10x_spi.o(i.SPI_Cmd)
    SPI_ExchangeByte                         0x08007355   Thumb Code    18  cc1101.o(i.SPI_ExchangeByte)
    SPI_I2S_GetFlagStatus                    0x08007367   Thumb Code    18  stm32f10x_spi.o(i.SPI_I2S_GetFlagStatus)
    SPI_I2S_ReceiveData                      0x08007379   Thumb Code     6  stm32f10x_spi.o(i.SPI_I2S_ReceiveData)
    SPI_I2S_SendData                         0x0800737f   Thumb Code     4  stm32f10x_spi.o(i.SPI_I2S_SendData)
    SPI_Init                                 0x08007383   Thumb Code    60  stm32f10x_spi.o(i.SPI_Init)
    SVC_Handler                              0x080073bf   Thumb Code     2  stm32f10x_it.o(i.SVC_Handler)
    SysTick_CLKSourceConfig                  0x080074a9   Thumb Code    40  misc.o(i.SysTick_CLKSourceConfig)
    SysTick_Handler                          0x080074d1   Thumb Code     2  stm32f10x_it.o(i.SysTick_Handler)
    SystemInit                               0x080074d5   Thumb Code    78  system_stm32f10x.o(i.SystemInit)
    TIM3_IRQHandler                          0x08007535   Thumb Code    40  cc1101.o(i.TIM3_IRQHandler)
    TIM3_Init                                0x08007565   Thumb Code    86  cc1101.o(i.TIM3_Init)
    TIM3_Set                                 0x080075c1   Thumb Code    54  cc1101.o(i.TIM3_Set)
    TIM4_IRQHandler                          0x080075fd   Thumb Code    40  usart2.o(i.TIM4_IRQHandler)
    TIM4_Init                                0x0800762d   Thumb Code    82  usart2.o(i.TIM4_Init)
    TIM4_Set                                 0x08007685   Thumb Code    34  usart2.o(i.TIM4_Set)
    TIM_ClearITPendingBit                    0x080076ad   Thumb Code     6  stm32f10x_tim.o(i.TIM_ClearITPendingBit)
    TIM_Cmd                                  0x080076b3   Thumb Code    24  stm32f10x_tim.o(i.TIM_Cmd)
    TIM_GetITStatus                          0x080076cb   Thumb Code    34  stm32f10x_tim.o(i.TIM_GetITStatus)
    TIM_ITConfig                             0x080076ed   Thumb Code    18  stm32f10x_tim.o(i.TIM_ITConfig)
    TIM_SetCounter                           0x080076ff   Thumb Code     4  stm32f10x_tim.o(i.TIM_SetCounter)
    TIM_TimeBaseInit                         0x08007705   Thumb Code   122  stm32f10x_tim.o(i.TIM_TimeBaseInit)
    TP_Adjust                                0x080077a9   Thumb Code    32  touch.o(i.TP_Adjust)
    TP_Init                                  0x080077e5   Thumb Code    76  touch.o(i.TP_Init)
    TP_Read_AD                               0x08007839   Thumb Code   126  touch.o(i.TP_Read_AD)
    TP_Read_XOY                              0x080078c1   Thumb Code   120  touch.o(i.TP_Read_XOY)
    TP_Read_XY                               0x08007939   Thumb Code    38  touch.o(i.TP_Read_XY)
    TP_Read_XY2                              0x08007969   Thumb Code   192  touch.o(i.TP_Read_XY2)
    TP_Scan                                  0x08007a29   Thumb Code   246  touch.o(i.TP_Scan)
    TP_Write_Byte                            0x08007b29   Thumb Code    56  touch.o(i.TP_Write_Byte)
    UART_DMA_Config                          0x08007b69   Thumb Code    72  usart2.o(i.UART_DMA_Config)
    UART_DMA_Enable                          0x08007bb1   Thumb Code    32  usart2.o(i.UART_DMA_Enable)
    USART1_IRQHandler                        0x08007bd1   Thumb Code   122  usart.o(i.USART1_IRQHandler)
    USART2_IRQHandler                        0x08007c59   Thumb Code   138  usart2.o(i.USART2_IRQHandler)
    USART2_Init                              0x08007cf9   Thumb Code   206  usart2.o(i.USART2_Init)
    USART_Cmd                                0x08007ddd   Thumb Code    24  stm32f10x_usart.o(i.USART_Cmd)
    USART_DMACmd                             0x08007df5   Thumb Code    18  stm32f10x_usart.o(i.USART_DMACmd)
    USART_DeInit                             0x08007e09   Thumb Code   134  stm32f10x_usart.o(i.USART_DeInit)
    USART_GetITStatus                        0x08007ea5   Thumb Code    84  stm32f10x_usart.o(i.USART_GetITStatus)
    USART_ITConfig                           0x08007ef9   Thumb Code    74  stm32f10x_usart.o(i.USART_ITConfig)
    USART_Init                               0x08007f45   Thumb Code   210  stm32f10x_usart.o(i.USART_Init)
    USART_ReceiveData                        0x0800801d   Thumb Code    10  stm32f10x_usart.o(i.USART_ReceiveData)
    UsageFault_Handler                       0x08008027   Thumb Code     4  stm32f10x_it.o(i.UsageFault_Handler)
    __ARM_fpclassify                         0x0800802b   Thumb Code    40  fpclassify.o(i.__ARM_fpclassify)
    _is_digit                                0x08008053   Thumb Code    14  __printf_wp.o(i._is_digit)
    _sys_exit                                0x08008061   Thumb Code     6  usart.o(i._sys_exit)
    atk_8266_at_response                     0x08008069   Thumb Code    46  common.o(i.atk_8266_at_response)
    atk_8266_check_cmd                       0x080080a5   Thumb Code    44  common.o(i.atk_8266_check_cmd)
    atk_8266_consta_check                    0x080080d9   Thumb Code    36  common.o(i.atk_8266_consta_check)
    atk_8266_get_wanip                       0x0800811d   Thumb Code    58  common.o(i.atk_8266_get_wanip)
    atk_8266_init                            0x08008171   Thumb Code   732  common.o(i.atk_8266_init)
    atk_8266_quit_trans                      0x080086e1   Thumb Code   100  common.o(i.atk_8266_quit_trans)
    atk_8266_send_cmd                        0x08008751   Thumb Code    92  common.o(i.atk_8266_send_cmd)
    atk_8266_wifisend_data                   0x080087c5   Thumb Code   126  wifista.o(i.atk_8266_wifisend_data)
    delay_init                               0x08008889   Thumb Code    50  delay.o(i.delay_init)
    delay_ms                                 0x080088cd   Thumb Code    72  delay.o(i.delay_ms)
    delay_us                                 0x08008919   Thumb Code    72  delay.o(i.delay_us)
    fputc                                    0x08008965   Thumb Code    24  usart.o(i.fputc)
    main                                     0x08008981   Thumb Code   228  main.o(i.main)
    mem_free                                 0x08008b11   Thumb Code    66  malloc.o(i.mem_free)
    mem_init                                 0x08008b59   Thumb Code    38  malloc.o(i.mem_init)
    mem_malloc                               0x08008b85   Thumb Code   116  malloc.o(i.mem_malloc)
    mem_perused                              0x08008bfd   Thumb Code    42  malloc.o(i.mem_perused)
    myfree                                   0x08008c2d   Thumb Code    24  malloc.o(i.myfree)
    mymalloc                                 0x08008c49   Thumb Code    28  malloc.o(i.mymalloc)
    mymemset                                 0x08008c69   Thumb Code    20  malloc.o(i.mymemset)
    u2_printf                                0x08008c7d   Thumb Code    56  usart2.o(i.u2_printf)
    uart_init                                0x08008cbd   Thumb Code   152  usart.o(i.uart_init)
    _get_lc_numeric                          0x08008d5d   Thumb Code    44  lc_numeric_c.o(locale$$code)
    _get_lc_ctype                            0x08008d89   Thumb Code    44  lc_ctype_c.o(locale$$code)
    __aeabi_d2uiz                            0x08008db5   Thumb Code     0  dfixu.o(x$fpl$dfixu)
    _dfixu                                   0x08008db5   Thumb Code    90  dfixu.o(x$fpl$dfixu)
    __aeabi_ui2d                             0x08008e0f   Thumb Code     0  dflt_clz.o(x$fpl$dfltu)
    _dfltu                                   0x08008e0f   Thumb Code    38  dflt_clz.o(x$fpl$dfltu)
    __aeabi_dmul                             0x08008e35   Thumb Code     0  dmul.o(x$fpl$dmul)
    _dmul                                    0x08008e35   Thumb Code   332  dmul.o(x$fpl$dmul)
    __fpl_dnaninf                            0x08008f89   Thumb Code   156  dnaninf.o(x$fpl$dnaninf)
    __fpl_dretinf                            0x08009025   Thumb Code    12  dretinf.o(x$fpl$dretinf)
    __aeabi_fadd                             0x08009031   Thumb Code     0  faddsub_clz.o(x$fpl$fadd)
    _fadd                                    0x08009031   Thumb Code   196  faddsub_clz.o(x$fpl$fadd)
    __aeabi_f2uiz                            0x080090f5   Thumb Code     0  ffixu.o(x$fpl$ffixu)
    _ffixu                                   0x080090f5   Thumb Code    62  ffixu.o(x$fpl$ffixu)
    __aeabi_ui2f                             0x08009135   Thumb Code     0  fflt_clz.o(x$fpl$ffltu)
    _ffltu                                   0x08009135   Thumb Code    38  fflt_clz.o(x$fpl$ffltu)
    __aeabi_fmul                             0x0800915d   Thumb Code     0  fmul.o(x$fpl$fmul)
    _fmul                                    0x0800915d   Thumb Code   258  fmul.o(x$fpl$fmul)
    __fpl_fnaninf                            0x0800925f   Thumb Code   140  fnaninf.o(x$fpl$fnaninf)
    __fpl_fretinf                            0x080092eb   Thumb Code    10  fretinf.o(x$fpl$fretinf)
    __aeabi_fsub                             0x080092f5   Thumb Code     0  faddsub_clz.o(x$fpl$fsub)
    _fsub                                    0x080092f5   Thumb Code   234  faddsub_clz.o(x$fpl$fsub)
    _printf_fp_dec                           0x080093df   Thumb Code     4  printf1.o(x$fpl$printf1)
    __I$use$fp                               0x080093e2   Number         0  usenofp.o(x$fpl$usenofp)
    asc2_1206                                0x080093e2   Data        1140  lcd.o(.constdata)
    asc2_1608                                0x08009856   Data        1520  lcd.o(.constdata)
    asc2_2412                                0x08009e46   Data        3420  lcd.o(.constdata)
    Region$$Table$$Base                      0x0800ad38   Number         0  anon$$obj.o(Region$$Table)
    Region$$Table$$Limit                     0x0800ad58   Number         0  anon$$obj.o(Region$$Table)
    __ctype                                  0x0800ad81   Data           0  lc_ctype_c.o(locale$$data)
    Time_1ms                                 0x20000000   Data           2  main.o(.data)
    SendCnt                                  0x20000002   Data           2  main.o(.data)
    RecvCnt                                  0x20000004   Data           2  main.o(.data)
    RecvWaitTime                             0x20000008   Data           4  main.o(.data)
    Link_Flag                                0x2000000c   Data           1  main.o(.data)
    SendBuffer                               0x2000000d   Data           6  main.o(.data)
    AckBuffer                                0x20000013   Data           5  main.o(.data)
    SystemCoreClock                          0x20000018   Data           4  system_stm32f10x.o(.data)
    AHBPrescTable                            0x2000001c   Data          16  system_stm32f10x.o(.data)
    __stdout                                 0x20000030   Data           4  usart.o(.data)
    USART_RX_STA                             0x20000034   Data           2  usart.o(.data)
    tp_dev                                   0x2000004c   Data          56  touch.o(.data)
    CMD_RDX                                  0x20000084   Data           1  touch.o(.data)
    CMD_RDY                                  0x20000085   Data           1  touch.o(.data)
    USART2_RX_STA                            0x20000086   Data           2  usart2.o(.data)
    POINT_COLOR                              0x20000088   Data           2  lcd.o(.data)
    BACK_COLOR                               0x2000008a   Data           2  lcd.o(.data)
    PaTabel                                  0x2000008c   Data           8  cc1101.o(.data)
    mallco_dev                               0x20000094   Data          20  malloc.o(.data)
    remote_ip                                0x200000a8   Data           4  common.o(.data)
    portnum                                  0x200000ac   Data           4  common.o(.data)
    wifista_ssid                             0x200000b0   Data           4  common.o(.data)
    PWD_Temp                                 0x200000b4   Data          15  common.o(.data)
    PWD_Index                                0x200000c3   Data           1  common.o(.data)
    IP_Index                                 0x200000c4   Data           1  common.o(.data)
    Pnum_Temp                                0x200000c5   Data           7  common.o(.data)
    Pnum_Index                               0x200000cc   Data           1  common.o(.data)
    ATK_ESP8266_CWMODE_TBL                   0x200000d0   Data          12  common.o(.data)
    ATK_ESP8266_WORKMODE_TBL                 0x200000dc   Data          12  common.o(.data)
    ATK_ESP8266_ECN_TBL                      0x200000e8   Data          20  common.o(.data)
    Join_Scan                                0x200000fc   Data           1  common.o(.data)
    Str_Info                                 0x20000100   Data          20  main.o(.bss)
    USART_RX_BUF                             0x20000114   Data         200  usart.o(.bss)
    USART2_TX_BUF                            0x200001e0   Data        1024  usart2.o(.bss)
    USART2_RX_BUF                            0x200005e0   Data        1200  usart2.o(.bss)
    lcddev                                   0x20000a90   Data          14  lcd.o(.bss)
    SPI_InitStructure                        0x20000a9e   Data          18  spi.o(.bss)
    membase                                  0x20000ab0   Data       35840  malloc.o(.bss)
    memmapbase                               0x200096b0   Data        2240  malloc.o(.bss)
    __libspace_start                         0x20009f70   Data          96  libspace.o(.bss)
    __temporary_stack_top$libspace           0x20009fd0   Data           0  libspace.o(.bss)



==============================================================================

Memory Map of the image

  Image Entry point : 0x08000131

  Load Region LR_IROM1 (Base: 0x08000000, Size: 0x0000af84, Max: 0x00040000, ABSOLUTE)

    Execution Region ER_IROM1 (Base: 0x08000000, Size: 0x0000ae84, Max: 0x00040000, ABSOLUTE)

    Base Addr    Size         Type   Attr      Idx    E Section Name        Object

    0x08000000   0x00000130   Data   RO          353    RESET               startup_stm32f10x_hd.o
    0x08000130   0x00000008   Code   RO         4174  * !!!main             c_w.l(__main.o)
    0x08000138   0x00000034   Code   RO         4476    !!!scatter          c_w.l(__scatter.o)
    0x0800016c   0x0000001a   Code   RO         4478    !!handler_copy      c_w.l(__scatter_copy.o)
    0x08000186   0x00000002   PAD
    0x08000188   0x0000001c   Code   RO         4480    !!handler_zi        c_w.l(__scatter_zi.o)
    0x080001a4   0x00000000   Code   RO         4165    .ARM.Collect$$_printf_percent$$00000000  c_w.l(_printf_percent.o)
    0x080001a4   0x00000006   Code   RO         4236    .ARM.Collect$$_printf_percent$$00000001  c_w.l(_printf_n.o)
    0x080001aa   0x00000006   Code   RO         4237    .ARM.Collect$$_printf_percent$$00000002  c_w.l(_printf_p.o)
    0x080001b0   0x00000006   Code   RO         4241    .ARM.Collect$$_printf_percent$$00000003  c_w.l(_printf_f.o)
    0x080001b6   0x00000006   Code   RO         4242    .ARM.Collect$$_printf_percent$$00000004  c_w.l(_printf_e.o)
    0x080001bc   0x00000006   Code   RO         4243    .ARM.Collect$$_printf_percent$$00000005  c_w.l(_printf_g.o)
    0x080001c2   0x00000006   Code   RO         4244    .ARM.Collect$$_printf_percent$$00000006  c_w.l(_printf_a.o)
    0x080001c8   0x0000000a   Code   RO         4249    .ARM.Collect$$_printf_percent$$00000007  c_w.l(_printf_ll.o)
    0x080001d2   0x00000006   Code   RO         4239    .ARM.Collect$$_printf_percent$$00000008  c_w.l(_printf_i.o)
    0x080001d8   0x00000006   Code   RO         4164    .ARM.Collect$$_printf_percent$$00000009  c_w.l(_printf_d.o)
    0x080001de   0x00000006   Code   RO         4240    .ARM.Collect$$_printf_percent$$0000000A  c_w.l(_printf_u.o)
    0x080001e4   0x00000006   Code   RO         4238    .ARM.Collect$$_printf_percent$$0000000B  c_w.l(_printf_o.o)
    0x080001ea   0x00000006   Code   RO         4163    .ARM.Collect$$_printf_percent$$0000000C  c_w.l(_printf_x.o)
    0x080001f0   0x00000006   Code   RO         4246    .ARM.Collect$$_printf_percent$$0000000D  c_w.l(_printf_lli.o)
    0x080001f6   0x00000006   Code   RO         4247    .ARM.Collect$$_printf_percent$$0000000E  c_w.l(_printf_lld.o)
    0x080001fc   0x00000006   Code   RO         4248    .ARM.Collect$$_printf_percent$$0000000F  c_w.l(_printf_llu.o)
    0x08000202   0x00000006   Code   RO         4253    .ARM.Collect$$_printf_percent$$00000010  c_w.l(_printf_llo.o)
    0x08000208   0x00000006   Code   RO         4254    .ARM.Collect$$_printf_percent$$00000011  c_w.l(_printf_llx.o)
    0x0800020e   0x0000000a   Code   RO         4250    .ARM.Collect$$_printf_percent$$00000012  c_w.l(_printf_l.o)
    0x08000218   0x00000006   Code   RO         4161    .ARM.Collect$$_printf_percent$$00000013  c_w.l(_printf_c.o)
    0x0800021e   0x00000006   Code   RO         4162    .ARM.Collect$$_printf_percent$$00000014  c_w.l(_printf_s.o)
    0x08000224   0x00000006   Code   RO         4251    .ARM.Collect$$_printf_percent$$00000015  c_w.l(_printf_lc.o)
    0x0800022a   0x00000006   Code   RO         4252    .ARM.Collect$$_printf_percent$$00000016  c_w.l(_printf_ls.o)
    0x08000230   0x00000004   Code   RO         4245    .ARM.Collect$$_printf_percent$$00000017  c_w.l(_printf_percent_end.o)
    0x08000234   0x00000002   Code   RO         4341    .ARM.Collect$$libinit$$00000000  c_w.l(libinit.o)
    0x08000236   0x00000000   Code   RO         4357    .ARM.Collect$$libinit$$00000002  c_w.l(libinit2.o)
    0x08000236   0x00000000   Code   RO         4359    .ARM.Collect$$libinit$$00000004  c_w.l(libinit2.o)
    0x08000236   0x00000000   Code   RO         4362    .ARM.Collect$$libinit$$0000000A  c_w.l(libinit2.o)
    0x08000236   0x00000000   Code   RO         4364    .ARM.Collect$$libinit$$0000000C  c_w.l(libinit2.o)
    0x08000236   0x00000000   Code   RO         4366    .ARM.Collect$$libinit$$0000000E  c_w.l(libinit2.o)
    0x08000236   0x00000006   Code   RO         4367    .ARM.Collect$$libinit$$0000000F  c_w.l(libinit2.o)
    0x0800023c   0x00000000   Code   RO         4369    .ARM.Collect$$libinit$$00000011  c_w.l(libinit2.o)
    0x0800023c   0x0000000c   Code   RO         4370    .ARM.Collect$$libinit$$00000012  c_w.l(libinit2.o)
    0x08000248   0x00000000   Code   RO         4371    .ARM.Collect$$libinit$$00000013  c_w.l(libinit2.o)
    0x08000248   0x00000000   Code   RO         4373    .ARM.Collect$$libinit$$00000015  c_w.l(libinit2.o)
    0x08000248   0x0000000a   Code   RO         4374    .ARM.Collect$$libinit$$00000016  c_w.l(libinit2.o)
    0x08000252   0x00000000   Code   RO         4375    .ARM.Collect$$libinit$$00000017  c_w.l(libinit2.o)
    0x08000252   0x00000000   Code   RO         4377    .ARM.Collect$$libinit$$00000019  c_w.l(libinit2.o)
    0x08000252   0x00000000   Code   RO         4379    .ARM.Collect$$libinit$$0000001B  c_w.l(libinit2.o)
    0x08000252   0x00000000   Code   RO         4381    .ARM.Collect$$libinit$$0000001D  c_w.l(libinit2.o)
    0x08000252   0x00000000   Code   RO         4383    .ARM.Collect$$libinit$$0000001F  c_w.l(libinit2.o)
    0x08000252   0x00000000   Code   RO         4385    .ARM.Collect$$libinit$$00000021  c_w.l(libinit2.o)
    0x08000252   0x00000000   Code   RO         4387    .ARM.Collect$$libinit$$00000023  c_w.l(libinit2.o)
    0x08000252   0x00000000   Code   RO         4389    .ARM.Collect$$libinit$$00000025  c_w.l(libinit2.o)
    0x08000252   0x00000000   Code   RO         4393    .ARM.Collect$$libinit$$0000002C  c_w.l(libinit2.o)
    0x08000252   0x00000000   Code   RO         4395    .ARM.Collect$$libinit$$0000002E  c_w.l(libinit2.o)
    0x08000252   0x00000000   Code   RO         4397    .ARM.Collect$$libinit$$00000030  c_w.l(libinit2.o)
    0x08000252   0x00000000   Code   RO         4399    .ARM.Collect$$libinit$$00000032  c_w.l(libinit2.o)
    0x08000252   0x00000002   Code   RO         4400    .ARM.Collect$$libinit$$00000033  c_w.l(libinit2.o)
    0x08000254   0x00000002   Code   RO         4418    .ARM.Collect$$libshutdown$$00000000  c_w.l(libshutdown.o)
    0x08000256   0x00000000   Code   RO         4428    .ARM.Collect$$libshutdown$$00000002  c_w.l(libshutdown2.o)
    0x08000256   0x00000000   Code   RO         4430    .ARM.Collect$$libshutdown$$00000004  c_w.l(libshutdown2.o)
    0x08000256   0x00000000   Code   RO         4433    .ARM.Collect$$libshutdown$$00000007  c_w.l(libshutdown2.o)
    0x08000256   0x00000000   Code   RO         4436    .ARM.Collect$$libshutdown$$0000000A  c_w.l(libshutdown2.o)
    0x08000256   0x00000000   Code   RO         4438    .ARM.Collect$$libshutdown$$0000000C  c_w.l(libshutdown2.o)
    0x08000256   0x00000000   Code   RO         4441    .ARM.Collect$$libshutdown$$0000000F  c_w.l(libshutdown2.o)
    0x08000256   0x00000002   Code   RO         4442    .ARM.Collect$$libshutdown$$00000010  c_w.l(libshutdown2.o)
    0x08000258   0x00000000   Code   RO         4208    .ARM.Collect$$rtentry$$00000000  c_w.l(__rtentry.o)
    0x08000258   0x00000000   Code   RO         4267    .ARM.Collect$$rtentry$$00000002  c_w.l(__rtentry2.o)
    0x08000258   0x00000006   Code   RO         4279    .ARM.Collect$$rtentry$$00000004  c_w.l(__rtentry4.o)
    0x0800025e   0x00000000   Code   RO         4269    .ARM.Collect$$rtentry$$00000009  c_w.l(__rtentry2.o)
    0x0800025e   0x00000004   Code   RO         4270    .ARM.Collect$$rtentry$$0000000A  c_w.l(__rtentry2.o)
    0x08000262   0x00000000   Code   RO         4272    .ARM.Collect$$rtentry$$0000000C  c_w.l(__rtentry2.o)
    0x08000262   0x00000008   Code   RO         4273    .ARM.Collect$$rtentry$$0000000D  c_w.l(__rtentry2.o)
    0x0800026a   0x00000002   Code   RO         4349    .ARM.Collect$$rtexit$$00000000  c_w.l(rtexit.o)
    0x0800026c   0x00000000   Code   RO         4402    .ARM.Collect$$rtexit$$00000002  c_w.l(rtexit2.o)
    0x0800026c   0x00000004   Code   RO         4403    .ARM.Collect$$rtexit$$00000003  c_w.l(rtexit2.o)
    0x08000270   0x00000006   Code   RO         4404    .ARM.Collect$$rtexit$$00000004  c_w.l(rtexit2.o)
    0x08000276   0x00000002   PAD
    0x08000278   0x00000040   Code   RO          354    .text               startup_stm32f10x_hd.o
    0x080002b8   0x00000002   Code   RO         4102    .text               c_w.l(use_no_semi_2.o)
    0x080002ba   0x00000002   PAD
    0x080002bc   0x00000024   Code   RO         4104    .text               c_w.l(c89vsprintf.o)
    0x080002e0   0x00000018   Code   RO         4106    .text               c_w.l(__2printf.o)
    0x080002f8   0x0000002c   Code   RO         4108    .text               c_w.l(__2sprintf.o)
    0x08000324   0x00000052   Code   RO         4116    .text               c_w.l(_printf_str.o)
    0x08000376   0x00000002   PAD
    0x08000378   0x00000078   Code   RO         4118    .text               c_w.l(_printf_dec.o)
    0x080003f0   0x00000094   Code   RO         4138    .text               c_w.l(_printf_hex_int_ll_ptr.o)
    0x08000484   0x00000188   Code   RO         4158    .text               c_w.l(__printf_flags_ss_wp.o)
    0x0800060c   0x00000024   Code   RO         4166    .text               c_w.l(strstr.o)
    0x08000630   0x0000003e   Code   RO         4168    .text               c_w.l(strlen.o)
    0x0800066e   0x00000006   Code   RO         4172    .text               c_w.l(heapauxi.o)
    0x08000674   0x00000002   Code   RO         4206    .text               c_w.l(use_no_semi.o)
    0x08000676   0x0000004e   Code   RO         4209    .text               c_w.l(_printf_pad.o)
    0x080006c4   0x00000024   Code   RO         4211    .text               c_w.l(_printf_truncate.o)
    0x080006e8   0x000000b2   Code   RO         4213    .text               c_w.l(_printf_intcommon.o)
    0x0800079a   0x00000028   Code   RO         4215    .text               c_w.l(_printf_charcount.o)
    0x080007c2   0x00000002   PAD
    0x080007c4   0x00000030   Code   RO         4217    .text               c_w.l(_printf_char_common.o)
    0x080007f4   0x0000000a   Code   RO         4219    .text               c_w.l(_sputc.o)
    0x080007fe   0x0000002c   Code   RO         4221    .text               c_w.l(_printf_char.o)
    0x0800082a   0x00000002   PAD
    0x0800082c   0x00000024   Code   RO         4223    .text               c_w.l(_printf_char_file.o)
    0x08000850   0x000000bc   Code   RO         4225    .text               c_w.l(_printf_wctomb.o)
    0x0800090c   0x0000007c   Code   RO         4228    .text               c_w.l(_printf_longlong_dec.o)
    0x08000988   0x00000070   Code   RO         4234    .text               c_w.l(_printf_oct_int_ll.o)
    0x080009f8   0x0000008a   Code   RO         4281    .text               c_w.l(lludiv10.o)
    0x08000a82   0x0000041a   Code   RO         4283    .text               c_w.l(_printf_fp_dec.o)
    0x08000e9c   0x0000002c   Code   RO         4287    .text               c_w.l(_printf_wchar.o)
    0x08000ec8   0x00000008   Code   RO         4289    .text               c_w.l(ferror.o)
    0x08000ed0   0x00000040   Code   RO         4293    .text               c_w.l(_wcrtomb.o)
    0x08000f10   0x0000004a   Code   RO         4295    .text               c_w.l(sys_stackheap_outer.o)
    0x08000f5a   0x00000002   PAD
    0x08000f5c   0x00000010   Code   RO         4297    .text               c_w.l(rt_ctype_table.o)
    0x08000f6c   0x00000008   Code   RO         4302    .text               c_w.l(rt_locale_intlibspace.o)
    0x08000f74   0x00000080   Code   RO         4304    .text               c_w.l(_printf_fp_infnan.o)
    0x08000ff4   0x000000dc   Code   RO         4306    .text               c_w.l(bigflt0.o)
    0x080010d0   0x00000012   Code   RO         4334    .text               c_w.l(exit.o)
    0x080010e2   0x00000002   PAD
    0x080010e4   0x00000008   Code   RO         4346    .text               c_w.l(libspace.o)
    0x080010ec   0x00000080   Code   RO         4354    .text               c_w.l(strcmpv7m.o)
    0x0800116c   0x0000003e   Code   RO         4309    CL$$btod_d2e        c_w.l(btod.o)
    0x080011aa   0x00000046   Code   RO         4311    CL$$btod_d2e_denorm_low  c_w.l(btod.o)
    0x080011f0   0x00000060   Code   RO         4310    CL$$btod_d2e_norm_op1  c_w.l(btod.o)
    0x08001250   0x00000338   Code   RO         4319    CL$$btod_div_common  c_w.l(btod.o)
    0x08001588   0x000000c6   Code   RO         4316    CL$$btod_e2e        c_w.l(btod.o)
    0x0800164e   0x00000028   Code   RO         4313    CL$$btod_ediv       c_w.l(btod.o)
    0x08001676   0x00000028   Code   RO         4312    CL$$btod_emul       c_w.l(btod.o)
    0x0800169e   0x00000244   Code   RO         4318    CL$$btod_mult_common  c_w.l(btod.o)
    0x080018e2   0x00000004   Code   RO          131    i.BusFault_Handler  stm32f10x_it.o
    0x080018e6   0x0000000e   Code   RO         3731    i.CC1101ClrRXBuff   cc1101.o
    0x080018f4   0x0000000e   Code   RO         3732    i.CC1101ClrTXBuff   cc1101.o
    0x08001902   0x0000000e   Code   RO         3733    i.CC1101GetRXCnt    cc1101.o
    0x08001910   0x000000f4   Code   RO         3734    i.CC1101Init        cc1101.o
    0x08001a04   0x00000060   Code   RO         3735    i.CC1101ReadMultiReg  cc1101.o
    0x08001a64   0x0000003c   Code   RO         3736    i.CC1101ReadReg     cc1101.o
    0x08001aa0   0x0000003c   Code   RO         3737    i.CC1101ReadStatus  cc1101.o
    0x08001adc   0x00000066   Code   RO         3738    i.CC1101RecPacket   cc1101.o
    0x08001b42   0x00000002   PAD
    0x08001b44   0x0000003c   Code   RO         3739    i.CC1101Reset       cc1101.o
    0x08001b80   0x000000a4   Code   RO         3740    i.CC1101SendPacket  cc1101.o
    0x08001c24   0x00000038   Code   RO         3741    i.CC1101SetAddress  cc1101.o
    0x08001c5c   0x0000000a   Code   RO         3742    i.CC1101SetIdle     cc1101.o
    0x08001c66   0x00000018   Code   RO         3743    i.CC1101SetSYNC     cc1101.o
    0x08001c7e   0x0000002a   Code   RO         3744    i.CC1101SetTRMode   cc1101.o
    0x08001ca8   0x00000030   Code   RO         3746    i.CC1101WriteCmd    cc1101.o
    0x08001cd8   0x0000004c   Code   RO         3747    i.CC1101WriteMultiReg  cc1101.o
    0x08001d24   0x00000038   Code   RO         3748    i.CC1101WriteReg    cc1101.o
    0x08001d5c   0x00000018   Code   RO         1106    i.DMA_Cmd           stm32f10x_dma.o
    0x08001d74   0x0000014c   Code   RO         1107    i.DMA_DeInit        stm32f10x_dma.o
    0x08001ec0   0x00000008   Code   RO         1108    i.DMA_GetCurrDataCounter  stm32f10x_dma.o
    0x08001ec8   0x0000003c   Code   RO         1112    i.DMA_Init          stm32f10x_dma.o
    0x08001f04   0x00000004   Code   RO         1113    i.DMA_SetCurrDataCounter  stm32f10x_dma.o
    0x08001f08   0x00000002   Code   RO          132    i.DebugMon_Handler  stm32f10x_it.o
    0x08001f0a   0x00000116   Code   RO         1539    i.GPIO_Init         stm32f10x_gpio.o
    0x08002020   0x00000090   Code   RO         1541    i.GPIO_PinRemapConfig  stm32f10x_gpio.o
    0x080020b0   0x00000012   Code   RO         1543    i.GPIO_ReadInputDataBit  stm32f10x_gpio.o
    0x080020c2   0x00000004   Code   RO         1546    i.GPIO_ResetBits    stm32f10x_gpio.o
    0x080020c6   0x00000004   Code   RO         1547    i.GPIO_SetBits      stm32f10x_gpio.o
    0x080020ca   0x0000000a   Code   RO         3749    i.Get_1101RSSI      cc1101.o
    0x080020d4   0x00000004   Code   RO          133    i.HardFault_Handler  stm32f10x_it.o
    0x080020d8   0x00000088   Code   RO         3525    i.LCD_Clear         lcd.o
    0x08002160   0x000001c0   Code   RO         3529    i.LCD_Display_Dir   lcd.o
    0x08002320   0x00000364   Code   RO         3534    i.LCD_Fast_DrawPoint  lcd.o
    0x08002684   0x00003bbc   Code   RO         3536    i.LCD_Init          lcd.o
    0x08006240   0x00000070   Code   RO         3538    i.LCD_RD_DATA       lcd.o
    0x080062b0   0x00000010   Code   RO         3540    i.LCD_ReadReg       lcd.o
    0x080062c0   0x000000d4   Code   RO         3541    i.LCD_SSD_BackLightSet  lcd.o
    0x08006394   0x00000458   Code   RO         3542    i.LCD_Scan_Dir      lcd.o
    0x080067ec   0x000003bc   Code   RO         3543    i.LCD_SetCursor     lcd.o
    0x08006ba8   0x00000128   Code   RO         3545    i.LCD_ShowChar      lcd.o
    0x08006cd0   0x00000066   Code   RO         3547    i.LCD_ShowString    lcd.o
    0x08006d36   0x00000002   PAD
    0x08006d38   0x00000024   Code   RO         3549    i.LCD_WR_DATAX      lcd.o
    0x08006d5c   0x00000024   Code   RO         3550    i.LCD_WR_REG        lcd.o
    0x08006d80   0x00000010   Code   RO         3552    i.LCD_WriteRAM_Prepare  lcd.o
    0x08006d90   0x00000030   Code   RO         3553    i.LCD_WriteReg      lcd.o
    0x08006dc0   0x00000004   Code   RO          134    i.MemManage_Handler  stm32f10x_it.o
    0x08006dc4   0x00000002   Code   RO          135    i.NMI_Handler       stm32f10x_it.o
    0x08006dc6   0x00000002   PAD
    0x08006dc8   0x00000070   Code   RO          358    i.NVIC_Init         misc.o
    0x08006e38   0x00000014   Code   RO          359    i.NVIC_PriorityGroupConfig  misc.o
    0x08006e4c   0x00000002   Code   RO          136    i.PendSV_Handler    stm32f10x_it.o
    0x08006e4e   0x00000002   PAD
    0x08006e50   0x00000020   Code   RO         1963    i.RCC_AHBPeriphClockCmd  stm32f10x_rcc.o
    0x08006e70   0x00000020   Code   RO         1964    i.RCC_APB1PeriphClockCmd  stm32f10x_rcc.o
    0x08006e90   0x00000020   Code   RO         1965    i.RCC_APB1PeriphResetCmd  stm32f10x_rcc.o
    0x08006eb0   0x00000020   Code   RO         1966    i.RCC_APB2PeriphClockCmd  stm32f10x_rcc.o
    0x08006ed0   0x00000020   Code   RO         1967    i.RCC_APB2PeriphResetCmd  stm32f10x_rcc.o
    0x08006ef0   0x000000d4   Code   RO         1974    i.RCC_GetClocksFreq  stm32f10x_rcc.o
    0x08006fc4   0x000002ac   Code   RO            1    i.RF_RecvHandler    main.o
    0x08007270   0x00000078   Code   RO         3884    i.SPI1_Init         spi.o
    0x080072e8   0x00000054   Code   RO         3885    i.SPI1_ReadWriteByte  spi.o
    0x0800733c   0x00000018   Code   RO         2449    i.SPI_Cmd           stm32f10x_spi.o
    0x08007354   0x00000012   Code   RO         3750    i.SPI_ExchangeByte  cc1101.o
    0x08007366   0x00000012   Code   RO         2457    i.SPI_I2S_GetFlagStatus  stm32f10x_spi.o
    0x08007378   0x00000006   Code   RO         2460    i.SPI_I2S_ReceiveData  stm32f10x_spi.o
    0x0800737e   0x00000004   Code   RO         2461    i.SPI_I2S_SendData  stm32f10x_spi.o
    0x08007382   0x0000003c   Code   RO         2462    i.SPI_Init          stm32f10x_spi.o
    0x080073be   0x00000002   Code   RO          137    i.SVC_Handler       stm32f10x_it.o
    0x080073c0   0x00000008   Code   RO          211    i.SetSysClock       system_stm32f10x.o
    0x080073c8   0x000000e0   Code   RO          212    i.SetSysClockTo72   system_stm32f10x.o
    0x080074a8   0x00000028   Code   RO          362    i.SysTick_CLKSourceConfig  misc.o
    0x080074d0   0x00000002   Code   RO          138    i.SysTick_Handler   stm32f10x_it.o
    0x080074d2   0x00000002   PAD
    0x080074d4   0x00000060   Code   RO          214    i.SystemInit        system_stm32f10x.o
    0x08007534   0x00000030   Code   RO         3751    i.TIM3_IRQHandler   cc1101.o
    0x08007564   0x0000005c   Code   RO         3752    i.TIM3_Init         cc1101.o
    0x080075c0   0x0000003c   Code   RO         3753    i.TIM3_Set          cc1101.o
    0x080075fc   0x00000030   Code   RO         3452    i.TIM4_IRQHandler   usart2.o
    0x0800762c   0x00000058   Code   RO         3453    i.TIM4_Init         usart2.o
    0x08007684   0x00000028   Code   RO         3454    i.TIM4_Set          usart2.o
    0x080076ac   0x00000006   Code   RO         2599    i.TIM_ClearITPendingBit  stm32f10x_tim.o
    0x080076b2   0x00000018   Code   RO         2604    i.TIM_Cmd           stm32f10x_tim.o
    0x080076ca   0x00000022   Code   RO         2625    i.TIM_GetITStatus   stm32f10x_tim.o
    0x080076ec   0x00000012   Code   RO         2629    i.TIM_ITConfig      stm32f10x_tim.o
    0x080076fe   0x00000004   Code   RO         2669    i.TIM_SetCounter    stm32f10x_tim.o
    0x08007702   0x00000002   PAD
    0x08007704   0x000000a4   Code   RO         2675    i.TIM_TimeBaseInit  stm32f10x_tim.o
    0x080077a8   0x0000003c   Code   RO         3373    i.TP_Adjust         touch.o
    0x080077e4   0x00000054   Code   RO         3376    i.TP_Init           touch.o
    0x08007838   0x00000088   Code   RO         3377    i.TP_Read_AD        touch.o
    0x080078c0   0x00000078   Code   RO         3378    i.TP_Read_XOY       touch.o
    0x08007938   0x00000030   Code   RO         3379    i.TP_Read_XY        touch.o
    0x08007968   0x000000c0   Code   RO         3380    i.TP_Read_XY2       touch.o
    0x08007a28   0x00000100   Code   RO         3381    i.TP_Scan           touch.o
    0x08007b28   0x00000040   Code   RO         3382    i.TP_Write_Byte     touch.o
    0x08007b68   0x00000048   Code   RO         3455    i.UART_DMA_Config   usart2.o
    0x08007bb0   0x00000020   Code   RO         3456    i.UART_DMA_Enable   usart2.o
    0x08007bd0   0x00000088   Code   RO          300    i.USART1_IRQHandler  usart.o
    0x08007c58   0x000000a0   Code   RO         3457    i.USART2_IRQHandler  usart2.o
    0x08007cf8   0x000000e4   Code   RO         3458    i.USART2_Init       usart2.o
    0x08007ddc   0x00000018   Code   RO         3140    i.USART_Cmd         stm32f10x_usart.o
    0x08007df4   0x00000012   Code   RO         3141    i.USART_DMACmd      stm32f10x_usart.o
    0x08007e06   0x00000002   PAD
    0x08007e08   0x0000009c   Code   RO         3142    i.USART_DeInit      stm32f10x_usart.o
    0x08007ea4   0x00000054   Code   RO         3144    i.USART_GetITStatus  stm32f10x_usart.o
    0x08007ef8   0x0000004a   Code   RO         3146    i.USART_ITConfig    stm32f10x_usart.o
    0x08007f42   0x00000002   PAD
    0x08007f44   0x000000d8   Code   RO         3147    i.USART_Init        stm32f10x_usart.o
    0x0800801c   0x0000000a   Code   RO         3154    i.USART_ReceiveData  stm32f10x_usart.o
    0x08008026   0x00000004   Code   RO          139    i.UsageFault_Handler  stm32f10x_it.o
    0x0800802a   0x00000028   Code   RO         4344    i.__ARM_fpclassify  m_ws.l(fpclassify.o)
    0x08008052   0x0000000e   Code   RO         4151    i._is_digit         c_w.l(__printf_wp.o)
    0x08008060   0x00000006   Code   RO          301    i._sys_exit         usart.o
    0x08008066   0x00000002   PAD
    0x08008068   0x0000003c   Code   RO         3986    i.atk_8266_at_response  common.o
    0x080080a4   0x00000034   Code   RO         3987    i.atk_8266_check_cmd  common.o
    0x080080d8   0x00000044   Code   RO         3988    i.atk_8266_consta_check  common.o
    0x0800811c   0x00000054   Code   RO         3989    i.atk_8266_get_wanip  common.o
    0x08008170   0x00000570   Code   RO         3990    i.atk_8266_init     common.o
    0x080086e0   0x00000070   Code   RO         3991    i.atk_8266_quit_trans  common.o
    0x08008750   0x00000074   Code   RO         3992    i.atk_8266_send_cmd  common.o
    0x080087c4   0x000000c4   Code   RO         4088    i.atk_8266_wifisend_data  wifista.o
    0x08008888   0x00000044   Code   RO          245    i.delay_init        delay.o
    0x080088cc   0x0000004c   Code   RO          246    i.delay_ms          delay.o
    0x08008918   0x0000004c   Code   RO          247    i.delay_us          delay.o
    0x08008964   0x0000001c   Code   RO          302    i.fputc             usart.o
    0x08008980   0x00000190   Code   RO            3    i.main              main.o
    0x08008b10   0x00000048   Code   RO         3911    i.mem_free          malloc.o
    0x08008b58   0x0000002c   Code   RO         3912    i.mem_init          malloc.o
    0x08008b84   0x00000078   Code   RO         3913    i.mem_malloc        malloc.o
    0x08008bfc   0x00000030   Code   RO         3914    i.mem_perused       malloc.o
    0x08008c2c   0x0000001c   Code   RO         3915    i.myfree            malloc.o
    0x08008c48   0x00000020   Code   RO         3916    i.mymalloc          malloc.o
    0x08008c68   0x00000014   Code   RO         3918    i.mymemset          malloc.o
    0x08008c7c   0x00000040   Code   RO         3459    i.u2_printf         usart2.o
    0x08008cbc   0x000000a0   Code   RO          303    i.uart_init         usart.o
    0x08008d5c   0x0000002c   Code   RO         4332    locale$$code        c_w.l(lc_numeric_c.o)
    0x08008d88   0x0000002c   Code   RO         4352    locale$$code        c_w.l(lc_ctype_c.o)
    0x08008db4   0x0000005a   Code   RO         4176    x$fpl$dfixu         fz_ws.l(dfixu.o)
    0x08008e0e   0x00000026   Code   RO         4180    x$fpl$dfltu         fz_ws.l(dflt_clz.o)
    0x08008e34   0x00000154   Code   RO         4186    x$fpl$dmul          fz_ws.l(dmul.o)
    0x08008f88   0x0000009c   Code   RO         4255    x$fpl$dnaninf       fz_ws.l(dnaninf.o)
    0x08009024   0x0000000c   Code   RO         4257    x$fpl$dretinf       fz_ws.l(dretinf.o)
    0x08009030   0x000000c4   Code   RO         4188    x$fpl$fadd          fz_ws.l(faddsub_clz.o)
    0x080090f4   0x0000003e   Code   RO         4194    x$fpl$ffixu         fz_ws.l(ffixu.o)
    0x08009132   0x00000002   PAD
    0x08009134   0x00000026   Code   RO         4198    x$fpl$ffltu         fz_ws.l(fflt_clz.o)
    0x0800915a   0x00000002   PAD
    0x0800915c   0x00000102   Code   RO         4204    x$fpl$fmul          fz_ws.l(fmul.o)
    0x0800925e   0x0000008c   Code   RO         4259    x$fpl$fnaninf       fz_ws.l(fnaninf.o)
    0x080092ea   0x0000000a   Code   RO         4261    x$fpl$fretinf       fz_ws.l(fretinf.o)
    0x080092f4   0x000000ea   Code   RO         4190    x$fpl$fsub          fz_ws.l(faddsub_clz.o)
    0x080093de   0x00000004   Code   RO         4263    x$fpl$printf1       fz_ws.l(printf1.o)
    0x080093e2   0x00000000   Code   RO         4265    x$fpl$usenofp       fz_ws.l(usenofp.o)
    0x080093e2   0x000017c0   Data   RO         3556    .constdata          lcd.o
    0x0800aba2   0x0000002e   Data   RO         3754    .constdata          cc1101.o
    0x0800abd0   0x00000028   Data   RO         4139    .constdata          c_w.l(_printf_hex_int_ll_ptr.o)
    0x0800abf8   0x00000011   Data   RO         4159    .constdata          c_w.l(__printf_flags_ss_wp.o)
    0x0800ac09   0x00000003   PAD
    0x0800ac0c   0x00000008   Data   RO         4226    .constdata          c_w.l(_printf_wctomb.o)
    0x0800ac14   0x00000094   Data   RO         4307    .constdata          c_w.l(bigflt0.o)
    0x0800aca8   0x0000008e   Data   RO         3996    .conststring        common.o
    0x0800ad36   0x00000002   PAD
    0x0800ad38   0x00000020   Data   RO         4474    Region$$Table       anon$$obj.o
    0x0800ad58   0x0000001c   Data   RO         4331    locale$$data        c_w.l(lc_numeric_c.o)
    0x0800ad74   0x00000110   Data   RO         4351    locale$$data        c_w.l(lc_ctype_c.o)


    Execution Region RW_IRAM1 (Base: 0x20000000, Size: 0x0000a5d0, Max: 0x0000c000, ABSOLUTE)

    Base Addr    Size         Type   Attr      Idx    E Section Name        Object

    0x20000000   0x00000018   Data   RW            6    .data               main.o
    0x20000018   0x00000014   Data   RW          215    .data               system_stm32f10x.o
    0x2000002c   0x00000004   Data   RW          248    .data               delay.o
    0x20000030   0x00000006   Data   RW          305    .data               usart.o
    0x20000036   0x00000014   Data   RW         1994    .data               stm32f10x_rcc.o
    0x2000004a   0x00000002   PAD
    0x2000004c   0x0000003a   Data   RW         3383    .data               touch.o
    0x20000086   0x00000002   Data   RW         3461    .data               usart2.o
    0x20000088   0x00000004   Data   RW         3557    .data               lcd.o
    0x2000008c   0x00000008   Data   RW         3755    .data               cc1101.o
    0x20000094   0x00000014   Data   RW         3922    .data               malloc.o
    0x200000a8   0x00000055   Data   RW         3997    .data               common.o
    0x200000fd   0x00000003   PAD
    0x20000100   0x00000014   Zero   RW            4    .bss                main.o
    0x20000114   0x000000c8   Zero   RW          304    .bss                usart.o
    0x200001dc   0x00000004   PAD
    0x200001e0   0x000008b0   Zero   RW         3460    .bss                usart2.o
    0x20000a90   0x0000000e   Zero   RW         3555    .bss                lcd.o
    0x20000a9e   0x00000012   Zero   RW         3887    .bss                spi.o
    0x20000ab0   0x000094c0   Zero   RW         3920    .bss                malloc.o
    0x20009f70   0x00000060   Zero   RW         4347    .bss                c_w.l(libspace.o)
    0x20009fd0   0x00000200   Zero   RW          352    HEAP                startup_stm32f10x_hd.o
    0x2000a1d0   0x00000400   Zero   RW          351    STACK               startup_stm32f10x_hd.o


==============================================================================

Image component sizes


      Code (inc. data)   RO Data    RW Data    ZI Data      Debug   Object Name

      1368        106         46          8          0      12654   cc1101.o
      1884        776        142         85          0       5718   common.o
       220         26          0          4          0       1603   delay.o
     19686        240       6080          4         14      22044   lcd.o
      1084        400          0         24         20     272997   main.o
       364         30          0         20      38080       5126   malloc.o
       172         22          0          0          0       1937   misc.o
       204         20          0          0         18       1349   spi.o
        64         26        304          0       1536        776   startup_stm32f10x_hd.o
       428          8          0          0          0       4368   stm32f10x_dma.o
       448          6          0          0          0       4326   stm32f10x_gpio.o
        26          0          0          0          0       3442   stm32f10x_it.o
       372         50          0         20          0       5912   stm32f10x_rcc.o
       112          0          0          0          0       3662   stm32f10x_spi.o
       250         42          0          0          0       3883   stm32f10x_tim.o
       582         28          0          0          0       5972   stm32f10x_usart.o
         0          0          0          0          0         32   sys.o
       328         28          0         20          0       1937   system_stm32f10x.o
       960         74          0         58          0       6087   touch.o
       330         26          0          6        200       3984   usart.o
       732         72          0          2       2224       5951   usart2.o
       196         70          0          0          0       1041   wifista.o

    ----------------------------------------------------------------------
     29828       2050       6606        256      42096     374801   Object Totals
         0          0         32          0          0          0   (incl. Generated)
        18          0          2          5          4          0   (incl. Padding)

    ----------------------------------------------------------------------

      Code (inc. data)   RO Data    RW Data    ZI Data      Debug   Library Member Name

        24          4          0          0          0         84   __2printf.o
        44          6          0          0          0         84   __2sprintf.o
         8          0          0          0          0         68   __main.o
       392          4         17          0          0         92   __printf_flags_ss_wp.o
        14          0          0          0          0         68   __printf_wp.o
         0          0          0          0          0          0   __rtentry.o
        12          0          0          0          0          0   __rtentry2.o
         6          0          0          0          0          0   __rtentry4.o
        52          8          0          0          0          0   __scatter.o
        26          0          0          0          0          0   __scatter_copy.o
        28          0          0          0          0          0   __scatter_zi.o
         6          0          0          0          0          0   _printf_a.o
         6          0          0          0          0          0   _printf_c.o
        44          0          0          0          0        108   _printf_char.o
        48          6          0          0          0         96   _printf_char_common.o
        36          4          0          0          0         80   _printf_char_file.o
        40          0          0          0          0         68   _printf_charcount.o
         6          0          0          0          0          0   _printf_d.o
       120         16          0          0          0         92   _printf_dec.o
         6          0          0          0          0          0   _printf_e.o
         6          0          0          0          0          0   _printf_f.o
      1050          0          0          0          0        216   _printf_fp_dec.o
       128         16          0          0          0         84   _printf_fp_infnan.o
         6          0          0          0          0          0   _printf_g.o
       148          4         40          0          0        160   _printf_hex_int_ll_ptr.o
         6          0          0          0          0          0   _printf_i.o
       178          0          0          0          0         88   _printf_intcommon.o
        10          0          0          0          0          0   _printf_l.o
         6          0          0          0          0          0   _printf_lc.o
        10          0          0          0          0          0   _printf_ll.o
         6          0          0          0          0          0   _printf_lld.o
         6          0          0          0          0          0   _printf_lli.o
         6          0          0          0          0          0   _printf_llo.o
         6          0          0          0          0          0   _printf_llu.o
         6          0          0          0          0          0   _printf_llx.o
       124         16          0          0          0         92   _printf_longlong_dec.o
         6          0          0          0          0          0   _printf_ls.o
         6          0          0          0          0          0   _printf_n.o
         6          0          0          0          0          0   _printf_o.o
       112          8          0          0          0        124   _printf_oct_int_ll.o
         6          0          0          0          0          0   _printf_p.o
        78          0          0          0          0        108   _printf_pad.o
         0          0          0          0          0          0   _printf_percent.o
         4          0          0          0          0          0   _printf_percent_end.o
         6          0          0          0          0          0   _printf_s.o
        82          0          0          0          0         80   _printf_str.o
        36          0          0          0          0         84   _printf_truncate.o
         6          0          0          0          0          0   _printf_u.o
        44          0          0          0          0        108   _printf_wchar.o
       188          6          8          0          0         92   _printf_wctomb.o
         6          0          0          0          0          0   _printf_x.o
        10          0          0          0          0         68   _sputc.o
        64          0          0          0          0         92   _wcrtomb.o
       220          4        148          0          0         96   bigflt0.o
      1910        128          0          0          0        672   btod.o
        36          4          0          0          0         76   c89vsprintf.o
        18          0          0          0          0         80   exit.o
         8          0          0          0          0         68   ferror.o
         6          0          0          0          0        152   heapauxi.o
        44         10        272          0          0         76   lc_ctype_c.o
        44         10         28          0          0         76   lc_numeric_c.o
         2          0          0          0          0          0   libinit.o
        30          0          0          0          0          0   libinit2.o
         2          0          0          0          0          0   libshutdown.o
         2          0          0          0          0          0   libshutdown2.o
         8          4          0          0         96         68   libspace.o
       138          0          0          0          0         80   lludiv10.o
        16          4          0          0          0         76   rt_ctype_table.o
         8          4          0          0          0         68   rt_locale_intlibspace.o
         2          0          0          0          0          0   rtexit.o
        10          0          0          0          0          0   rtexit2.o
       128          0          0          0          0         68   strcmpv7m.o
        62          0          0          0          0         76   strlen.o
        36          0          0          0          0         80   strstr.o
        74          0          0          0          0         80   sys_stackheap_outer.o
         2          0          0          0          0         68   use_no_semi.o
         2          0          0          0          0         68   use_no_semi_2.o
        90          4          0          0          0         92   dfixu.o
        38          0          0          0          0         68   dflt_clz.o
       340         12          0          0          0        104   dmul.o
       156          4          0          0          0         92   dnaninf.o
        12          0          0          0          0         68   dretinf.o
       430          8          0          0          0        168   faddsub_clz.o
        62          4          0          0          0         84   ffixu.o
        38          0          0          0          0         68   fflt_clz.o
       258          4          0          0          0         84   fmul.o
       140          4          0          0          0         84   fnaninf.o
        10          0          0          0          0         68   fretinf.o
         4          0          0          0          0         68   printf1.o
         0          0          0          0          0          0   usenofp.o
        40          0          0          0          0         68   fpclassify.o

    ----------------------------------------------------------------------
      7726        306        516          0         96       5380   Library Totals
        20          0          3          0          0          0   (incl. Padding)

    ----------------------------------------------------------------------

      Code (inc. data)   RO Data    RW Data    ZI Data      Debug   Library Name

      6088        266        513          0         96       4264   c_w.l
      1578         40          0          0          0       1048   fz_ws.l
        40          0          0          0          0         68   m_ws.l

    ----------------------------------------------------------------------
      7726        306        516          0         96       5380   Library Totals

    ----------------------------------------------------------------------

==============================================================================


      Code (inc. data)   RO Data    RW Data    ZI Data      Debug   

     37554       2356       7122        256      42192     370661   Grand Totals
     37554       2356       7122        256      42192     370661   ELF Image Totals
     37554       2356       7122        256          0          0   ROM Totals

==============================================================================

    Total RO  Size (Code + RO Data)                44676 (  43.63kB)
    Total RW  Size (RW Data + ZI Data)             42448 (  41.45kB)
    Total ROM Size (Code + RO Data + RW Data)      44932 (  43.88kB)

==============================================================================

