Component: ARM Compiler 5.06 update 4 (build 422) Tool: armlink [4d35d2]

==============================================================================

Section Cross References

    main.o(i.RF_RecvHandler) refers to _printf_percent.o(.ARM.Collect$$_printf_percent$$00000000) for _printf_percent
    main.o(i.RF_RecvHandler) refers to _printf_d.o(.ARM.Collect$$_printf_percent$$00000009) for _printf_d
    main.o(i.RF_RecvHandler) refers to _printf_dec.o(.text) for _printf_int_dec
    main.o(i.RF_RecvHandler) refers to malloc.o(i.mymalloc) for mymalloc
    main.o(i.RF_RecvHandler) refers to cc1101.o(i.CC1101SetTRMode) for CC1101SetTRMode
    main.o(i.RF_RecvHandler) refers to cc1101.o(i.EXTI4_Set) for EXTI4_Set
    main.o(i.RF_RecvHandler) refers to lcd.o(i.LCD_Fill) for LCD_Fill
    main.o(i.RF_RecvHandler) refers to delay.o(i.delay_us) for delay_us
    main.o(i.RF_RecvHandler) refers to __2printf.o(.text) for __2printf
    main.o(i.RF_RecvHandler) refers to cc1101.o(i.TIM3_Set) for TIM3_Set
    main.o(i.RF_RecvHandler) refers to stm32f10x_gpio.o(i.GPIO_ReadInputDataBit) for GPIO_ReadInputDataBit
    main.o(i.RF_RecvHandler) refers to cc1101.o(i.CC1101RecPacket) for CC1101RecPacket
    main.o(i.RF_RecvHandler) refers to cc1101.o(i.CC1101Init) for CC1101Init
    main.o(i.RF_RecvHandler) refers to malloc.o(i.myfree) for myfree
    main.o(i.RF_RecvHandler) refers to lcd.o(i.LCD_ShowString) for LCD_ShowString
    main.o(i.RF_RecvHandler) refers to lcd.o(i.LCD_ShowxNum) for LCD_ShowxNum
    main.o(i.RF_RecvHandler) refers to cc1101.o(i.CC1101SendPacket) for CC1101SendPacket
    main.o(i.RF_RecvHandler) refers to main.o(.data) for RecvWaitTime
    main.o(i.RF_RecvHandler) refers to cc1101.o(.data) for CC1101_IRQFlag
    main.o(i.RF_RecvHandler) refers to lcd.o(.data) for POINT_COLOR
    main.o(i.RF_RecvHandler) refers to main.o(.bss) for Str_Info
    main.o(i.RF_SendPacket) refers to _printf_percent.o(.ARM.Collect$$_printf_percent$$00000000) for _printf_percent
    main.o(i.RF_SendPacket) refers to _printf_d.o(.ARM.Collect$$_printf_percent$$00000009) for _printf_d
    main.o(i.RF_SendPacket) refers to _printf_dec.o(.text) for _printf_int_dec
    main.o(i.RF_SendPacket) refers to cc1101.o(i.CC1101SendPacket) for CC1101SendPacket
    main.o(i.RF_SendPacket) refers to cc1101.o(i.CC1101SetTRMode) for CC1101SetTRMode
    main.o(i.RF_SendPacket) refers to cc1101.o(i.TIM3_Set) for TIM3_Set
    main.o(i.RF_SendPacket) refers to stm32f10x_gpio.o(i.GPIO_ReadInputDataBit) for GPIO_ReadInputDataBit
    main.o(i.RF_SendPacket) refers to cc1101.o(i.CC1101RecPacket) for CC1101RecPacket
    main.o(i.RF_SendPacket) refers to cc1101.o(i.CC1101Init) for CC1101Init
    main.o(i.RF_SendPacket) refers to __2printf.o(.text) for __2printf
    main.o(i.RF_SendPacket) refers to main.o(.data) for RecvWaitTime
    main.o(i.Sys_Init) refers to _printf_percent.o(.ARM.Collect$$_printf_percent$$00000000) for _printf_percent
    main.o(i.Sys_Init) refers to _printf_x.o(.ARM.Collect$$_printf_percent$$0000000C) for _printf_x
    main.o(i.Sys_Init) refers to _printf_hex_int_ll_ptr.o(.text) for _printf_longlong_hex
    main.o(i.Sys_Init) refers to delay.o(i.delay_init) for delay_init
    main.o(i.Sys_Init) refers to misc.o(i.NVIC_PriorityGroupConfig) for NVIC_PriorityGroupConfig
    main.o(i.Sys_Init) refers to usart.o(i.uart_init) for uart_init
    main.o(i.Sys_Init) refers to usart2.o(i.USART2_Init) for USART2_Init
    main.o(i.Sys_Init) refers to lcd.o(i.LCD_Init) for LCD_Init
    main.o(i.Sys_Init) refers to key.o(i.KEY_Init) for KEY_Init
    main.o(i.Sys_Init) refers to spi.o(i.SPI1_Init) for SPI1_Init
    main.o(i.Sys_Init) refers to cc1101.o(i.TIM3_Init) for TIM3_Init
    main.o(i.Sys_Init) refers to malloc.o(i.mem_init) for mem_init
    main.o(i.Sys_Init) refers to __2printf.o(.text) for __2printf
    main.o(i.Sys_Init) refers to common.o(i.atk_8266_init) for atk_8266_init
    main.o(i.Sys_Init) refers to malloc.o(i.mymalloc) for mymalloc
    main.o(i.Sys_Init) refers to __2sprintf.o(.text) for __2sprintf
    main.o(i.Sys_Init) refers to wifista.o(i.atk_8266_wifisend_data) for atk_8266_wifisend_data
    main.o(i.Sys_Init) refers to malloc.o(i.myfree) for myfree
    main.o(i.Sys_Init) refers to cc1101.o(i.CC1101Init) for CC1101Init
    main.o(i.Sys_Init) refers to main.o(.bss) for Str_Info
    main.o(i.Sys_Init) refers to touch.o(.data) for tp_dev
    main.o(i.main) refers to _printf_percent.o(.ARM.Collect$$_printf_percent$$00000000) for _printf_percent
    main.o(i.main) refers to _printf_d.o(.ARM.Collect$$_printf_percent$$00000009) for _printf_d
    main.o(i.main) refers to _printf_dec.o(.text) for _printf_int_dec
    main.o(i.main) refers to main.o(i.Sys_Init) for Sys_Init
    main.o(i.main) refers to lcd.o(i.QueenRun_UI) for QueenRun_UI
    main.o(i.main) refers to main.o(i.RF_RecvHandler) for RF_RecvHandler
    main.o(i.main) refers to __2printf.o(.text) for __2printf
    main.o(i.main) refers to lcd.o(i.LCD_Fill) for LCD_Fill
[...]
    __lcnum_c_start                          0x08012a84   Data           0  lc_numeric_c.o(locale$$data)
    __lcnum_c_point                          0x08012a90   Data           0  lc_numeric_c.o(locale$$data)
    __lcnum_c_thousands                      0x08012a92   Data           0  lc_numeric_c.o(locale$$data)
    __lcnum_c_grouping                       0x08012a93   Data           0  lc_numeric_c.o(locale$$data)
    locale$$data                             0x08012a94   Section      272  lc_ctype_c.o(locale$$data)
    __lcnum_c_end                            0x08012a94   Data           0  lc_numeric_c.o(locale$$data)
    __lcctype_c_name                         0x08012a98   Data           2  lc_ctype_c.o(locale$$data)
    __lcctype_c_start                        0x08012aa0   Data           0  lc_ctype_c.o(locale$$data)
    __lcctype_c_end                          0x08012ba4   Data           0  lc_ctype_c.o(locale$$data)
    .data                                    0x20000000   Section       19  main.o(.data)
    .data                                    0x20000014   Section       20  system_stm32f10x.o(.data)
    .data                                    0x20000028   Section        4  delay.o(.data)
    fac_us                                   0x20000028   Data           1  delay.o(.data)
    fac_ms                                   0x2000002a   Data           2  delay.o(.data)
    .data                                    0x2000002c   Section        6  usart.o(.data)
    .data                                    0x20000032   Section       20  stm32f10x_rcc.o(.data)
    APBAHBPrescTable                         0x20000032   Data          16  stm32f10x_rcc.o(.data)
    ADCPrescTable                            0x20000042   Data           4  stm32f10x_rcc.o(.data)
    .data                                    0x20000048   Section       58  touch.o(.data)
    .data                                    0x20000082   Section        2  usart2.o(.data)
    .data                                    0x20000084   Section        4  lcd.o(.data)
    .data                                    0x20000088   Section        9  cc1101.o(.data)
    .data                                    0x20000094   Section       20  malloc.o(.data)
    .data                                    0x200000a8   Section       85  common.o(.data)
    .bss                                     0x20000100   Section       20  main.o(.bss)
    .bss                                     0x20000114   Section      200  usart.o(.bss)
    .bss                                     0x200001e0   Section     2224  usart2.o(.bss)
    .bss                                     0x20000a90   Section       14  lcd.o(.bss)
    .bss                                     0x20000a9e   Section       18  spi.o(.bss)
    .bss                                     0x20000ab0   Section    38080  malloc.o(.bss)
    .bss                                     0x20009f70   Section       96  libspace.o(.bss)
    HEAP                                     0x20009fd0   Section      512  startup_stm32f10x_hd.o(HEAP)
    Heap_Mem                                 0x20009fd0   Data         512  startup_stm32f10x_hd.o(HEAP)
    STACK                                    0x2000a1d0   Section     1024  startup_stm32f10x_hd.o(STACK)
    Stack_Mem                                0x2000a1d0   Data        1024  startup_stm32f10x_hd.o(STACK)
    __initial_sp                             0x2000a5d0   Data           0  startup_stm32f10x_hd.o(STACK)

    Global Symbols

    Symbol Name                              Value     Ov Type        Size  Object(Section)

    BuildAttributes$$THM_ISAv4$P$D$K$B$S$PE$A:L22UL41UL21$X:L11$S22US41US21$IEEE1$IW$USESV6$~STKCKD$USESV7$~SHL$OTIME$ROPI$IEEEJ$EBA8$UX$STANDARDLIB$REQ8$PRES8$EABIv2 0x00000000   Number         0  anon$$obj.o ABSOLUTE
    __ARM_use_no_argv                        0x00000000   Number         0  main.o ABSOLUTE
    _printf_flags                            0x00000000   Number         0  printf_stubs.o ABSOLUTE
    _printf_return_value                     0x00000000   Number         0  printf_stubs.o ABSOLUTE
    _printf_sizespec                         0x00000000   Number         0  printf_stubs.o ABSOLUTE
    _printf_widthprec                        0x00000000   Number         0  printf_stubs.o ABSOLUTE
    __ARM_exceptions_init                     - Undefined Weak Reference
    __alloca_initialize                       - Undefined Weak Reference
    __arm_preinit_                            - Undefined Weak Reference
    __cpp_initialize__aeabi_                  - Undefined Weak Reference
    __cxa_finalize                            - Undefined Weak Reference
    __sigvec_lookup                           - Undefined Weak Reference
    _atexit_init                              - Undefined Weak Reference
    _call_atexit_fns                          - Undefined Weak Reference
    _clock_init                               - Undefined Weak Reference
    _fp_trap_init                             - Undefined Weak Reference
    _fp_trap_shutdown                         - Undefined Weak Reference
    _get_lc_collate                           - Undefined Weak Reference
    _get_lc_monetary                          - Undefined Weak Reference
    _get_lc_time                              - Undefined Weak Reference
    _getenv_init                              - Undefined Weak Reference
    _handle_redirection                       - Undefined Weak Reference
    _init_alloc                               - Undefined Weak Reference
    _init_user_alloc                          - Undefined Weak Reference
    _initio                                   - Undefined Weak Reference
    _mutex_acquire                            - Undefined Weak Reference
    _mutex_release                            - Undefined Weak Reference
    _printf_fp_hex                            - Undefined Weak Reference
    _printf_mbtowc                            - Undefined Weak Reference
    _printf_wc                                - Undefined Weak Reference
    _rand_init                                - Undefined Weak Reference
    _signal_finish                            - Undefined Weak Reference
    _signal_init                              - Undefined Weak Reference
    _terminate_alloc                          - Undefined Weak Reference
    _terminate_user_alloc                     - Undefined Weak Reference
    _terminateio                              - Undefined Weak Reference
    __Vectors_Size                           0x00000130   Number         0  startup_stm32f10x_hd.o ABSOLUTE
    __Vectors                                0x08000000   Data           4  startup_stm32f10x_hd.o(RESET)
    __Vectors_End                            0x08000130   Data           0  startup_stm32f10x_hd.o(RESET)
    __main                                   0x08000131   Thumb Code     8  __main.o(!!!main)
    __scatterload                            0x08000139   Thumb Code     0  __scatter.o(!!!scatter)
    __scatterload_rt2                        0x08000139   Thumb Code    44  __scatter.o(!!!scatter)
    __scatterload_rt2_thumb_only             0x08000139   Thumb Code     0  __scatter.o(!!!scatter)
    __scatterload_null                       0x08000147   Thumb Code     0  __scatter.o(!!!scatter)
    __scatterload_copy                       0x0800016d   Thumb Code    26  __scatter_copy.o(!!handler_copy)
    __scatterload_zeroinit                   0x08000189   Thumb Code    28  __scatter_zi.o(!!handler_zi)
    _printf_n                                0x080001a5   Thumb Code     0  _printf_n.o(.ARM.Collect$$_printf_percent$$00000001)
    _printf_percent                          0x080001a5   Thumb Code     0  _printf_percent.o(.ARM.Collect$$_printf_percent$$00000000)
    _printf_p                                0x080001ab   Thumb Code     0  _printf_p.o(.ARM.Collect$$_printf_percent$$00000002)
    _printf_f                                0x080001b1   Thumb Code     0  _printf_f.o(.ARM.Collect$$_printf_percent$$00000003)
    _printf_e                                0x080001b7   Thumb Code     0  _printf_e.o(.ARM.Collect$$_printf_percent$$00000004)
    _printf_g                                0x080001bd   Thumb Code     0  _printf_g.o(.ARM.Collect$$_printf_percent$$00000005)
    _printf_a                                0x080001c3   Thumb Code     0  _printf_a.o(.ARM.Collect$$_printf_percent$$00000006)
    _printf_ll                               0x080001c9   Thumb Code     0  _printf_ll.o(.ARM.Collect$$_printf_percent$$00000007)
    _printf_i                                0x080001d3   Thumb Code     0  _printf_i.o(.ARM.Collect$$_printf_percent$$00000008)
    _printf_d                                0x080001d9   Thumb Code     0  _printf_d.o(.ARM.Collect$$_printf_percent$$00000009)
    _printf_u                                0x080001df   Thumb Code     0  _printf_u.o(.ARM.Collect$$_printf_percent$$0000000A)
    _printf_o                                0x080001e5   Thumb Code     0  _printf_o.o(.ARM.Collect$$_printf_percent$$0000000B)
    _printf_x                                0x080001eb   Thumb Code     0  _printf_x.o(.ARM.Collect$$_printf_percent$$0000000C)
    _printf_lli                              0x080001f1   Thumb Code     0  _printf_lli.o(.ARM.Collect$$_printf_percent$$0000000D)
    _printf_lld                              0x080001f7   Thumb Code     0  _printf_lld.o(.ARM.Collect$$_printf_percent$$0000000E)
    _printf_llu                              0x080001fd   Thumb Code     0  _printf_llu.o(.ARM.Collect$$_printf_percent$$0000000F)
    _printf_llo                              0x08000203   Thumb Code     0  _printf_llo.o(.ARM.Collect$$_printf_percent$$00000010)
    _printf_llx                              0x08000209   Thumb Code     0  _printf_llx.o(.ARM.Collect$$_printf_percent$$00000011)
    _printf_l                                0x0800020f   Thumb Code     0  _printf_l.o(.ARM.Collect$$_printf_percent$$00000012)
    _printf_c                                0x08000219   Thumb Code     0  _printf_c.o(.ARM.Collect$$_printf_percent$$00000013)
    _printf_s                                0x0800021f   Thumb Code     0  _printf_s.o(.ARM.Collect$$_printf_percent$$00000014)
    _printf_lc                               0x08000225   Thumb Code     0  _printf_lc.o(.ARM.Collect$$_printf_percent$$00000015)
    _printf_ls                               0x0800022b   Thumb Code     0  _printf_ls.o(.ARM.Collect$$_printf_percent$$00000016)
    _printf_percent_end                      0x08000231   Thumb Code     0  _printf_percent_end.o(.ARM.Collect$$_printf_percent$$00000017)
    __rt_lib_init                            0x08000235   Thumb Code     0  libinit.o(.ARM.Collect$$libinit$$00000000)
    __rt_lib_init_fp_1                       0x08000237   Thumb Code     0  libinit2.o(.ARM.Collect$$libinit$$00000002)
    __rt_lib_init_heap_1                     0x08000237   Thumb Code     0  libinit2.o(.ARM.Collect$$libinit$$0000000A)
    __rt_lib_init_lc_common                  0x08000237   Thumb Code     0  libinit2.o(.ARM.Collect$$libinit$$0000000F)
    __rt_lib_init_preinit_1                  0x08000237   Thumb Code     0  libinit2.o(.ARM.Collect$$libinit$$00000004)
    __rt_lib_init_rand_1                     0x08000237   Thumb Code     0  libinit2.o(.ARM.Collect$$libinit$$0000000E)
    __rt_lib_init_user_alloc_1               0x08000237   Thumb Code     0  libinit2.o(.ARM.Collect$$libinit$$0000000C)
    __rt_lib_init_lc_collate_1               0x0800023d   Thumb Code     0  libinit2.o(.ARM.Collect$$libinit$$00000011)
    __rt_lib_init_lc_ctype_2                 0x0800023d   Thumb Code     0  libinit2.o(.ARM.Collect$$libinit$$00000012)
    __rt_lib_init_lc_ctype_1                 0x08000249   Thumb Code     0  libinit2.o(.ARM.Collect$$libinit$$00000013)
    __rt_lib_init_lc_monetary_1              0x08000249   Thumb Code     0  libinit2.o(.ARM.Collect$$libinit$$00000015)
    __rt_lib_init_lc_numeric_2               0x08000249   Thumb Code     0  libinit2.o(.ARM.Collect$$libinit$$00000016)
    __rt_lib_init_alloca_1                   0x08000253   Thumb Code     0  libinit2.o(.ARM.Collect$$libinit$$0000002E)
    __rt_lib_init_argv_1                     0x08000253   Thumb Code     0  libinit2.o(.ARM.Collect$$libinit$$0000002C)
    __rt_lib_init_atexit_1                   0x08000253   Thumb Code     0  libinit2.o(.ARM.Collect$$libinit$$0000001B)
    __rt_lib_init_clock_1                    0x08000253   Thumb Code     0  libinit2.o(.ARM.Collect$$libinit$$00000021)
    __rt_lib_init_cpp_1                      0x08000253   Thumb Code     0  libinit2.o(.ARM.Collect$$libinit$$00000032)
    __rt_lib_init_exceptions_1               0x08000253   Thumb Code     0  libinit2.o(.ARM.Collect$$libinit$$00000030)
    __rt_lib_init_fp_trap_1                  0x08000253   Thumb Code     0  libinit2.o(.ARM.Collect$$libinit$$0000001F)
    __rt_lib_init_getenv_1                   0x08000253   Thumb Code     0  libinit2.o(.ARM.Collect$$libinit$$00000023)
    __rt_lib_init_lc_numeric_1               0x08000253   Thumb Code     0  libinit2.o(.ARM.Collect$$libinit$$00000017)
    __rt_lib_init_lc_time_1                  0x08000253   Thumb Code     0  libinit2.o(.ARM.Collect$$libinit$$00000019)
    __rt_lib_init_return                     0x08000253   Thumb Code     0  libinit2.o(.ARM.Collect$$libinit$$00000033)
    __rt_lib_init_signal_1                   0x08000253   Thumb Code     0  libinit2.o(.ARM.Collect$$libinit$$0000001D)
    __rt_lib_init_stdio_1                    0x08000253   Thumb Code     0  libinit2.o(.ARM.Collect$$libinit$$00000025)
    __rt_lib_shutdown                        0x08000255   Thumb Code     0  libshutdown.o(.ARM.Collect$$libshutdown$$00000000)
    __rt_lib_shutdown_cpp_1                  0x08000257   Thumb Code     0  libshutdown2.o(.ARM.Collect$$libshutdown$$00000002)
    __rt_lib_shutdown_fp_trap_1              0x08000257   Thumb Code     0  libshutdown2.o(.ARM.Collect$$libshutdown$$00000007)
    __rt_lib_shutdown_heap_1                 0x08000257   Thumb Code     0  libshutdown2.o(.ARM.Collect$$libshutdown$$0000000F)
    __rt_lib_shutdown_return                 0x08000257   Thumb Code     0  libshutdown2.o(.ARM.Collect$$libshutdown$$00000010)
    __rt_lib_shutdown_signal_1               0x08000257   Thumb Code     0  libshutdown2.o(.ARM.Collect$$libshutdown$$0000000A)
    __rt_lib_shutdown_stdio_1                0x08000257   Thumb Code     0  libshutdown2.o(.ARM.Collect$$libshutdown$$00000004)
    __rt_lib_shutdown_user_alloc_1           0x08000257   Thumb Code     0  libshutdown2.o(.ARM.Collect$$libshutdown$$0000000C)
    __rt_entry                               0x08000259   Thumb Code     0  __rtentry.o(.ARM.Collect$$rtentry$$00000000)
    __rt_entry_presh_1                       0x08000259   Thumb Code     0  __rtentry2.o(.ARM.Collect$$rtentry$$00000002)
    __rt_entry_sh                            0x08000259   Thumb Code     0  __rtentry4.o(.ARM.Collect$$rtentry$$00000004)
    __rt_entry_li                            0x0800025f   Thumb Code     0  __rtentry2.o(.ARM.Collect$$rtentry$$0000000A)
    __rt_entry_postsh_1                      0x0800025f   Thumb Code     0  __rtentry2.o(.ARM.Collect$$rtentry$$00000009)
    __rt_entry_main                          0x08000263   Thumb Code     0  __rtentry2.o(.ARM.Collect$$rtentry$$0000000D)
    __rt_entry_postli_1                      0x08000263   Thumb Code     0  __rtentry2.o(.ARM.Collect$$rtentry$$0000000C)
    __rt_exit                                0x0800026b   Thumb Code     0  rtexit.o(.ARM.Collect$$rtexit$$00000000)
    __rt_exit_ls                             0x0800026d   Thumb Code     0  rtexit2.o(.ARM.Collect$$rtexit$$00000003)
    __rt_exit_prels_1                        0x0800026d   Thumb Code     0  rtexit2.o(.ARM.Collect$$rtexit$$00000002)
    __rt_exit_exit                           0x08000271   Thumb Code     0  rtexit2.o(.ARM.Collect$$rtexit$$00000004)
    Reset_Handler                            0x08000279   Thumb Code     8  startup_stm32f10x_hd.o(.text)
    ADC1_2_IRQHandler                        0x08000293   Thumb Code     0  startup_stm32f10x_hd.o(.text)
    ADC3_IRQHandler                          0x08000293   Thumb Code     0  startup_stm32f10x_hd.o(.text)
    CAN1_RX1_IRQHandler                      0x08000293   Thumb Code     0  startup_stm32f10x_hd.o(.text)
    CAN1_SCE_IRQHandler                      0x08000293   Thumb Code     0  startup_stm32f10x_hd.o(.text)
    DMA1_Channel1_IRQHandler                 0x08000293   Thumb Code     0  startup_stm32f10x_hd.o(.text)
    DMA1_Channel2_IRQHandler                 0x08000293   Thumb Code     0  startup_stm32f10x_hd.o(.text)
    DMA1_Channel3_IRQHandler                 0x08000293   Thumb Code     0  startup_stm32f10x_hd.o(.text)
    DMA1_Channel4_IRQHandler                 0x08000293   Thumb Code     0  startup_stm32f10x_hd.o(.text)
    DMA1_Channel5_IRQHandler                 0x08000293   Thumb Code     0  startup_stm32f10x_hd.o(.text)
    DMA1_Channel6_IRQHandler                 0x08000293   Thumb Code     0  startup_stm32f10x_hd.o(.text)
    DMA1_Channel7_IRQHandler                 0x08000293   Thumb Code     0  startup_stm32f10x_hd.o(.text)
    DMA2_Channel1_IRQHandler                 0x08000293   Thumb Code     0  startup_stm32f10x_hd.o(.text)
    DMA2_Channel2_IRQHandler                 0x08000293   Thumb Code     0  startup_stm32f10x_hd.o(.text)
    DMA2_Channel3_IRQHandler                 0x08000293   Thumb Code     0  startup_stm32f10x_hd.o(.text)
    DMA2_Channel4_5_IRQHandler               0x08000293   Thumb Code     0  startup_stm32f10x_hd.o(.text)
    EXTI0_IRQHandler                         0x08000293   Thumb Code     0  startup_stm32f10x_hd.o(.text)
    EXTI1_IRQHandler                         0x08000293   Thumb Code     0  startup_stm32f10x_hd.o(.text)
    EXTI2_IRQHandler                         0x08000293   Thumb Code     0  startup_stm32f10x_hd.o(.text)
    EXTI3_IRQHandler                         0x08000293   Thumb Code     0  startup_stm32f10x_hd.o(.text)
    EXTI9_5_IRQHandler                       0x08000293   Thumb Code     0  startup_stm32f10x_hd.o(.text)
    FLASH_IRQHandler                         0x08000293   Thumb Code     0  startup_stm32f10x_hd.o(.text)
    FSMC_IRQHandler                          0x08000293   Thumb Code     0  startup_stm32f10x_hd.o(.text)
    I2C1_ER_IRQHandler                       0x08000293   Thumb Code     0  startup_stm32f10x_hd.o(.text)
    I2C1_EV_IRQHandler                       0x08000293   Thumb Code     0  startup_stm32f10x_hd.o(.text)
    I2C2_ER_IRQHandler                       0x08000293   Thumb Code     0  startup_stm32f10x_hd.o(.text)
    I2C2_EV_IRQHandler                       0x08000293   Thumb Code     0  startup_stm32f10x_hd.o(.text)
    PVD_IRQHandler                           0x08000293   Thumb Code     0  startup_stm32f10x_hd.o(.text)
    RCC_IRQHandler                           0x08000293   Thumb Code     0  startup_stm32f10x_hd.o(.text)
    RTCAlarm_IRQHandler                      0x08000293   Thumb Code     0  startup_stm32f10x_hd.o(.text)
    RTC_IRQHandler                           0x08000293   Thumb Code     0  startup_stm32f10x_hd.o(.text)
    SDIO_IRQHandler                          0x08000293   Thumb Code     0  startup_stm32f10x_hd.o(.text)
    SPI1_IRQHandler                          0x08000293   Thumb Code     0  startup_stm32f10x_hd.o(.text)
    SPI2_IRQHandler                          0x08000293   Thumb Code     0  startup_stm32f10x_hd.o(.text)
    SPI3_IRQHandler                          0x08000293   Thumb Code     0  startup_stm32f10x_hd.o(.text)
    TAMPER_IRQHandler                        0x08000293   Thumb Code     0  startup_stm32f10x_hd.o(.text)
    TIM1_BRK_IRQHandler                      0x08000293   Thumb Code     0  startup_stm32f10x_hd.o(.text)
    TIM1_CC_IRQHandler                       0x08000293   Thumb Code     0  startup_stm32f10x_hd.o(.text)
    TIM1_TRG_COM_IRQHandler                  0x08000293   Thumb Code     0  startup_stm32f10x_hd.o(.text)
    TIM1_UP_IRQHandler                       0x08000293   Thumb Code     0  startup_stm32f10x_hd.o(.text)
    TIM2_IRQHandler                          0x08000293   Thumb Code     0  startup_stm32f10x_hd.o(.text)
    TIM5_IRQHandler                          0x08000293   Thumb Code     0  startup_stm32f10x_hd.o(.text)
    TIM6_IRQHandler                          0x08000293   Thumb Code     0  startup_stm32f10x_hd.o(.text)
    TIM7_IRQHandler                          0x08000293   Thumb Code     0  startup_stm32f10x_hd.o(.text)
    TIM8_BRK_IRQHandler                      0x08000293   Thumb Code     0  startup_stm32f10x_hd.o(.text)
    TIM8_CC_IRQHandler                       0x08000293   Thumb Code     0  startup_stm32f10x_hd.o(.text)
    TIM8_TRG_COM_IRQHandler                  0x08000293   Thumb Code     0  startup_stm32f10x_hd.o(.text)
    TIM8_UP_IRQHandler                       0x08000293   Thumb Code     0  startup_stm32f10x_hd.o(.text)
    UART4_IRQHandler                         0x08000293   Thumb Code     0  startup_stm32f10x_hd.o(.text)
    UART5_IRQHandler                         0x08000293   Thumb Code     0  startup_stm32f10x_hd.o(.text)
    USART3_IRQHandler                        0x08000293   Thumb Code     0  startup_stm32f10x_hd.o(.text)
    USBWakeUp_IRQHandler                     0x08000293   Thumb Code     0  startup_stm32f10x_hd.o(.text)
    USB_HP_CAN1_TX_IRQHandler                0x08000293   Thumb Code     0  startup_stm32f10x_hd.o(.text)
    USB_LP_CAN1_RX0_IRQHandler               0x08000293   Thumb Code     0  startup_stm32f10x_hd.o(.text)
    WWDG_IRQHandler                          0x08000293   Thumb Code     0  startup_stm32f10x_hd.o(.text)
    __user_initial_stackheap                 0x08000295   Thumb Code     0  startup_stm32f10x_hd.o(.text)
    __use_no_semihosting                     0x080002b9   Thumb Code     2  use_no_semi_2.o(.text)
    __c89vsprintf                            0x080002bd   Thumb Code    32  c89vsprintf.o(.text)
    __2printf                                0x080002e1   Thumb Code    20  __2printf.o(.text)
    __2sprintf                               0x080002f9   Thumb Code    38  __2sprintf.o(.text)
    _printf_str                              0x08000325   Thumb Code    82  _printf_str.o(.text)
    _printf_int_dec                          0x08000379   Thumb Code   104  _printf_dec.o(.text)
    _printf_longlong_hex                     0x080003f1   Thumb Code    86  _printf_hex_int_ll_ptr.o(.text)
    _printf_int_hex                          0x08000447   Thumb Code    28  _printf_hex_int_ll_ptr.o(.text)
    _printf_ll_hex                           0x08000463   Thumb Code    12  _printf_hex_int_ll_ptr.o(.text)
    _printf_hex_ptr                          0x0800046f   Thumb Code    18  _printf_hex_int_ll_ptr.o(.text)
    __printf                                 0x08000485   Thumb Code   388  __printf_flags_ss_wp.o(.text)
    strstr                                   0x0800060d   Thumb Code    36  strstr.o(.text)
    strlen                                   0x08000631   Thumb Code    62  strlen.o(.text)
    __aeabi_memclr4                          0x0800066f   Thumb Code     0  rt_memclr_w.o(.text)
    __aeabi_memclr8                          0x0800066f   Thumb Code     0  rt_memclr_w.o(.text)
    __rt_memclr_w                            0x0800066f   Thumb Code    78  rt_memclr_w.o(.text)
    _memset_w                                0x08000673   Thumb Code     0  rt_memclr_w.o(.text)
    __use_two_region_memory                  0x080006bd   Thumb Code     2  heapauxi.o(.text)
    __rt_heap_escrow$2region                 0x080006bf   Thumb Code     2  heapauxi.o(.text)
    __rt_heap_expand$2region                 0x080006c1   Thumb Code     2  heapauxi.o(.text)
    __I$use$semihosting                      0x080006c3   Thumb Code     0  use_no_semi.o(.text)
    __use_no_semihosting_swi                 0x080006c3   Thumb Code     2  use_no_semi.o(.text)
    _printf_pre_padding                      0x080006c5   Thumb Code    44  _printf_pad.o(.text)
    _printf_post_padding                     0x080006f1   Thumb Code    34  _printf_pad.o(.text)
    _printf_truncate_signed                  0x08000713   Thumb Code    18  _printf_truncate.o(.text)
    _printf_truncate_unsigned                0x08000725   Thumb Code    18  _printf_truncate.o(.text)
    _printf_int_common                       0x08000737   Thumb Code   178  _printf_intcommon.o(.text)
    _printf_charcount                        0x080007e9   Thumb Code    40  _printf_charcount.o(.text)
    _printf_char_common                      0x0800081b   Thumb Code    32  _printf_char_common.o(.text)
    _sputc                                   0x08000841   Thumb Code    10  _sputc.o(.text)
    _printf_cs_common                        0x0800084b   Thumb Code    20  _printf_char.o(.text)
    _printf_char                             0x0800085f   Thumb Code    16  _printf_char.o(.text)
    _printf_string                           0x0800086f   Thumb Code     8  _printf_char.o(.text)
    _printf_char_file                        0x08000879   Thumb Code    32  _printf_char_file.o(.text)
    _printf_wctomb                           0x0800089d   Thumb Code   182  _printf_wctomb.o(.text)
    _printf_longlong_dec                     0x08000959   Thumb Code   108  _printf_longlong_dec.o(.text)
    _printf_longlong_oct                     0x080009d5   Thumb Code    66  _printf_oct_int_ll.o(.text)
    _printf_int_oct                          0x08000a17   Thumb Code    24  _printf_oct_int_ll.o(.text)
    _printf_ll_oct                           0x08000a2f   Thumb Code    12  _printf_oct_int_ll.o(.text)
    _ll_udiv10                               0x08000a45   Thumb Code   138  lludiv10.o(.text)
    __lib_sel_fp_printf                      0x08000acf   Thumb Code     2  _printf_fp_dec.o(.text)
    _printf_fp_dec_real                      0x08000c7d   Thumb Code   620  _printf_fp_dec.o(.text)
    _printf_lcs_common                       0x08000ee9   Thumb Code    20  _printf_wchar.o(.text)
    _printf_wchar                            0x08000efd   Thumb Code    16  _printf_wchar.o(.text)
    _printf_wstring                          0x08000f0d   Thumb Code     8  _printf_wchar.o(.text)
    ferror                                   0x08000f15   Thumb Code     8  ferror.o(.text)
    _wcrtomb                                 0x08000f1d   Thumb Code    64  _wcrtomb.o(.text)
    __user_setup_stackheap                   0x08000f5d   Thumb Code    74  sys_stackheap_outer.o(.text)
    __rt_ctype_table                         0x08000fa9   Thumb Code    16  rt_ctype_table.o(.text)
    __rt_locale                              0x08000fb9   Thumb Code     8  rt_locale_intlibspace.o(.text)
    _printf_fp_infnan                        0x08000fc1   Thumb Code   112  _printf_fp_infnan.o(.text)
    _btod_etento                             0x08001041   Thumb Code   216  bigflt0.o(.text)
    exit                                     0x0800111d   Thumb Code    18  exit.o(.text)
    __user_libspace                          0x08001131   Thumb Code     8  libspace.o(.text)
    __user_perproc_libspace                  0x08001131   Thumb Code     0  libspace.o(.text)
    __user_perthread_libspace                0x08001131   Thumb Code     0  libspace.o(.text)
    strcmp                                   0x08001139   Thumb Code   128  strcmpv7m.o(.text)
    _btod_d2e                                0x080011b9   Thumb Code    62  btod.o(CL$$btod_d2e)
    _d2e_denorm_low                          0x080011f7   Thumb Code    70  btod.o(CL$$btod_d2e_denorm_low)
    _d2e_norm_op1                            0x0800123d   Thumb Code    96  btod.o(CL$$btod_d2e_norm_op1)
    __btod_div_common                        0x0800129d   Thumb Code   696  btod.o(CL$$btod_div_common)
    _e2e                                     0x080015d5   Thumb Code   198  btod.o(CL$$btod_e2e)
    _btod_ediv                               0x0800169b   Thumb Code    40  btod.o(CL$$btod_ediv)
    _btod_emul                               0x080016c3   Thumb Code    40  btod.o(CL$$btod_emul)
    __btod_mult_common                       0x080016eb   Thumb Code   580  btod.o(CL$$btod_mult_common)
    AP_Choose                                0x08001931   Thumb Code   994  common.o(i.AP_Choose)
    BusFault_Handler                         0x08001df9   Thumb Code     4  stm32f10x_it.o(i.BusFault_Handler)
    CC1101ClrRXBuff                          0x08001dfd   Thumb Code    14  cc1101.o(i.CC1101ClrRXBuff)
    CC1101ClrTXBuff                          0x08001e0b   Thumb Code    14  cc1101.o(i.CC1101ClrTXBuff)
    CC1101GetRXCnt                           0x08001e19   Thumb Code    14  cc1101.o(i.CC1101GetRXCnt)
    CC1101Init                               0x08001e29   Thumb Code   220  cc1101.o(i.CC1101Init)
    CC1101ReadMultiReg                       0x08001f15   Thumb Code    92  cc1101.o(i.CC1101ReadMultiReg)
    CC1101ReadReg                            0x08001f75   Thumb Code    54  cc1101.o(i.CC1101ReadReg)
    CC1101ReadStatus                         0x08001fb1   Thumb Code    54  cc1101.o(i.CC1101ReadStatus)
    CC1101RecPacket                          0x08001fed   Thumb Code   102  cc1101.o(i.CC1101RecPacket)
    CC1101Reset                              0x08002055   Thumb Code    54  cc1101.o(i.CC1101Reset)
    CC1101SendPacket                         0x08002091   Thumb Code   134  cc1101.o(i.CC1101SendPacket)
    CC1101SetAddress                         0x08002131   Thumb Code    56  cc1101.o(i.CC1101SetAddress)
    CC1101SetIdle                            0x08002169   Thumb Code    10  cc1101.o(i.CC1101SetIdle)
    CC1101SetSYNC                            0x08002173   Thumb Code    24  cc1101.o(i.CC1101SetSYNC)
    CC1101SetTRMode                          0x0800218b   Thumb Code    42  cc1101.o(i.CC1101SetTRMode)
    CC1101WriteCmd                           0x080021b5   Thumb Code    42  cc1101.o(i.CC1101WriteCmd)
    CC1101WriteMultiReg                      0x080021e5   Thumb Code    70  cc1101.o(i.CC1101WriteMultiReg)
    CC1101WriteReg                           0x08002231   Thumb Code    50  cc1101.o(i.CC1101WriteReg)
    CC1101_Settings                          0x08002269   Thumb Code   360  cc1101.o(i.CC1101_Settings)
    DMA_Cmd                                  0x080023d5   Thumb Code    24  stm32f10x_dma.o(i.DMA_Cmd)
    DMA_DeInit                               0x080023ed   Thumb Code   324  stm32f10x_dma.o(i.DMA_DeInit)
    DMA_GetCurrDataCounter                   0x08002539   Thumb Code     8  stm32f10x_dma.o(i.DMA_GetCurrDataCounter)
    DMA_Init                                 0x08002541   Thumb Code    60  stm32f10x_dma.o(i.DMA_Init)
    DMA_SetCurrDataCounter                   0x0800257d   Thumb Code     4  stm32f10x_dma.o(i.DMA_SetCurrDataCounter)
    DebugMon_Handler                         0x08002581   Thumb Code     2  stm32f10x_it.o(i.DebugMon_Handler)
    EXTI15_10_IRQHandler                     0x08002585   Thumb Code    44  key.o(i.EXTI15_10_IRQHandler)
    EXTI4_IRQHandler                         0x080025b5   Thumb Code    32  cc1101.o(i.EXTI4_IRQHandler)
    EXTI4_Set                                0x080025dd   Thumb Code    44  cc1101.o(i.EXTI4_Set)
    EXTI_ClearITPendingBit                   0x0800260d   Thumb Code     6  stm32f10x_exti.o(i.EXTI_ClearITPendingBit)
    EXTI_GetITStatus                         0x08002619   Thumb Code    34  stm32f10x_exti.o(i.EXTI_GetITStatus)
    EXTI_Init                                0x08002641   Thumb Code   142  stm32f10x_exti.o(i.EXTI_Init)
    Enter_AP_PWD                             0x080026d5   Thumb Code  1282  common.o(i.Enter_AP_PWD)
    GPIO_EXTILineConfig                      0x08002bdd   Thumb Code    60  stm32f10x_gpio.o(i.GPIO_EXTILineConfig)
    GPIO_Init                                0x08002c1d   Thumb Code   278  stm32f10x_gpio.o(i.GPIO_Init)
    GPIO_PinRemapConfig                      0x08002d35   Thumb Code   138  stm32f10x_gpio.o(i.GPIO_PinRemapConfig)
    GPIO_ReadInputDataBit                    0x08002dc5   Thumb Code    18  stm32f10x_gpio.o(i.GPIO_ReadInputDataBit)
    GPIO_ResetBits                           0x08002dd7   Thumb Code     4  stm32f10x_gpio.o(i.GPIO_ResetBits)
    GPIO_SetBits                             0x08002ddb   Thumb Code     4  stm32f10x_gpio.o(i.GPIO_SetBits)
    HardFault_Handler                        0x08002ddf   Thumb Code     4  stm32f10x_it.o(i.HardFault_Handler)
    KEY_Init                                 0x08002de5   Thumb Code   118  key.o(i.KEY_Init)
    KbChar_UI                                0x08002e65   Thumb Code   794  common.o(i.KbChar_UI)
    KbNum_UI                                 0x080031a9   Thumb Code   478  common.o(i.KbNum_UI)
    LCD_Clear                                0x080033a1   Thumb Code   122  lcd.o(i.LCD_Clear)
    LCD_Display_Dir                          0x08003429   Thumb Code   444  lcd.o(i.LCD_Display_Dir)
    LCD_DrawLine                             0x080035e9   Thumb Code   176  lcd.o(i.LCD_DrawLine)
    LCD_DrawPoint                            0x08003699   Thumb Code    52  lcd.o(i.LCD_DrawPoint)
    LCD_Fast_DrawPoint                       0x080036d9   Thumb Code   188  lcd.o(i.LCD_Fast_DrawPoint)
    LCD_Fill                                 0x080037a1   Thumb Code   200  lcd.o(i.LCD_Fill)
    LCD_Init                                 0x08003875   Thumb Code 15296  lcd.o(i.LCD_Init)
    LCD_Pow                                  0x08007435   Thumb Code    22  lcd.o(i.LCD_Pow)
    LCD_RD_DATA                              0x0800744d   Thumb Code    98  lcd.o(i.LCD_RD_DATA)
    LCD_ReadReg                              0x080074bd   Thumb Code    16  lcd.o(i.LCD_ReadReg)
    LCD_SSD_BackLightSet                     0x080074cd   Thumb Code   198  lcd.o(i.LCD_SSD_BackLightSet)
    LCD_Scan_Dir                             0x080075a1   Thumb Code  1112  lcd.o(i.LCD_Scan_Dir)
    LCD_SetCursor                            0x080079f9   Thumb Code   944  lcd.o(i.LCD_SetCursor)
    LCD_ShowChar                             0x08007db5   Thumb Code   252  lcd.o(i.LCD_ShowChar)
    LCD_ShowString                           0x08007ec5   Thumb Code   102  lcd.o(i.LCD_ShowString)
    LCD_ShowxNum                             0x08007f2b   Thumb Code   190  lcd.o(i.LCD_ShowxNum)
    LCD_WR_DATAX                             0x08007fe9   Thumb Code    28  lcd.o(i.LCD_WR_DATAX)
    LCD_WR_REG                               0x0800800d   Thumb Code    28  lcd.o(i.LCD_WR_REG)
    LCD_WriteRAM_Prepare                     0x08008031   Thumb Code    12  lcd.o(i.LCD_WriteRAM_Prepare)
    LCD_WriteReg                             0x08008041   Thumb Code    40  lcd.o(i.LCD_WriteReg)
    Load_Kb_Char                             0x08008071   Thumb Code  1422  common.o(i.Load_Kb_Char)
    MemManage_Handler                        0x08008611   Thumb Code     4  stm32f10x_it.o(i.MemManage_Handler)
    NMI_Handler                              0x08008615   Thumb Code     2  stm32f10x_it.o(i.NMI_Handler)
    NVIC_Init                                0x08008619   Thumb Code   100  misc.o(i.NVIC_Init)
    NVIC_PriorityGroupConfig                 0x08008689   Thumb Code    10  misc.o(i.NVIC_PriorityGroupConfig)
    PendSV_Handler                           0x0800869d   Thumb Code     2  stm32f10x_it.o(i.PendSV_Handler)
    QueenRun_UI                              0x080086a1   Thumb Code   410  lcd.o(i.QueenRun_UI)
    RCC_AHBPeriphClockCmd                    0x080088b5   Thumb Code    26  stm32f10x_rcc.o(i.RCC_AHBPeriphClockCmd)
    RCC_APB1PeriphClockCmd                   0x080088d5   Thumb Code    26  stm32f10x_rcc.o(i.RCC_APB1PeriphClockCmd)
    RCC_APB1PeriphResetCmd                   0x080088f5   Thumb Code    26  stm32f10x_rcc.o(i.RCC_APB1PeriphResetCmd)
    RCC_APB2PeriphClockCmd                   0x08008915   Thumb Code    26  stm32f10x_rcc.o(i.RCC_APB2PeriphClockCmd)
    RCC_APB2PeriphResetCmd                   0x08008935   Thumb Code    26  stm32f10x_rcc.o(i.RCC_APB2PeriphResetCmd)
    RCC_GetClocksFreq                        0x08008955   Thumb Code   192  stm32f10x_rcc.o(i.RCC_GetClocksFreq)
    RF_RecvHandler                           0x08008a29   Thumb Code   764  main.o(i.RF_RecvHandler)
    SPI1_Init                                0x08008d7d   Thumb Code   106  spi.o(i.SPI1_Init)
    SPI1_ReadWriteByte                       0x08008df5   Thumb Code    78  spi.o(i.SPI1_ReadWriteByte)
    SPI_Cmd                                  0x08008e49   Thumb Code    24  stm32f10x_spi.o(i.SPI_Cmd)
    SPI_ExchangeByte                         0x08008e61   Thumb Code    18  cc1101.o(i.SPI_ExchangeByte)
    SPI_I2S_GetFlagStatus                    0x08008e73   Thumb Code    18  stm32f10x_spi.o(i.SPI_I2S_GetFlagStatus)
    SPI_I2S_ReceiveData                      0x08008e85   Thumb Code     6  stm32f10x_spi.o(i.SPI_I2S_ReceiveData)
    SPI_I2S_SendData                         0x08008e8b   Thumb Code     4  stm32f10x_spi.o(i.SPI_I2S_SendData)
    SPI_Init                                 0x08008e8f   Thumb Code    60  stm32f10x_spi.o(i.SPI_Init)
    SVC_Handler                              0x08008ecb   Thumb Code     2  stm32f10x_it.o(i.SVC_Handler)
    SysTick_CLKSourceConfig                  0x08008fb5   Thumb Code    40  misc.o(i.SysTick_CLKSourceConfig)
    SysTick_Handler                          0x08008fdd   Thumb Code     2  stm32f10x_it.o(i.SysTick_Handler)
    Sys_Init                                 0x08008fe1   Thumb Code   136  main.o(i.Sys_Init)
    SystemInit                               0x0800909d   Thumb Code    78  system_stm32f10x.o(i.SystemInit)
    TIM3_IRQHandler                          0x080090fd   Thumb Code    40  cc1101.o(i.TIM3_IRQHandler)
    TIM3_Init                                0x0800912d   Thumb Code    86  cc1101.o(i.TIM3_Init)
    TIM3_Set                                 0x08009189   Thumb Code    54  cc1101.o(i.TIM3_Set)
    TIM4_IRQHandler                          0x080091c5   Thumb Code    40  usart2.o(i.TIM4_IRQHandler)
    TIM4_Init                                0x080091f5   Thumb Code    82  usart2.o(i.TIM4_Init)
    TIM4_Set                                 0x0800924d   Thumb Code    34  usart2.o(i.TIM4_Set)
    TIM_ClearITPendingBit                    0x08009275   Thumb Code     6  stm32f10x_tim.o(i.TIM_ClearITPendingBit)
    TIM_Cmd                                  0x0800927b   Thumb Code    24  stm32f10x_tim.o(i.TIM_Cmd)
    TIM_GetITStatus                          0x08009293   Thumb Code    34  stm32f10x_tim.o(i.TIM_GetITStatus)
    TIM_ITConfig                             0x080092b5   Thumb Code    18  stm32f10x_tim.o(i.TIM_ITConfig)
    TIM_SetCounter                           0x080092c7   Thumb Code     4  stm32f10x_tim.o(i.TIM_SetCounter)
    TIM_TimeBaseInit                         0x080092cd   Thumb Code   122  stm32f10x_tim.o(i.TIM_TimeBaseInit)
    TP_Adjust                                0x08009371   Thumb Code    32  touch.o(i.TP_Adjust)
    TP_Init                                  0x080093ad   Thumb Code    76  touch.o(i.TP_Init)
    TP_Read_AD                               0x08009401   Thumb Code   126  touch.o(i.TP_Read_AD)
    TP_Read_XOY                              0x08009489   Thumb Code   120  touch.o(i.TP_Read_XOY)
    TP_Read_XY                               0x08009501   Thumb Code    38  touch.o(i.TP_Read_XY)
    TP_Read_XY2                              0x08009531   Thumb Code   192  touch.o(i.TP_Read_XY2)
    TP_Scan                                  0x080095f1   Thumb Code   246  touch.o(i.TP_Scan)
    TP_Write_Byte                            0x080096f1   Thumb Code    56  touch.o(i.TP_Write_Byte)
    UART_DMA_Config                          0x08009731   Thumb Code    72  usart2.o(i.UART_DMA_Config)
    UART_DMA_Enable                          0x08009779   Thumb Code    32  usart2.o(i.UART_DMA_Enable)
    USART1_IRQHandler                        0x08009799   Thumb Code   122  usart.o(i.USART1_IRQHandler)
    USART2_IRQHandler                        0x08009821   Thumb Code   138  usart2.o(i.USART2_IRQHandler)
    USART2_Init                              0x080098c1   Thumb Code   206  usart2.o(i.USART2_Init)
    USART_Cmd                                0x080099a5   Thumb Code    24  stm32f10x_usart.o(i.USART_Cmd)
    USART_DMACmd                             0x080099bd   Thumb Code    18  stm32f10x_usart.o(i.USART_DMACmd)
    USART_DeInit                             0x080099d1   Thumb Code   134  stm32f10x_usart.o(i.USART_DeInit)
    USART_GetITStatus                        0x08009a6d   Thumb Code    84  stm32f10x_usart.o(i.USART_GetITStatus)
    USART_ITConfig                           0x08009ac1   Thumb Code    74  stm32f10x_usart.o(i.USART_ITConfig)
    USART_Init                               0x08009b0d   Thumb Code   210  stm32f10x_usart.o(i.USART_Init)
    USART_ReceiveData                        0x08009be5   Thumb Code    10  stm32f10x_usart.o(i.USART_ReceiveData)
    UsageFault_Handler                       0x08009bef   Thumb Code     4  stm32f10x_it.o(i.UsageFault_Handler)
    __ARM_fpclassify                         0x08009bf3   Thumb Code    40  fpclassify.o(i.__ARM_fpclassify)
    _is_digit                                0x08009c1b   Thumb Code    14  __printf_wp.o(i._is_digit)
    _sys_exit                                0x08009c29   Thumb Code     6  usart.o(i._sys_exit)
    atk_8266_at_response                     0x08009c31   Thumb Code    46  common.o(i.atk_8266_at_response)
    atk_8266_check_cmd                       0x08009c6d   Thumb Code    44  common.o(i.atk_8266_check_cmd)
    atk_8266_consta_check                    0x08009ca1   Thumb Code    36  common.o(i.atk_8266_consta_check)
    atk_8266_get_wanip                       0x08009ce5   Thumb Code    58  common.o(i.atk_8266_get_wanip)
    atk_8266_init                            0x08009d39   Thumb Code  1742  common.o(i.atk_8266_init)
    atk_8266_quit_trans                      0x0800a451   Thumb Code   100  common.o(i.atk_8266_quit_trans)
    atk_8266_send_cmd                        0x0800a4c1   Thumb Code    92  common.o(i.atk_8266_send_cmd)
    atk_8266_wifisend_data                   0x0800a535   Thumb Code   126  wifista.o(i.atk_8266_wifisend_data)
    delay_init                               0x0800a5f9   Thumb Code    50  delay.o(i.delay_init)
    delay_ms                                 0x0800a63d   Thumb Code    72  delay.o(i.delay_ms)
    delay_us                                 0x0800a689   Thumb Code    72  delay.o(i.delay_us)
    display_BootImage                        0x0800a6d5   Thumb Code    58  lcd.o(i.display_BootImage)
    display_MDlogo                           0x0800a715   Thumb Code    58  lcd.o(i.display_MDlogo)
    display_wifilogo                         0x0800a755   Thumb Code    60  lcd.o(i.display_wifilogo)
    fputc                                    0x0800a795   Thumb Code    24  usart.o(i.fputc)
    main                                     0x0800a7b1   Thumb Code   312  main.o(i.main)
    mem_free                                 0x0800a965   Thumb Code    66  malloc.o(i.mem_free)
    mem_init                                 0x0800a9ad   Thumb Code    38  malloc.o(i.mem_init)
    mem_malloc                               0x0800a9d9   Thumb Code   116  malloc.o(i.mem_malloc)
    mem_perused                              0x0800aa51   Thumb Code    42  malloc.o(i.mem_perused)
    myfree                                   0x0800aa81   Thumb Code    24  malloc.o(i.myfree)
    mymalloc                                 0x0800aa9d   Thumb Code    28  malloc.o(i.mymalloc)
    mymemset                                 0x0800aabd   Thumb Code    20  malloc.o(i.mymemset)
    u2_printf                                0x0800aad1   Thumb Code    56  usart2.o(i.u2_printf)
    uart_init                                0x0800ab11   Thumb Code   152  usart.o(i.uart_init)
    _get_lc_numeric                          0x0800abb1   Thumb Code    44  lc_numeric_c.o(locale$$code)
    _get_lc_ctype                            0x0800abdd   Thumb Code    44  lc_ctype_c.o(locale$$code)
    __aeabi_d2uiz                            0x0800ac09   Thumb Code     0  dfixu.o(x$fpl$dfixu)
    _dfixu                                   0x0800ac09   Thumb Code    90  dfixu.o(x$fpl$dfixu)
    __aeabi_ui2d                             0x0800ac63   Thumb Code     0  dflt_clz.o(x$fpl$dfltu)
    _dfltu                                   0x0800ac63   Thumb Code    38  dflt_clz.o(x$fpl$dfltu)
    __aeabi_dmul                             0x0800ac89   Thumb Code     0  dmul.o(x$fpl$dmul)
    _dmul                                    0x0800ac89   Thumb Code   332  dmul.o(x$fpl$dmul)
    __fpl_dnaninf                            0x0800addd   Thumb Code   156  dnaninf.o(x$fpl$dnaninf)
    __fpl_dretinf                            0x0800ae79   Thumb Code    12  dretinf.o(x$fpl$dretinf)
    __aeabi_fadd                             0x0800ae85   Thumb Code     0  faddsub_clz.o(x$fpl$fadd)
    _fadd                                    0x0800ae85   Thumb Code   196  faddsub_clz.o(x$fpl$fadd)
    __aeabi_f2uiz                            0x0800af49   Thumb Code     0  ffixu.o(x$fpl$ffixu)
    _ffixu                                   0x0800af49   Thumb Code    62  ffixu.o(x$fpl$ffixu)
    __aeabi_ui2f                             0x0800af89   Thumb Code     0  fflt_clz.o(x$fpl$ffltu)
    _ffltu                                   0x0800af89   Thumb Code    38  fflt_clz.o(x$fpl$ffltu)
    __aeabi_fmul                             0x0800afb1   Thumb Code     0  fmul.o(x$fpl$fmul)
    _fmul                                    0x0800afb1   Thumb Code   258  fmul.o(x$fpl$fmul)
    __fpl_fnaninf                            0x0800b0b3   Thumb Code   140  fnaninf.o(x$fpl$fnaninf)
    __fpl_fretinf                            0x0800b13f   Thumb Code    10  fretinf.o(x$fpl$fretinf)
    __aeabi_fsub                             0x0800b149   Thumb Code     0  faddsub_clz.o(x$fpl$fsub)
    _fsub                                    0x0800b149   Thumb Code   234  faddsub_clz.o(x$fpl$fsub)
    _printf_fp_dec                           0x0800b233   Thumb Code     4  printf1.o(x$fpl$printf1)
    __I$use$fp                               0x0800b236   Number         0  usenofp.o(x$fpl$usenofp)
    asc2_1608                                0x0800b236   Data        1520  lcd.o(.constdata)
    asc2_2412                                0x0800b826   Data        3420  lcd.o(.constdata)
    MD_logo                                  0x0800c582   Data        1160  lcd.o(.constdata)
    wifi_logo                                0x0800ca0a   Data        1040  lcd.o(.constdata)
    Boot_Interface                           0x0800ce1a   Data       23140  lcd.o(.constdata)
    rfSettings                               0x0801287e   Data          35  cc1101.o(.constdata)
    Kb_Num                                   0x080128a1   Data          12  common.o(.constdata)
    Kb_char                                  0x080128ad   Data          35  common.o(.constdata)
    Kb_Char                                  0x080128d0   Data          35  common.o(.constdata)
    Region$$Table$$Base                      0x08012a58   Number         0  anon$$obj.o(Region$$Table)
    Region$$Table$$Limit                     0x08012a78   Number         0  anon$$obj.o(Region$$Table)
    __ctype                                  0x08012aa1   Data           0  lc_ctype_c.o(locale$$data)
    Time_1ms                                 0x20000000   Data           2  main.o(.data)
    RecvWaitTime                             0x20000004   Data           4  main.o(.data)
    Wifi_LinkFlag                            0x20000008   Data           1  main.o(.data)
    SendBuffer                               0x20000009   Data           6  main.o(.data)
    AckBuffer                                0x2000000f   Data           4  main.o(.data)
    SystemCoreClock                          0x20000014   Data           4  system_stm32f10x.o(.data)
    AHBPrescTable                            0x20000018   Data          16  system_stm32f10x.o(.data)
    __stdout                                 0x2000002c   Data           4  usart.o(.data)
    USART_RX_STA                             0x20000030   Data           2  usart.o(.data)
    tp_dev                                   0x20000048   Data          56  touch.o(.data)
    CMD_RDX                                  0x20000080   Data           1  touch.o(.data)
    CMD_RDY                                  0x20000081   Data           1  touch.o(.data)
    USART2_RX_STA                            0x20000082   Data           2  usart2.o(.data)
    POINT_COLOR                              0x20000084   Data           2  lcd.o(.data)
    BACK_COLOR                               0x20000086   Data           2  lcd.o(.data)
    PaTabel                                  0x20000088   Data           8  cc1101.o(.data)
    CC1101_IRQFlag                           0x20000090   Data           1  cc1101.o(.data)
    mallco_dev                               0x20000094   Data          20  malloc.o(.data)
    portnum                                  0x200000a8   Data           4  common.o(.data)
    remote_ip                                0x200000ac   Data           4  common.o(.data)
    wifista_ssid                             0x200000b0   Data           4  common.o(.data)
    PWD_Temp                                 0x200000b4   Data          15  common.o(.data)
    PWD_Index                                0x200000c3   Data           1  common.o(.data)
    IP_Index                                 0x200000c4   Data           1  common.o(.data)
    Pnum_Temp                                0x200000c5   Data           7  common.o(.data)
    Pnum_Index                               0x200000cc   Data           1  common.o(.data)
    ATK_ESP8266_CWMODE_TBL                   0x200000d0   Data          12  common.o(.data)
    ATK_ESP8266_WORKMODE_TBL                 0x200000dc   Data          12  common.o(.data)
    ATK_ESP8266_ECN_TBL                      0x200000e8   Data          20  common.o(.data)
    Join_Scan                                0x200000fc   Data           1  common.o(.data)
    Str_Info                                 0x20000100   Data          20  main.o(.bss)
    USART_RX_BUF                             0x20000114   Data         200  usart.o(.bss)
    USART2_TX_BUF                            0x200001e0   Data        1024  usart2.o(.bss)
    USART2_RX_BUF                            0x200005e0   Data        1200  usart2.o(.bss)
    lcddev                                   0x20000a90   Data          14  lcd.o(.bss)
    SPI_InitStructure                        0x20000a9e   Data          18  spi.o(.bss)
    membase                                  0x20000ab0   Data       35840  malloc.o(.bss)
    memmapbase                               0x200096b0   Data        2240  malloc.o(.bss)
    __libspace_start                         0x20009f70   Data          96  libspace.o(.bss)
    __temporary_stack_top$libspace           0x20009fd0   Data           0  libspace.o(.bss)



==============================================================================

Memory Map of the image

  Image Entry point : 0x08000131

  Load Region LR_IROM1 (Base: 0x08000000, Size: 0x00012ca4, Max: 0x00040000, ABSOLUTE)

    Execution Region ER_IROM1 (Base: 0x08000000, Size: 0x00012ba4, Max: 0x00040000, ABSOLUTE)

    Base Addr    Size         Type   Attr      Idx    E Section Name        Object

    0x08000000   0x00000130   Data   RO          369    RESET               startup_stm32f10x_hd.o
    0x08000130   0x00000008   Code   RO         4250  * !!!main             c_w.l(__main.o)
    0x08000138   0x00000034   Code   RO         4552    !!!scatter          c_w.l(__scatter.o)
    0x0800016c   0x0000001a   Code   RO         4554    !!handler_copy      c_w.l(__scatter_copy.o)
    0x08000186   0x00000002   PAD
    0x08000188   0x0000001c   Code   RO         4556    !!handler_zi        c_w.l(__scatter_zi.o)
    0x080001a4   0x00000000   Code   RO         4241    .ARM.Collect$$_printf_percent$$00000000  c_w.l(_printf_percent.o)
    0x080001a4   0x00000006   Code   RO         4312    .ARM.Collect$$_printf_percent$$00000001  c_w.l(_printf_n.o)
    0x080001aa   0x00000006   Code   RO         4313    .ARM.Collect$$_printf_percent$$00000002  c_w.l(_printf_p.o)
    0x080001b0   0x00000006   Code   RO         4317    .ARM.Collect$$_printf_percent$$00000003  c_w.l(_printf_f.o)
    0x080001b6   0x00000006   Code   RO         4318    .ARM.Collect$$_printf_percent$$00000004  c_w.l(_printf_e.o)
    0x080001bc   0x00000006   Code   RO         4319    .ARM.Collect$$_printf_percent$$00000005  c_w.l(_printf_g.o)
    0x080001c2   0x00000006   Code   RO         4320    .ARM.Collect$$_printf_percent$$00000006  c_w.l(_printf_a.o)
    0x080001c8   0x0000000a   Code   RO         4325    .ARM.Collect$$_printf_percent$$00000007  c_w.l(_printf_ll.o)
    0x080001d2   0x00000006   Code   RO         4315    .ARM.Collect$$_printf_percent$$00000008  c_w.l(_printf_i.o)
    0x080001d8   0x00000006   Code   RO         4240    .ARM.Collect$$_printf_percent$$00000009  c_w.l(_printf_d.o)
    0x080001de   0x00000006   Code   RO         4316    .ARM.Collect$$_printf_percent$$0000000A  c_w.l(_printf_u.o)
    0x080001e4   0x00000006   Code   RO         4314    .ARM.Collect$$_printf_percent$$0000000B  c_w.l(_printf_o.o)
    0x080001ea   0x00000006   Code   RO         4239    .ARM.Collect$$_printf_percent$$0000000C  c_w.l(_printf_x.o)
    0x080001f0   0x00000006   Code   RO         4322    .ARM.Collect$$_printf_percent$$0000000D  c_w.l(_printf_lli.o)
    0x080001f6   0x00000006   Code   RO         4323    .ARM.Collect$$_printf_percent$$0000000E  c_w.l(_printf_lld.o)
    0x080001fc   0x00000006   Code   RO         4324    .ARM.Collect$$_printf_percent$$0000000F  c_w.l(_printf_llu.o)
    0x08000202   0x00000006   Code   RO         4329    .ARM.Collect$$_printf_percent$$00000010  c_w.l(_printf_llo.o)
    0x08000208   0x00000006   Code   RO         4330    .ARM.Collect$$_printf_percent$$00000011  c_w.l(_printf_llx.o)
    0x0800020e   0x0000000a   Code   RO         4326    .ARM.Collect$$_printf_percent$$00000012  c_w.l(_printf_l.o)
    0x08000218   0x00000006   Code   RO         4237    .ARM.Collect$$_printf_percent$$00000013  c_w.l(_printf_c.o)
    0x0800021e   0x00000006   Code   RO         4238    .ARM.Collect$$_printf_percent$$00000014  c_w.l(_printf_s.o)
    0x08000224   0x00000006   Code   RO         4327    .ARM.Collect$$_printf_percent$$00000015  c_w.l(_printf_lc.o)
    0x0800022a   0x00000006   Code   RO         4328    .ARM.Collect$$_printf_percent$$00000016  c_w.l(_printf_ls.o)
    0x08000230   0x00000004   Code   RO         4321    .ARM.Collect$$_printf_percent$$00000017  c_w.l(_printf_percent_end.o)
    0x08000234   0x00000002   Code   RO         4417    .ARM.Collect$$libinit$$00000000  c_w.l(libinit.o)
    0x08000236   0x00000000   Code   RO         4433    .ARM.Collect$$libinit$$00000002  c_w.l(libinit2.o)
    0x08000236   0x00000000   Code   RO         4435    .ARM.Collect$$libinit$$00000004  c_w.l(libinit2.o)
    0x08000236   0x00000000   Code   RO         4438    .ARM.Collect$$libinit$$0000000A  c_w.l(libinit2.o)
    0x08000236   0x00000000   Code   RO         4440    .ARM.Collect$$libinit$$0000000C  c_w.l(libinit2.o)
    0x08000236   0x00000000   Code   RO         4442    .ARM.Collect$$libinit$$0000000E  c_w.l(libinit2.o)
    0x08000236   0x00000006   Code   RO         4443    .ARM.Collect$$libinit$$0000000F  c_w.l(libinit2.o)
    0x0800023c   0x00000000   Code   RO         4445    .ARM.Collect$$libinit$$00000011  c_w.l(libinit2.o)
    0x0800023c   0x0000000c   Code   RO         4446    .ARM.Collect$$libinit$$00000012  c_w.l(libinit2.o)
    0x08000248   0x00000000   Code   RO         4447    .ARM.Collect$$libinit$$00000013  c_w.l(libinit2.o)
    0x08000248   0x00000000   Code   RO         4449    .ARM.Collect$$libinit$$00000015  c_w.l(libinit2.o)
    0x08000248   0x0000000a   Code   RO         4450    .ARM.Collect$$libinit$$00000016  c_w.l(libinit2.o)
    0x08000252   0x00000000   Code   RO         4451    .ARM.Collect$$libinit$$00000017  c_w.l(libinit2.o)
    0x08000252   0x00000000   Code   RO         4453    .ARM.Collect$$libinit$$00000019  c_w.l(libinit2.o)
    0x08000252   0x00000000   Code   RO         4455    .ARM.Collect$$libinit$$0000001B  c_w.l(libinit2.o)
    0x08000252   0x00000000   Code   RO         4457    .ARM.Collect$$libinit$$0000001D  c_w.l(libinit2.o)
    0x08000252   0x00000000   Code   RO         4459    .ARM.Collect$$libinit$$0000001F  c_w.l(libinit2.o)
    0x08000252   0x00000000   Code   RO         4461    .ARM.Collect$$libinit$$00000021  c_w.l(libinit2.o)
    0x08000252   0x00000000   Code   RO         4463    .ARM.Collect$$libinit$$00000023  c_w.l(libinit2.o)
    0x08000252   0x00000000   Code   RO         4465    .ARM.Collect$$libinit$$00000025  c_w.l(libinit2.o)
    0x08000252   0x00000000   Code   RO         4469    .ARM.Collect$$libinit$$0000002C  c_w.l(libinit2.o)
    0x08000252   0x00000000   Code   RO         4471    .ARM.Collect$$libinit$$0000002E  c_w.l(libinit2.o)
    0x08000252   0x00000000   Code   RO         4473    .ARM.Collect$$libinit$$00000030  c_w.l(libinit2.o)
    0x08000252   0x00000000   Code   RO         4475    .ARM.Collect$$libinit$$00000032  c_w.l(libinit2.o)
    0x08000252   0x00000002   Code   RO         4476    .ARM.Collect$$libinit$$00000033  c_w.l(libinit2.o)
    0x08000254   0x00000002   Code   RO         4494    .ARM.Collect$$libshutdown$$00000000  c_w.l(libshutdown.o)
    0x08000256   0x00000000   Code   RO         4504    .ARM.Collect$$libshutdown$$00000002  c_w.l(libshutdown2.o)
    0x08000256   0x00000000   Code   RO         4506    .ARM.Collect$$libshutdown$$00000004  c_w.l(libshutdown2.o)
    0x08000256   0x00000000   Code   RO         4509    .ARM.Collect$$libshutdown$$00000007  c_w.l(libshutdown2.o)
    0x08000256   0x00000000   Code   RO         4512    .ARM.Collect$$libshutdown$$0000000A  c_w.l(libshutdown2.o)
    0x08000256   0x00000000   Code   RO         4514    .ARM.Collect$$libshutdown$$0000000C  c_w.l(libshutdown2.o)
    0x08000256   0x00000000   Code   RO         4517    .ARM.Collect$$libshutdown$$0000000F  c_w.l(libshutdown2.o)
    0x08000256   0x00000002   Code   RO         4518    .ARM.Collect$$libshutdown$$00000010  c_w.l(libshutdown2.o)
    0x08000258   0x00000000   Code   RO         4284    .ARM.Collect$$rtentry$$00000000  c_w.l(__rtentry.o)
    0x08000258   0x00000000   Code   RO         4343    .ARM.Collect$$rtentry$$00000002  c_w.l(__rtentry2.o)
    0x08000258   0x00000006   Code   RO         4355    .ARM.Collect$$rtentry$$00000004  c_w.l(__rtentry4.o)
    0x0800025e   0x00000000   Code   RO         4345    .ARM.Collect$$rtentry$$00000009  c_w.l(__rtentry2.o)
    0x0800025e   0x00000004   Code   RO         4346    .ARM.Collect$$rtentry$$0000000A  c_w.l(__rtentry2.o)
    0x08000262   0x00000000   Code   RO         4348    .ARM.Collect$$rtentry$$0000000C  c_w.l(__rtentry2.o)
    0x08000262   0x00000008   Code   RO         4349    .ARM.Collect$$rtentry$$0000000D  c_w.l(__rtentry2.o)
    0x0800026a   0x00000002   Code   RO         4425    .ARM.Collect$$rtexit$$00000000  c_w.l(rtexit.o)
    0x0800026c   0x00000000   Code   RO         4478    .ARM.Collect$$rtexit$$00000002  c_w.l(rtexit2.o)
    0x0800026c   0x00000004   Code   RO         4479    .ARM.Collect$$rtexit$$00000003  c_w.l(rtexit2.o)
    0x08000270   0x00000006   Code   RO         4480    .ARM.Collect$$rtexit$$00000004  c_w.l(rtexit2.o)
    0x08000276   0x00000002   PAD
    0x08000278   0x00000040   Code   RO          370    .text               startup_stm32f10x_hd.o
    0x080002b8   0x00000002   Code   RO         4178    .text               c_w.l(use_no_semi_2.o)
    0x080002ba   0x00000002   PAD
    0x080002bc   0x00000024   Code   RO         4180    .text               c_w.l(c89vsprintf.o)
    0x080002e0   0x00000018   Code   RO         4182    .text               c_w.l(__2printf.o)
    0x080002f8   0x0000002c   Code   RO         4184    .text               c_w.l(__2sprintf.o)
    0x08000324   0x00000052   Code   RO         4192    .text               c_w.l(_printf_str.o)
    0x08000376   0x00000002   PAD
    0x08000378   0x00000078   Code   RO         4194    .text               c_w.l(_printf_dec.o)
    0x080003f0   0x00000094   Code   RO         4214    .text               c_w.l(_printf_hex_int_ll_ptr.o)
    0x08000484   0x00000188   Code   RO         4234    .text               c_w.l(__printf_flags_ss_wp.o)
    0x0800060c   0x00000024   Code   RO         4242    .text               c_w.l(strstr.o)
    0x08000630   0x0000003e   Code   RO         4244    .text               c_w.l(strlen.o)
    0x0800066e   0x0000004e   Code   RO         4246    .text               c_w.l(rt_memclr_w.o)
    0x080006bc   0x00000006   Code   RO         4248    .text               c_w.l(heapauxi.o)
    0x080006c2   0x00000002   Code   RO         4282    .text               c_w.l(use_no_semi.o)
    0x080006c4   0x0000004e   Code   RO         4285    .text               c_w.l(_printf_pad.o)
    0x08000712   0x00000024   Code   RO         4287    .text               c_w.l(_printf_truncate.o)
    0x08000736   0x000000b2   Code   RO         4289    .text               c_w.l(_printf_intcommon.o)
    0x080007e8   0x00000028   Code   RO         4291    .text               c_w.l(_printf_charcount.o)
    0x08000810   0x00000030   Code   RO         4293    .text               c_w.l(_printf_char_common.o)
    0x08000840   0x0000000a   Code   RO         4295    .text               c_w.l(_sputc.o)
    0x0800084a   0x0000002c   Code   RO         4297    .text               c_w.l(_printf_char.o)
    0x08000876   0x00000002   PAD
    0x08000878   0x00000024   Code   RO         4299    .text               c_w.l(_printf_char_file.o)
    0x0800089c   0x000000bc   Code   RO         4301    .text               c_w.l(_printf_wctomb.o)
    0x08000958   0x0000007c   Code   RO         4304    .text               c_w.l(_printf_longlong_dec.o)
    0x080009d4   0x00000070   Code   RO         4310    .text               c_w.l(_printf_oct_int_ll.o)
    0x08000a44   0x0000008a   Code   RO         4357    .text               c_w.l(lludiv10.o)
    0x08000ace   0x0000041a   Code   RO         4359    .text               c_w.l(_printf_fp_dec.o)
    0x08000ee8   0x0000002c   Code   RO         4363    .text               c_w.l(_printf_wchar.o)
    0x08000f14   0x00000008   Code   RO         4365    .text               c_w.l(ferror.o)
    0x08000f1c   0x00000040   Code   RO         4369    .text               c_w.l(_wcrtomb.o)
    0x08000f5c   0x0000004a   Code   RO         4371    .text               c_w.l(sys_stackheap_outer.o)
    0x08000fa6   0x00000002   PAD
    0x08000fa8   0x00000010   Code   RO         4373    .text               c_w.l(rt_ctype_table.o)
    0x08000fb8   0x00000008   Code   RO         4378    .text               c_w.l(rt_locale_intlibspace.o)
    0x08000fc0   0x00000080   Code   RO         4380    .text               c_w.l(_printf_fp_infnan.o)
    0x08001040   0x000000dc   Code   RO         4382    .text               c_w.l(bigflt0.o)
    0x0800111c   0x00000012   Code   RO         4410    .text               c_w.l(exit.o)
    0x0800112e   0x00000002   PAD
    0x08001130   0x00000008   Code   RO         4422    .text               c_w.l(libspace.o)
    0x08001138   0x00000080   Code   RO         4430    .text               c_w.l(strcmpv7m.o)
    0x080011b8   0x0000003e   Code   RO         4385    CL$$btod_d2e        c_w.l(btod.o)
    0x080011f6   0x00000046   Code   RO         4387    CL$$btod_d2e_denorm_low  c_w.l(btod.o)
    0x0800123c   0x00000060   Code   RO         4386    CL$$btod_d2e_norm_op1  c_w.l(btod.o)
    0x0800129c   0x00000338   Code   RO         4395    CL$$btod_div_common  c_w.l(btod.o)
    0x080015d4   0x000000c6   Code   RO         4392    CL$$btod_e2e        c_w.l(btod.o)
    0x0800169a   0x00000028   Code   RO         4389    CL$$btod_ediv       c_w.l(btod.o)
    0x080016c2   0x00000028   Code   RO         4388    CL$$btod_emul       c_w.l(btod.o)
    0x080016ea   0x00000244   Code   RO         4394    CL$$btod_mult_common  c_w.l(btod.o)
    0x0800192e   0x00000002   PAD
    0x08001930   0x000004c8   Code   RO         4055    i.AP_Choose         common.o
    0x08001df8   0x00000004   Code   RO          144    i.BusFault_Handler  stm32f10x_it.o
    0x08001dfc   0x0000000e   Code   RO         3768    i.CC1101ClrRXBuff   cc1101.o
    0x08001e0a   0x0000000e   Code   RO         3769    i.CC1101ClrTXBuff   cc1101.o
    0x08001e18   0x0000000e   Code   RO         3770    i.CC1101GetRXCnt    cc1101.o
    0x08001e26   0x00000002   PAD
    0x08001e28   0x000000ec   Code   RO         3771    i.CC1101Init        cc1101.o
    0x08001f14   0x00000060   Code   RO         3772    i.CC1101ReadMultiReg  cc1101.o
    0x08001f74   0x0000003c   Code   RO         3773    i.CC1101ReadReg     cc1101.o
    0x08001fb0   0x0000003c   Code   RO         3774    i.CC1101ReadStatus  cc1101.o
    0x08001fec   0x00000066   Code   RO         3775    i.CC1101RecPacket   cc1101.o
    0x08002052   0x00000002   PAD
    0x08002054   0x0000003c   Code   RO         3776    i.CC1101Reset       cc1101.o
    0x08002090   0x000000a0   Code   RO         3777    i.CC1101SendPacket  cc1101.o
    0x08002130   0x00000038   Code   RO         3778    i.CC1101SetAddress  cc1101.o
    0x08002168   0x0000000a   Code   RO         3779    i.CC1101SetIdle     cc1101.o
    0x08002172   0x00000018   Code   RO         3780    i.CC1101SetSYNC     cc1101.o
    0x0800218a   0x0000002a   Code   RO         3781    i.CC1101SetTRMode   cc1101.o
    0x080021b4   0x00000030   Code   RO         3783    i.CC1101WriteCmd    cc1101.o
    0x080021e4   0x0000004c   Code   RO         3784    i.CC1101WriteMultiReg  cc1101.o
    0x08002230   0x00000038   Code   RO         3785    i.CC1101WriteReg    cc1101.o
    0x08002268   0x0000016c   Code   RO         3786    i.CC1101_Settings   cc1101.o
    0x080023d4   0x00000018   Code   RO         1122    i.DMA_Cmd           stm32f10x_dma.o
    0x080023ec   0x0000014c   Code   RO         1123    i.DMA_DeInit        stm32f10x_dma.o
    0x08002538   0x00000008   Code   RO         1124    i.DMA_GetCurrDataCounter  stm32f10x_dma.o
    0x08002540   0x0000003c   Code   RO         1128    i.DMA_Init          stm32f10x_dma.o
    0x0800257c   0x00000004   Code   RO         1129    i.DMA_SetCurrDataCounter  stm32f10x_dma.o
    0x08002580   0x00000002   Code   RO          145    i.DebugMon_Handler  stm32f10x_it.o
    0x08002582   0x00000002   PAD
    0x08002584   0x00000030   Code   RO         3969    i.EXTI15_10_IRQHandler  key.o
    0x080025b4   0x00000028   Code   RO         3787    i.EXTI4_IRQHandler  cc1101.o
    0x080025dc   0x00000030   Code   RO         3788    i.EXTI4_Set         cc1101.o
    0x0800260c   0x0000000c   Code   RO         1193    i.EXTI_ClearITPendingBit  stm32f10x_exti.o
    0x08002618   0x00000028   Code   RO         1197    i.EXTI_GetITStatus  stm32f10x_exti.o
    0x08002640   0x00000094   Code   RO         1198    i.EXTI_Init         stm32f10x_exti.o
    0x080026d4   0x00000508   Code   RO         4056    i.Enter_AP_PWD      common.o
    0x08002bdc   0x00000040   Code   RO         1549    i.GPIO_EXTILineConfig  stm32f10x_gpio.o
    0x08002c1c   0x00000116   Code   RO         1552    i.GPIO_Init         stm32f10x_gpio.o
    0x08002d32   0x00000002   PAD
    0x08002d34   0x00000090   Code   RO         1554    i.GPIO_PinRemapConfig  stm32f10x_gpio.o
    0x08002dc4   0x00000012   Code   RO         1556    i.GPIO_ReadInputDataBit  stm32f10x_gpio.o
    0x08002dd6   0x00000004   Code   RO         1559    i.GPIO_ResetBits    stm32f10x_gpio.o
    0x08002dda   0x00000004   Code   RO         1560    i.GPIO_SetBits      stm32f10x_gpio.o
    0x08002dde   0x00000004   Code   RO          146    i.HardFault_Handler  stm32f10x_it.o
    0x08002de2   0x00000002   PAD
    0x08002de4   0x00000080   Code   RO         3970    i.KEY_Init          key.o
    0x08002e64   0x00000344   Code   RO         4058    i.KbChar_UI         common.o
    0x080031a8   0x000001f8   Code   RO         4059    i.KbNum_UI          common.o
    0x080033a0   0x00000088   Code   RO         3538    i.LCD_Clear         lcd.o
    0x08003428   0x000001c0   Code   RO         3542    i.LCD_Display_Dir   lcd.o
    0x080035e8   0x000000b0   Code   RO         3543    i.LCD_DrawLine      lcd.o
    0x08003698   0x00000040   Code   RO         3544    i.LCD_DrawPoint     lcd.o
    0x080036d8   0x000000c8   Code   RO         3547    i.LCD_Fast_DrawPoint  lcd.o
    0x080037a0   0x000000d4   Code   RO         3548    i.LCD_Fill          lcd.o
    0x08003874   0x00003bc0   Code   RO         3549    i.LCD_Init          lcd.o
    0x08007434   0x00000016   Code   RO         3550    i.LCD_Pow           lcd.o
    0x0800744a   0x00000002   PAD
    0x0800744c   0x00000070   Code   RO         3551    i.LCD_RD_DATA       lcd.o
    0x080074bc   0x00000010   Code   RO         3553    i.LCD_ReadReg       lcd.o
    0x080074cc   0x000000d4   Code   RO         3554    i.LCD_SSD_BackLightSet  lcd.o
    0x080075a0   0x00000458   Code   RO         3555    i.LCD_Scan_Dir      lcd.o
    0x080079f8   0x000003bc   Code   RO         3556    i.LCD_SetCursor     lcd.o
    0x08007db4   0x00000110   Code   RO         3558    i.LCD_ShowChar      lcd.o
    0x08007ec4   0x00000066   Code   RO         3560    i.LCD_ShowString    lcd.o
    0x08007f2a   0x000000be   Code   RO         3561    i.LCD_ShowxNum      lcd.o
    0x08007fe8   0x00000024   Code   RO         3562    i.LCD_WR_DATAX      lcd.o
    0x0800800c   0x00000024   Code   RO         3563    i.LCD_WR_REG        lcd.o
    0x08008030   0x00000010   Code   RO         3565    i.LCD_WriteRAM_Prepare  lcd.o
    0x08008040   0x00000030   Code   RO         3566    i.LCD_WriteReg      lcd.o
    0x08008070   0x000005a0   Code   RO         4060    i.Load_Kb_Char      common.o
    0x08008610   0x00000004   Code   RO          147    i.MemManage_Handler  stm32f10x_it.o
    0x08008614   0x00000002   Code   RO          148    i.NMI_Handler       stm32f10x_it.o
    0x08008616   0x00000002   PAD
    0x08008618   0x00000070   Code   RO          374    i.NVIC_Init         misc.o
    0x08008688   0x00000014   Code   RO          375    i.NVIC_PriorityGroupConfig  misc.o
    0x0800869c   0x00000002   Code   RO          149    i.PendSV_Handler    stm32f10x_it.o
    0x0800869e   0x00000002   PAD
    0x080086a0   0x00000214   Code   RO         3567    i.QueenRun_UI       lcd.o
    0x080088b4   0x00000020   Code   RO         1976    i.RCC_AHBPeriphClockCmd  stm32f10x_rcc.o
    0x080088d4   0x00000020   Code   RO         1977    i.RCC_APB1PeriphClockCmd  stm32f10x_rcc.o
    0x080088f4   0x00000020   Code   RO         1978    i.RCC_APB1PeriphResetCmd  stm32f10x_rcc.o
    0x08008914   0x00000020   Code   RO         1979    i.RCC_APB2PeriphClockCmd  stm32f10x_rcc.o
    0x08008934   0x00000020   Code   RO         1980    i.RCC_APB2PeriphResetCmd  stm32f10x_rcc.o
    0x08008954   0x000000d4   Code   RO         1987    i.RCC_GetClocksFreq  stm32f10x_rcc.o
    0x08008a28   0x00000354   Code   RO            1    i.RF_RecvHandler    main.o
    0x08008d7c   0x00000078   Code   RO         3942    i.SPI1_Init         spi.o
    0x08008df4   0x00000054   Code   RO         3943    i.SPI1_ReadWriteByte  spi.o
    0x08008e48   0x00000018   Code   RO         2462    i.SPI_Cmd           stm32f10x_spi.o
    0x08008e60   0x00000012   Code   RO         3790    i.SPI_ExchangeByte  cc1101.o
    0x08008e72   0x00000012   Code   RO         2470    i.SPI_I2S_GetFlagStatus  stm32f10x_spi.o
    0x08008e84   0x00000006   Code   RO         2473    i.SPI_I2S_ReceiveData  stm32f10x_spi.o
    0x08008e8a   0x00000004   Code   RO         2474    i.SPI_I2S_SendData  stm32f10x_spi.o
    0x08008e8e   0x0000003c   Code   RO         2475    i.SPI_Init          stm32f10x_spi.o
    0x08008eca   0x00000002   Code   RO          150    i.SVC_Handler       stm32f10x_it.o
    0x08008ecc   0x00000008   Code   RO          227    i.SetSysClock       system_stm32f10x.o
    0x08008ed4   0x000000e0   Code   RO          228    i.SetSysClockTo72   system_stm32f10x.o
    0x08008fb4   0x00000028   Code   RO          378    i.SysTick_CLKSourceConfig  misc.o
    0x08008fdc   0x00000002   Code   RO          151    i.SysTick_Handler   stm32f10x_it.o
    0x08008fde   0x00000002   PAD
    0x08008fe0   0x000000bc   Code   RO            3    i.Sys_Init          main.o
    0x0800909c   0x00000060   Code   RO          230    i.SystemInit        system_stm32f10x.o
    0x080090fc   0x00000030   Code   RO         3791    i.TIM3_IRQHandler   cc1101.o
    0x0800912c   0x0000005c   Code   RO         3792    i.TIM3_Init         cc1101.o
    0x08009188   0x0000003c   Code   RO         3793    i.TIM3_Set          cc1101.o
    0x080091c4   0x00000030   Code   RO         3465    i.TIM4_IRQHandler   usart2.o
    0x080091f4   0x00000058   Code   RO         3466    i.TIM4_Init         usart2.o
    0x0800924c   0x00000028   Code   RO         3467    i.TIM4_Set          usart2.o
    0x08009274   0x00000006   Code   RO         2612    i.TIM_ClearITPendingBit  stm32f10x_tim.o
    0x0800927a   0x00000018   Code   RO         2617    i.TIM_Cmd           stm32f10x_tim.o
    0x08009292   0x00000022   Code   RO         2638    i.TIM_GetITStatus   stm32f10x_tim.o
    0x080092b4   0x00000012   Code   RO         2642    i.TIM_ITConfig      stm32f10x_tim.o
    0x080092c6   0x00000004   Code   RO         2682    i.TIM_SetCounter    stm32f10x_tim.o
    0x080092ca   0x00000002   PAD
    0x080092cc   0x000000a4   Code   RO         2688    i.TIM_TimeBaseInit  stm32f10x_tim.o
    0x08009370   0x0000003c   Code   RO         3386    i.TP_Adjust         touch.o
    0x080093ac   0x00000054   Code   RO         3389    i.TP_Init           touch.o
    0x08009400   0x00000088   Code   RO         3390    i.TP_Read_AD        touch.o
    0x08009488   0x00000078   Code   RO         3391    i.TP_Read_XOY       touch.o
    0x08009500   0x00000030   Code   RO         3392    i.TP_Read_XY        touch.o
    0x08009530   0x000000c0   Code   RO         3393    i.TP_Read_XY2       touch.o
    0x080095f0   0x00000100   Code   RO         3394    i.TP_Scan           touch.o
    0x080096f0   0x00000040   Code   RO         3395    i.TP_Write_Byte     touch.o
    0x08009730   0x00000048   Code   RO         3468    i.UART_DMA_Config   usart2.o
    0x08009778   0x00000020   Code   RO         3469    i.UART_DMA_Enable   usart2.o
    0x08009798   0x00000088   Code   RO          316    i.USART1_IRQHandler  usart.o
    0x08009820   0x000000a0   Code   RO         3470    i.USART2_IRQHandler  usart2.o
    0x080098c0   0x000000e4   Code   RO         3471    i.USART2_Init       usart2.o
    0x080099a4   0x00000018   Code   RO         3153    i.USART_Cmd         stm32f10x_usart.o
    0x080099bc   0x00000012   Code   RO         3154    i.USART_DMACmd      stm32f10x_usart.o
    0x080099ce   0x00000002   PAD
    0x080099d0   0x0000009c   Code   RO         3155    i.USART_DeInit      stm32f10x_usart.o
    0x08009a6c   0x00000054   Code   RO         3157    i.USART_GetITStatus  stm32f10x_usart.o
    0x08009ac0   0x0000004a   Code   RO         3159    i.USART_ITConfig    stm32f10x_usart.o
    0x08009b0a   0x00000002   PAD
    0x08009b0c   0x000000d8   Code   RO         3160    i.USART_Init        stm32f10x_usart.o
    0x08009be4   0x0000000a   Code   RO         3167    i.USART_ReceiveData  stm32f10x_usart.o
    0x08009bee   0x00000004   Code   RO          152    i.UsageFault_Handler  stm32f10x_it.o
    0x08009bf2   0x00000028   Code   RO         4420    i.__ARM_fpclassify  m_ws.l(fpclassify.o)
    0x08009c1a   0x0000000e   Code   RO         4227    i._is_digit         c_w.l(__printf_wp.o)
    0x08009c28   0x00000006   Code   RO          317    i._sys_exit         usart.o
    0x08009c2e   0x00000002   PAD
    0x08009c30   0x0000003c   Code   RO         4062    i.atk_8266_at_response  common.o
    0x08009c6c   0x00000034   Code   RO         4063    i.atk_8266_check_cmd  common.o
    0x08009ca0   0x00000044   Code   RO         4064    i.atk_8266_consta_check  common.o
    0x08009ce4   0x00000054   Code   RO         4065    i.atk_8266_get_wanip  common.o
    0x08009d38   0x00000718   Code   RO         4066    i.atk_8266_init     common.o
    0x0800a450   0x00000070   Code   RO         4067    i.atk_8266_quit_trans  common.o
    0x0800a4c0   0x00000074   Code   RO         4068    i.atk_8266_send_cmd  common.o
    0x0800a534   0x000000c4   Code   RO         4164    i.atk_8266_wifisend_data  wifista.o
    0x0800a5f8   0x00000044   Code   RO          261    i.delay_init        delay.o
    0x0800a63c   0x0000004c   Code   RO          262    i.delay_ms          delay.o
    0x0800a688   0x0000004c   Code   RO          263    i.delay_us          delay.o
    0x0800a6d4   0x00000040   Code   RO         3568    i.display_BootImage  lcd.o
    0x0800a714   0x00000040   Code   RO         3569    i.display_MDlogo    lcd.o
    0x0800a754   0x00000040   Code   RO         3570    i.display_wifilogo  lcd.o
    0x0800a794   0x0000001c   Code   RO          318    i.fputc             usart.o
    0x0800a7b0   0x000001b4   Code   RO            4    i.main              main.o
    0x0800a964   0x00000048   Code   RO         3987    i.mem_free          malloc.o
    0x0800a9ac   0x0000002c   Code   RO         3988    i.mem_init          malloc.o
    0x0800a9d8   0x00000078   Code   RO         3989    i.mem_malloc        malloc.o
    0x0800aa50   0x00000030   Code   RO         3990    i.mem_perused       malloc.o
    0x0800aa80   0x0000001c   Code   RO         3991    i.myfree            malloc.o
    0x0800aa9c   0x00000020   Code   RO         3992    i.mymalloc          malloc.o
    0x0800aabc   0x00000014   Code   RO         3994    i.mymemset          malloc.o
    0x0800aad0   0x00000040   Code   RO         3472    i.u2_printf         usart2.o
    0x0800ab10   0x000000a0   Code   RO          319    i.uart_init         usart.o
    0x0800abb0   0x0000002c   Code   RO         4408    locale$$code        c_w.l(lc_numeric_c.o)
    0x0800abdc   0x0000002c   Code   RO         4428    locale$$code        c_w.l(lc_ctype_c.o)
    0x0800ac08   0x0000005a   Code   RO         4252    x$fpl$dfixu         fz_ws.l(dfixu.o)
    0x0800ac62   0x00000026   Code   RO         4256    x$fpl$dfltu         fz_ws.l(dflt_clz.o)
    0x0800ac88   0x00000154   Code   RO         4262    x$fpl$dmul          fz_ws.l(dmul.o)
    0x0800addc   0x0000009c   Code   RO         4331    x$fpl$dnaninf       fz_ws.l(dnaninf.o)
    0x0800ae78   0x0000000c   Code   RO         4333    x$fpl$dretinf       fz_ws.l(dretinf.o)
    0x0800ae84   0x000000c4   Code   RO         4264    x$fpl$fadd          fz_ws.l(faddsub_clz.o)
    0x0800af48   0x0000003e   Code   RO         4270    x$fpl$ffixu         fz_ws.l(ffixu.o)
    0x0800af86   0x00000002   PAD
    0x0800af88   0x00000026   Code   RO         4274    x$fpl$ffltu         fz_ws.l(fflt_clz.o)
    0x0800afae   0x00000002   PAD
    0x0800afb0   0x00000102   Code   RO         4280    x$fpl$fmul          fz_ws.l(fmul.o)
    0x0800b0b2   0x0000008c   Code   RO         4335    x$fpl$fnaninf       fz_ws.l(fnaninf.o)
    0x0800b13e   0x0000000a   Code   RO         4337    x$fpl$fretinf       fz_ws.l(fretinf.o)
    0x0800b148   0x000000ea   Code   RO         4266    x$fpl$fsub          fz_ws.l(faddsub_clz.o)
    0x0800b232   0x00000004   Code   RO         4339    x$fpl$printf1       fz_ws.l(printf1.o)
    0x0800b236   0x00000000   Code   RO         4341    x$fpl$usenofp       fz_ws.l(usenofp.o)
    0x0800b236   0x00007648   Data   RO         3573    .constdata          lcd.o
    0x0801287e   0x00000023   Data   RO         3794    .constdata          cc1101.o
    0x080128a1   0x00000052   Data   RO         4071    .constdata          common.o
    0x080128f3   0x00000028   Data   RO         4215    .constdata          c_w.l(_printf_hex_int_ll_ptr.o)
    0x0801291b   0x00000011   Data   RO         4235    .constdata          c_w.l(__printf_flags_ss_wp.o)
    0x0801292c   0x00000008   Data   RO         4302    .constdata          c_w.l(_printf_wctomb.o)
    0x08012934   0x00000094   Data   RO         4383    .constdata          c_w.l(bigflt0.o)
    0x080129c8   0x0000008e   Data   RO         4072    .conststring        common.o
    0x08012a56   0x00000002   PAD
    0x08012a58   0x00000020   Data   RO         4550    Region$$Table       anon$$obj.o
    0x08012a78   0x0000001c   Data   RO         4407    locale$$data        c_w.l(lc_numeric_c.o)
    0x08012a94   0x00000110   Data   RO         4427    locale$$data        c_w.l(lc_ctype_c.o)


    Execution Region RW_IRAM1 (Base: 0x20000000, Size: 0x0000a5d0, Max: 0x0000c000, ABSOLUTE)

    Base Addr    Size         Type   Attr      Idx    E Section Name        Object

    0x20000000   0x00000013   Data   RW            7    .data               main.o
    0x20000013   0x00000001   PAD
    0x20000014   0x00000014   Data   RW          231    .data               system_stm32f10x.o
    0x20000028   0x00000004   Data   RW          264    .data               delay.o
    0x2000002c   0x00000006   Data   RW          321    .data               usart.o
    0x20000032   0x00000014   Data   RW         2007    .data               stm32f10x_rcc.o
    0x20000046   0x00000002   PAD
    0x20000048   0x0000003a   Data   RW         3396    .data               touch.o
    0x20000082   0x00000002   Data   RW         3474    .data               usart2.o
    0x20000084   0x00000004   Data   RW         3574    .data               lcd.o
    0x20000088   0x00000009   Data   RW         3795    .data               cc1101.o
    0x20000091   0x00000003   PAD
    0x20000094   0x00000014   Data   RW         3998    .data               malloc.o
    0x200000a8   0x00000055   Data   RW         4073    .data               common.o
    0x200000fd   0x00000003   PAD
    0x20000100   0x00000014   Zero   RW            5    .bss                main.o
    0x20000114   0x000000c8   Zero   RW          320    .bss                usart.o
    0x200001dc   0x00000004   PAD
    0x200001e0   0x000008b0   Zero   RW         3473    .bss                usart2.o
    0x20000a90   0x0000000e   Zero   RW         3572    .bss                lcd.o
    0x20000a9e   0x00000012   Zero   RW         3945    .bss                spi.o
    0x20000ab0   0x000094c0   Zero   RW         3996    .bss                malloc.o
    0x20009f70   0x00000060   Zero   RW         4423    .bss                c_w.l(libspace.o)
    0x20009fd0   0x00000200   Zero   RW          368    HEAP                startup_stm32f10x_hd.o
    0x2000a1d0   0x00000400   Zero   RW          367    STACK               startup_stm32f10x_hd.o


==============================================================================

Image component sizes


      Code (inc. data)   RO Data    RW Data    ZI Data      Debug   Object Name

      1798        118         35          9          0      15394   cc1101.o
      7600       1458        224         85          0      11015   common.o
       220         26          0          4          0       1603   delay.o
       176         14          0          0          0       1014   key.o
     20386        396      30280          4         14      27512   lcd.o
      1476        264          0         19         20     274732   main.o
       364         30          0         20      38080       5138   malloc.o
       172         22          0          0          0       1945   misc.o
       204         20          0          0         18       1353   spi.o
        64         26        304          0       1536        776   startup_stm32f10x_hd.o
       428          8          0          0          0       4372   stm32f10x_dma.o
       200         18          0          0          0       1996   stm32f10x_exti.o
       512         10          0          0          0       4920   stm32f10x_gpio.o
        26          0          0          0          0       3450   stm32f10x_it.o
       372         50          0         20          0       5912   stm32f10x_rcc.o
       112          0          0          0          0       3662   stm32f10x_spi.o
       250         42          0          0          0       3891   stm32f10x_tim.o
       582         28          0          0          0       5980   stm32f10x_usart.o
         0          0          0          0          0         32   sys.o
       328         28          0         20          0       1945   system_stm32f10x.o
       960         74          0         58          0       6139   touch.o
       330         26          0          6        200       3992   usart.o
       732         72          0          2       2224       5971   usart2.o
       196         70          0          0          0       1041   wifista.o

    ----------------------------------------------------------------------
     37514       2800      30877        256      42096     393785   Object Totals
         0          0         32          0          0          0   (incl. Generated)
        26          0          2          9          4          0   (incl. Padding)

    ----------------------------------------------------------------------

      Code (inc. data)   RO Data    RW Data    ZI Data      Debug   Library Member Name

        24          4          0          0          0         84   __2printf.o
        44          6          0          0          0         84   __2sprintf.o
         8          0          0          0          0         68   __main.o
       392          4         17          0          0         92   __printf_flags_ss_wp.o
        14          0          0          0          0         68   __printf_wp.o
         0          0          0          0          0          0   __rtentry.o
        12          0          0          0          0          0   __rtentry2.o
         6          0          0          0          0          0   __rtentry4.o
        52          8          0          0          0          0   __scatter.o
        26          0          0          0          0          0   __scatter_copy.o
        28          0          0          0          0          0   __scatter_zi.o
         6          0          0          0          0          0   _printf_a.o
         6          0          0          0          0          0   _printf_c.o
        44          0          0          0          0        108   _printf_char.o
        48          6          0          0          0         96   _printf_char_common.o
        36          4          0          0          0         80   _printf_char_file.o
        40          0          0          0          0         68   _printf_charcount.o
         6          0          0          0          0          0   _printf_d.o
       120         16          0          0          0         92   _printf_dec.o
         6          0          0          0          0          0   _printf_e.o
         6          0          0          0          0          0   _printf_f.o
      1050          0          0          0          0        216   _printf_fp_dec.o
       128         16          0          0          0         84   _printf_fp_infnan.o
         6          0          0          0          0          0   _printf_g.o
       148          4         40          0          0        160   _printf_hex_int_ll_ptr.o
         6          0          0          0          0          0   _printf_i.o
       178          0          0          0          0         88   _printf_intcommon.o
        10          0          0          0          0          0   _printf_l.o
         6          0          0          0          0          0   _printf_lc.o
        10          0          0          0          0          0   _printf_ll.o
         6          0          0          0          0          0   _printf_lld.o
         6          0          0          0          0          0   _printf_lli.o
         6          0          0          0          0          0   _printf_llo.o
         6          0          0          0          0          0   _printf_llu.o
         6          0          0          0          0          0   _printf_llx.o
       124         16          0          0          0         92   _printf_longlong_dec.o
         6          0          0          0          0          0   _printf_ls.o
         6          0          0          0          0          0   _printf_n.o
         6          0          0          0          0          0   _printf_o.o
       112         10          0          0          0        124   _printf_oct_int_ll.o
         6          0          0          0          0          0   _printf_p.o
        78          0          0          0          0        108   _printf_pad.o
         0          0          0          0          0          0   _printf_percent.o
         4          0          0          0          0          0   _printf_percent_end.o
         6          0          0          0          0          0   _printf_s.o
        82          0          0          0          0         80   _printf_str.o
        36          0          0          0          0         84   _printf_truncate.o
         6          0          0          0          0          0   _printf_u.o
        44          0          0          0          0        108   _printf_wchar.o
       188          6          8          0          0         92   _printf_wctomb.o
         6          0          0          0          0          0   _printf_x.o
        10          0          0          0          0         68   _sputc.o
        64          0          0          0          0         92   _wcrtomb.o
       220          4        148          0          0         96   bigflt0.o
      1910        128          0          0          0        672   btod.o
        36          4          0          0          0         76   c89vsprintf.o
        18          0          0          0          0         80   exit.o
         8          0          0          0          0         68   ferror.o
         6          0          0          0          0        152   heapauxi.o
        44         10        272          0          0         76   lc_ctype_c.o
        44         10         28          0          0         76   lc_numeric_c.o
         2          0          0          0          0          0   libinit.o
        30          0          0          0          0          0   libinit2.o
         2          0          0          0          0          0   libshutdown.o
         2          0          0          0          0          0   libshutdown2.o
         8          4          0          0         96         68   libspace.o
       138          0          0          0          0         80   lludiv10.o
        16          4          0          0          0         76   rt_ctype_table.o
         8          4          0          0          0         68   rt_locale_intlibspace.o
        78          0          0          0          0         80   rt_memclr_w.o
         2          0          0          0          0          0   rtexit.o
        10          0          0          0          0          0   rtexit2.o
       128          0          0          0          0         68   strcmpv7m.o
        62          0          0          0          0         76   strlen.o
        36          0          0          0          0         80   strstr.o
        74          0          0          0          0         80   sys_stackheap_outer.o
         2          0          0          0          0         68   use_no_semi.o
         2          0          0          0          0         68   use_no_semi_2.o
        90          4          0          0          0         92   dfixu.o
        38          0          0          0          0         68   dflt_clz.o
       340         12          0          0          0        104   dmul.o
       156          4          0          0          0         92   dnaninf.o
        12          0          0          0          0         68   dretinf.o
       430          8          0          0          0        168   faddsub_clz.o
        62          4          0          0          0         84   ffixu.o
        38          0          0          0          0         68   fflt_clz.o
       258          4          0          0          0         84   fmul.o
       140          4          0          0          0         84   fnaninf.o
        10          0          0          0          0         68   fretinf.o
         4          0          0          0          0         68   printf1.o
         0          0          0          0          0          0   usenofp.o
        40          0          0          0          0         68   fpclassify.o

    ----------------------------------------------------------------------
      7804        308        513          0         96       5460   Library Totals
        20          0          0          0          0          0   (incl. Padding)

    ----------------------------------------------------------------------

      Code (inc. data)   RO Data    RW Data    ZI Data      Debug   Library Name

      6166        268        513          0         96       4344   c_w.l
      1578         40          0          0          0       1048   fz_ws.l
        40          0          0          0          0         68   m_ws.l

    ----------------------------------------------------------------------
      7804        308        513          0         96       5460   Library Totals

    ----------------------------------------------------------------------

==============================================================================


      Code (inc. data)   RO Data    RW Data    ZI Data      Debug   

     45318       3108      31390        256      42192     388477   Grand Totals
     45318       3108      31390        256      42192     388477   ELF Image Totals
     45318       3108      31390        256          0          0   ROM Totals

==============================================================================

    Total RO  Size (Code + RO Data)                76708 (  74.91kB)
    Total RW  Size (RW Data + ZI Data)             42448 (  41.45kB)
    Total ROM Size (Code + RO Data + RW Data)      76964 (  75.16kB)

==============================================================================

